Archive member included to satisfy reference by file (symbol)

c:/program files (x86)/gnu tools arm embedded/7 2018-q2-update/bin/../lib/gcc/arm-none-eabi/7.3.1/../../../../arm-none-eabi/lib/thumb/v7e-m/fpv4-sp/hard\libc_nano.a(lib_a-exit.o)
                              c:/program files (x86)/gnu tools arm embedded/7 2018-q2-update/bin/../lib/gcc/arm-none-eabi/7.3.1/../../../../arm-none-eabi/lib/thumb/v7e-m/fpv4-sp/hard/crt0.o (exit)
c:/program files (x86)/gnu tools arm embedded/7 2018-q2-update/bin/../lib/gcc/arm-none-eabi/7.3.1/../../../../arm-none-eabi/lib/thumb/v7e-m/fpv4-sp/hard\libc_nano.a(lib_a-impure.o)
                              c:/program files (x86)/gnu tools arm embedded/7 2018-q2-update/bin/../lib/gcc/arm-none-eabi/7.3.1/../../../../arm-none-eabi/lib/thumb/v7e-m/fpv4-sp/hard\libc_nano.a(lib_a-exit.o) (_global_impure_ptr)
c:/program files (x86)/gnu tools arm embedded/7 2018-q2-update/bin/../lib/gcc/arm-none-eabi/7.3.1/../../../../arm-none-eabi/lib/thumb/v7e-m/fpv4-sp/hard\libc_nano.a(lib_a-init.o)
                              c:/program files (x86)/gnu tools arm embedded/7 2018-q2-update/bin/../lib/gcc/arm-none-eabi/7.3.1/../../../../arm-none-eabi/lib/thumb/v7e-m/fpv4-sp/hard/crt0.o (__libc_init_array)
c:/program files (x86)/gnu tools arm embedded/7 2018-q2-update/bin/../lib/gcc/arm-none-eabi/7.3.1/../../../../arm-none-eabi/lib/thumb/v7e-m/fpv4-sp/hard\libc_nano.a(lib_a-locale.o)
                              _build/nrf52832_xxaa/nrf_log_str_formatter.c.o (__locale_ctype_ptr)
c:/program files (x86)/gnu tools arm embedded/7 2018-q2-update/bin/../lib/gcc/arm-none-eabi/7.3.1/../../../../arm-none-eabi/lib/thumb/v7e-m/fpv4-sp/hard\libc_nano.a(lib_a-mbtowc_r.o)
                              c:/program files (x86)/gnu tools arm embedded/7 2018-q2-update/bin/../lib/gcc/arm-none-eabi/7.3.1/../../../../arm-none-eabi/lib/thumb/v7e-m/fpv4-sp/hard\libc_nano.a(lib_a-locale.o) (__ascii_mbtowc)
c:/program files (x86)/gnu tools arm embedded/7 2018-q2-update/bin/../lib/gcc/arm-none-eabi/7.3.1/../../../../arm-none-eabi/lib/thumb/v7e-m/fpv4-sp/hard\libc_nano.a(lib_a-memcmp.o)
                              _build/nrf52832_xxaa/ble_advdata.c.o (memcmp)
c:/program files (x86)/gnu tools arm embedded/7 2018-q2-update/bin/../lib/gcc/arm-none-eabi/7.3.1/../../../../arm-none-eabi/lib/thumb/v7e-m/fpv4-sp/hard\libc_nano.a(lib_a-memcpy-stub.o)
                              _build/nrf52832_xxaa/nrf_log_frontend.c.o (memcpy)
c:/program files (x86)/gnu tools arm embedded/7 2018-q2-update/bin/../lib/gcc/arm-none-eabi/7.3.1/../../../../arm-none-eabi/lib/thumb/v7e-m/fpv4-sp/hard\libc_nano.a(lib_a-memset.o)
                              c:/program files (x86)/gnu tools arm embedded/7 2018-q2-update/bin/../lib/gcc/arm-none-eabi/7.3.1/../../../../arm-none-eabi/lib/thumb/v7e-m/fpv4-sp/hard/crt0.o (memset)
c:/program files (x86)/gnu tools arm embedded/7 2018-q2-update/bin/../lib/gcc/arm-none-eabi/7.3.1/../../../../arm-none-eabi/lib/thumb/v7e-m/fpv4-sp/hard\libc_nano.a(lib_a-strcmp.o)
                              c:/program files (x86)/gnu tools arm embedded/7 2018-q2-update/bin/../lib/gcc/arm-none-eabi/7.3.1/../../../../arm-none-eabi/lib/thumb/v7e-m/fpv4-sp/hard\libc_nano.a(lib_a-locale.o) (strcmp)
c:/program files (x86)/gnu tools arm embedded/7 2018-q2-update/bin/../lib/gcc/arm-none-eabi/7.3.1/../../../../arm-none-eabi/lib/thumb/v7e-m/fpv4-sp/hard\libc_nano.a(lib_a-strcpy.o)
                              _build/nrf52832_xxaa/SEGGER_RTT.c.o (strcpy)
c:/program files (x86)/gnu tools arm embedded/7 2018-q2-update/bin/../lib/gcc/arm-none-eabi/7.3.1/../../../../arm-none-eabi/lib/thumb/v7e-m/fpv4-sp/hard\libc_nano.a(lib_a-strlen.o)
                              _build/nrf52832_xxaa/nrf_log_frontend.c.o (strlen)
c:/program files (x86)/gnu tools arm embedded/7 2018-q2-update/bin/../lib/gcc/arm-none-eabi/7.3.1/../../../../arm-none-eabi/lib/thumb/v7e-m/fpv4-sp/hard\libc_nano.a(lib_a-wctomb_r.o)
                              c:/program files (x86)/gnu tools arm embedded/7 2018-q2-update/bin/../lib/gcc/arm-none-eabi/7.3.1/../../../../arm-none-eabi/lib/thumb/v7e-m/fpv4-sp/hard\libc_nano.a(lib_a-locale.o) (__ascii_wctomb)
c:/program files (x86)/gnu tools arm embedded/7 2018-q2-update/bin/../lib/gcc/arm-none-eabi/7.3.1/../../../../arm-none-eabi/lib/thumb/v7e-m/fpv4-sp/hard\libc_nano.a(lib_a-ctype_.o)
                              c:/program files (x86)/gnu tools arm embedded/7 2018-q2-update/bin/../lib/gcc/arm-none-eabi/7.3.1/../../../../arm-none-eabi/lib/thumb/v7e-m/fpv4-sp/hard\libc_nano.a(lib_a-locale.o) (_ctype_)
c:/program files (x86)/gnu tools arm embedded/7 2018-q2-update/bin/../lib/gcc/arm-none-eabi/7.3.1/../../../../arm-none-eabi/lib/thumb/v7e-m/fpv4-sp/hard\libnosys.a(_exit.o)
                              c:/program files (x86)/gnu tools arm embedded/7 2018-q2-update/bin/../lib/gcc/arm-none-eabi/7.3.1/../../../../arm-none-eabi/lib/thumb/v7e-m/fpv4-sp/hard\libc_nano.a(lib_a-exit.o) (_exit)
[...]
Memory Configuration

Name             Origin             Length             Attributes
FLASH            0x00026000         0x0005a000         xr
RAM              0x20002218         0x0000dde8         xrw
*default*        0x00000000         0xffffffff

Linker script and memory map


.text           0x00026000     0xf21c
 *(.isr_vector)
 .isr_vector    0x00026000      0x200 _build/nrf52832_xxaa/gcc_startup_nrf52.S.o
                0x00026000                __isr_vector
 *(.text*)
 .text          0x00026200       0x40 c:/program files (x86)/gnu tools arm embedded/7 2018-q2-update/bin/../lib/gcc/arm-none-eabi/7.3.1/thumb/v7e-m/fpv4-sp/hard/crtbegin.o
 .text          0x00026240       0x74 c:/program files (x86)/gnu tools arm embedded/7 2018-q2-update/bin/../lib/gcc/arm-none-eabi/7.3.1/../../../../arm-none-eabi/lib/thumb/v7e-m/fpv4-sp/hard/crt0.o
                0x00026240                _start
                0x00026240                _mainCRTStartup
 .text          0x000262b4       0x3c _build/nrf52832_xxaa/gcc_startup_nrf52.S.o
                0x000262b4                Reset_Handler
                0x000262dc                NMI_Handler
                0x000262de                HardFault_Handler
                0x000262e0                MemoryManagement_Handler
                0x000262e2                BusFault_Handler
                0x000262e4                UsageFault_Handler
                0x000262e6                SVC_Handler
                0x000262e8                DebugMon_Handler
                0x000262ea                PendSV_Handler
                0x000262ec                SysTick_Handler
                0x000262ee                TEMP_IRQHandler
                0x000262ee                QDEC_IRQHandler
                0x000262ee                TIMER3_IRQHandler
                0x000262ee                FPU_IRQHandler
                0x000262ee                PDM_IRQHandler
                0x000262ee                TIMER4_IRQHandler
                0x000262ee                I2S_IRQHandler
                0x000262ee                SWI4_EGU4_IRQHandler
                0x000262ee                TIMER0_IRQHandler
                0x000262ee                RADIO_IRQHandler
                0x000262ee                RTC0_IRQHandler
                0x000262ee                PWM2_IRQHandler
                0x000262ee                ECB_IRQHandler
                0x000262ee                Default_Handler
                0x000262ee                SAADC_IRQHandler
                0x000262ee                CCM_AAR_IRQHandler
                0x000262ee                WDT_IRQHandler
                0x000262ee                PWM1_IRQHandler
                0x000262ee                SWI5_EGU5_IRQHandler
                0x000262ee                RNG_IRQHandler
                0x000262ee                RTC2_IRQHandler
                0x000262ee                PWM0_IRQHandler
                0x000262ee                SWI3_EGU3_IRQHandler
                0x000262ee                SWI1_EGU1_IRQHandler
                0x000262ee                SPIM2_SPIS2_SPI2_IRQHandler
                0x000262ee                NFCT_IRQHandler
                0x000262ee                TIMER1_IRQHandler
                0x000262ee                MWU_IRQHandler
                0x000262ee                TIMER2_IRQHandler
                0x000262ee                COMP_LPCOMP_IRQHandler
 .text.nrf_log_backend_serial_put
                0x000262f0       0xd4 _build/nrf52832_xxaa/nrf_log_backend_serial.c.o
                0x000262f0                nrf_log_backend_serial_put
 .text.uart_evt_handler
                0x000263c4        0xc _build/nrf52832_xxaa/nrf_log_backend_uart.c.o
 .text.nrf_log_backend_uart_flush
                0x000263d0        0x4 _build/nrf52832_xxaa/nrf_log_backend_uart.c.o
 .text.nrf_log_backend_uart_put
                0x000263d4       0x20 _build/nrf52832_xxaa/nrf_log_backend_uart.c.o
 .text.serial_tx
                0x000263f4       0x4c _build/nrf52832_xxaa/nrf_log_backend_uart.c.o
 .text.nrf_log_backend_uart_panic_set
                0x00026440       0x60 _build/nrf52832_xxaa/nrf_log_backend_uart.c.o
 .text.nrf_log_backend_uart_init
                0x000264a0       0x48 _build/nrf52832_xxaa/nrf_log_backend_uart.c.o
                0x000264a0                nrf_log_backend_uart_init
 .text.nrf_log_default_backends_init
                0x000264e8       0x1c _build/nrf52832_xxaa/nrf_log_default_backends.c.o
                0x000264e8                nrf_log_default_backends_init
 .text.log_skip
                0x00026504       0xd0 _build/nrf52832_xxaa/nrf_log_frontend.c.o
 .text.nrf_log_init
                0x000265d4       0x50 _build/nrf52832_xxaa/nrf_log_frontend.c.o
                0x000265d4                nrf_log_init
 .text.nrf_log_module_name_get
                0x00026624       0x5c _build/nrf52832_xxaa/nrf_log_frontend.c.o
                0x00026624                nrf_log_module_name_get
 .text.nrf_log_color_id_get
                0x00026680       0x2c _build/nrf52832_xxaa/nrf_log_frontend.c.o
                0x00026680                nrf_log_color_id_get
 .text.nrf_log_frontend_std_0
                0x000266ac       0xf0 _build/nrf52832_xxaa/nrf_log_frontend.c.o
                0x000266ac                nrf_log_frontend_std_0
 .text.nrf_log_frontend_dequeue.part.6
                0x0002679c      0x258 _build/nrf52832_xxaa/nrf_log_frontend.c.o
 .text.nrf_log_frontend_std_1
                0x000269f4      0x100 _build/nrf52832_xxaa/nrf_log_frontend.c.o
                0x000269f4                nrf_log_frontend_std_1
 .text.nrf_log_frontend_std_2
                0x00026af4      0x104 _build/nrf52832_xxaa/nrf_log_frontend.c.o
                0x00026af4                nrf_log_frontend_std_2
 .text.nrf_log_frontend_std_3
                0x00026bf8      0x110 _build/nrf52832_xxaa/nrf_log_frontend.c.o
                0x00026bf8                nrf_log_frontend_std_3
 .text.nrf_log_frontend_dequeue
                0x00026d08       0x18 _build/nrf52832_xxaa/nrf_log_frontend.c.o
                0x00026d08                nrf_log_frontend_dequeue
 .text.nrf_log_backend_add
                0x00026d20       0x5c _build/nrf52832_xxaa/nrf_log_frontend.c.o
                0x00026d20                nrf_log_backend_add
 .text.nrf_log_panic
                0x00026d7c       0x28 _build/nrf52832_xxaa/nrf_log_frontend.c.o
                0x00026d7c                nrf_log_panic
 .text.nrf_log_std_entry_process
                0x00026da4      0x14c _build/nrf52832_xxaa/nrf_log_str_formatter.c.o
                0x00026da4                nrf_log_std_entry_process
 .text.nrf_log_hexdump_entry_process
                0x00026ef0      0x158 _build/nrf52832_xxaa/nrf_log_str_formatter.c.o
                0x00026ef0                nrf_log_hexdump_entry_process
 .text.app_error_handler_bare
                0x00027048       0x20 _build/nrf52832_xxaa/app_error.c.o
                0x00027048                app_error_handler_bare
 .text.app_error_fault_handler
                0x00027068       0x6c _build/nrf52832_xxaa/app_error_weak.c.o
                0x00027068                app_error_fault_handler
 .text.app_sched_init
                0x000270d4       0x50 _build/nrf52832_xxaa/app_scheduler.c.o
                0x000270d4                app_sched_init
 .text.app_sched_event_put
                0x00027124       0xd4 _build/nrf52832_xxaa/app_scheduler.c.o
                0x00027124                app_sched_event_put
 .text.app_sched_execute
                0x000271f8       0x8c _build/nrf52832_xxaa/app_scheduler.c.o
                0x000271f8                app_sched_execute
 .text.timeout_handler_scheduled_exec
                0x00027284       0x18 _build/nrf52832_xxaa/app_timer.c.o
 .text.RTC1_IRQHandler
                0x0002729c       0xc8 _build/nrf52832_xxaa/app_timer.c.o
                0x0002729c                RTC1_IRQHandler
 .text.SWI0_EGU0_IRQHandler
                0x00027364      0x394 _build/nrf52832_xxaa/app_timer.c.o
                0x00027364                SWI0_EGU0_IRQHandler
 .text.app_timer_init
                0x000276f8       0xa8 _build/nrf52832_xxaa/app_timer.c.o
                0x000276f8                app_timer_init
 .text.app_timer_create
                0x000277a0       0x24 _build/nrf52832_xxaa/app_timer.c.o
                0x000277a0                app_timer_create
 .text.app_timer_start
                0x000277c4       0xac _build/nrf52832_xxaa/app_timer.c.o
                0x000277c4                app_timer_start
 .text.app_timer_stop
                0x00027870       0x74 _build/nrf52832_xxaa/app_timer.c.o
                0x00027870                app_timer_stop
 .text.app_util_critical_region_enter
                0x000278e4       0x4c _build/nrf52832_xxaa/app_util_platform.c.o
                0x000278e4                app_util_critical_region_enter
 .text.app_util_critical_region_exit
                0x00027930       0x30 _build/nrf52832_xxaa/app_util_platform.c.o
                0x00027930                app_util_critical_region_exit
 .text.record_find_by_desc
                0x00027960       0xf4 _build/nrf52832_xxaa/fds.c.o
 .text.gc_record_find_next
                0x00027a54       0xe0 _build/nrf52832_xxaa/fds.c.o
 .text.queue_process
                0x00027b34      0x860 _build/nrf52832_xxaa/fds.c.o
 .text.fs_event_handler
                0x00028394        0x8 _build/nrf52832_xxaa/fds.c.o
 .text.fds_register
                0x0002839c       0x2c _build/nrf52832_xxaa/fds.c.o
                0x0002839c                fds_register
 .text.fds_init
                0x000283c8      0x3a0 _build/nrf52832_xxaa/fds.c.o
                0x000283c8                fds_init
 .text.fds_record_open
                0x00028768       0x50 _build/nrf52832_xxaa/fds.c.o
                0x00028768                fds_record_open
 .text.fds_record_close
                0x000287b8       0x4c _build/nrf52832_xxaa/fds.c.o
                0x000287b8                fds_record_close
 .text.fds_reserve
                0x00028804       0x84 _build/nrf52832_xxaa/fds.c.o
                0x00028804                fds_reserve
 .text.fds_reserve_cancel
                0x00028888       0x58 _build/nrf52832_xxaa/fds.c.o
                0x00028888                fds_reserve_cancel
 .text.fds_record_write
                0x000288e0      0x13c _build/nrf52832_xxaa/fds.c.o
                0x000288e0                fds_record_write
 .text.fds_record_write_reserved
                0x00028a1c       0xf8 _build/nrf52832_xxaa/fds.c.o
                0x00028a1c                fds_record_write_reserved
 .text.fds_record_update
                0x00028b14      0x140 _build/nrf52832_xxaa/fds.c.o
                0x00028b14                fds_record_update
 .text.fds_file_delete
                0x00028c54       0x70 _build/nrf52832_xxaa/fds.c.o
                0x00028c54                fds_file_delete
 .text.fds_gc   0x00028cc4       0x78 _build/nrf52832_xxaa/fds.c.o
                0x00028cc4                fds_gc
 .text.fds_record_find
                0x00028d3c       0xe4 _build/nrf52832_xxaa/fds.c.o
                0x00028d3c                fds_record_find
 .text.fds_record_find_by_key
                0x00028e20       0xdc _build/nrf52832_xxaa/fds.c.o
                0x00028e20                fds_record_find_by_key
 .text.fds_record_find_in_file
                0x00028efc       0xdc _build/nrf52832_xxaa/fds.c.o
                0x00028efc                fds_record_find_in_file
 .text.fds_record_id_from_desc
                0x00028fd8       0x10 _build/nrf52832_xxaa/fds.c.o
                0x00028fd8                fds_record_id_from_desc
 .text.nrf_atfifo_init
                0x00028fe8       0x30 _build/nrf52832_xxaa/nrf_atfifo.c.o
                0x00028fe8                nrf_atfifo_init
 .text.nrf_atfifo_clear
                0x00029018       0x44 _build/nrf52832_xxaa/nrf_atfifo.c.o
                0x00029018                nrf_atfifo_clear
 .text.nrf_atfifo_item_alloc
                0x0002905c       0x58 _build/nrf52832_xxaa/nrf_atfifo.c.o
                0x0002905c                nrf_atfifo_item_alloc
 .text.nrf_atfifo_item_put
                0x000290b4       0x20 _build/nrf52832_xxaa/nrf_atfifo.c.o
                0x000290b4                nrf_atfifo_item_put
 .text.nrf_atfifo_item_get
                0x000290d4       0x5c _build/nrf52832_xxaa/nrf_atfifo.c.o
                0x000290d4                nrf_atfifo_item_get
 .text.nrf_atfifo_item_free
                0x00029130       0x20 _build/nrf52832_xxaa/nrf_atfifo.c.o
                0x00029130                nrf_atfifo_item_free
 .text.nrf_atflags_set
                0x00029150       0x14 _build/nrf52832_xxaa/nrf_atflags.c.o
                0x00029150                nrf_atflags_set
 .text.nrf_atflags_clear
                0x00029164       0x14 _build/nrf52832_xxaa/nrf_atflags.c.o
                0x00029164                nrf_atflags_clear
 .text.nrf_atflags_get
                0x00029178       0x14 _build/nrf52832_xxaa/nrf_atflags.c.o
                0x00029178                nrf_atflags_get
 .text.nrf_atflags_find_and_set_flag
                0x0002918c       0x88 _build/nrf52832_xxaa/nrf_atflags.c.o
                0x0002918c                nrf_atflags_find_and_set_flag
 .text.nrf_atomic_u32_fetch_store
                0x00029214       0x14 _build/nrf52832_xxaa/nrf_atomic.c.o
                0x00029214                nrf_atomic_u32_fetch_store
 .text.nrf_atomic_u32_fetch_or
                0x00029228       0x18 _build/nrf52832_xxaa/nrf_atomic.c.o
                0x00029228                nrf_atomic_u32_fetch_or
 .text.nrf_atomic_u32_or
                0x00029240       0x18 _build/nrf52832_xxaa/nrf_atomic.c.o
                0x00029240                nrf_atomic_u32_or
 .text.nrf_atomic_u32_and
                0x00029258       0x18 _build/nrf52832_xxaa/nrf_atomic.c.o
                0x00029258                nrf_atomic_u32_and
 .text.nrf_atomic_u32_fetch_add
                0x00029270       0x18 _build/nrf52832_xxaa/nrf_atomic.c.o
                0x00029270                nrf_atomic_u32_fetch_add
 .text.nrf_atomic_u32_add
                0x00029288       0x18 _build/nrf52832_xxaa/nrf_atomic.c.o
                0x00029288                nrf_atomic_u32_add
 .text.nrf_atomic_u32_sub
                0x000292a0       0x18 _build/nrf52832_xxaa/nrf_atomic.c.o
                0x000292a0                nrf_atomic_u32_sub
 .text.nrf_atomic_flag_set_fetch
                0x000292b8       0x18 _build/nrf52832_xxaa/nrf_atomic.c.o
                0x000292b8                nrf_atomic_flag_set_fetch
 .text.nrf_atomic_flag_set
                0x000292d0       0x18 _build/nrf52832_xxaa/nrf_atomic.c.o
                0x000292d0                nrf_atomic_flag_set
 .text.nrf_atomic_flag_clear_fetch
                0x000292e8       0x18 _build/nrf52832_xxaa/nrf_atomic.c.o
                0x000292e8                nrf_atomic_flag_clear_fetch
 .text.nrf_balloc_init
                0x00029300       0x38 _build/nrf52832_xxaa/nrf_balloc.c.o
                0x00029300                nrf_balloc_init
 .text.nrf_balloc_alloc
                0x00029338       0x50 _build/nrf52832_xxaa/nrf_balloc.c.o
                0x00029338                nrf_balloc_alloc
 .text.nrf_balloc_free
                0x00029388       0x38 _build/nrf52832_xxaa/nrf_balloc.c.o
                0x00029388                nrf_balloc_free
 .text.nrf_fprintf_buffer_flush
                0x000293c0       0x18 _build/nrf52832_xxaa/nrf_fprintf.c.o
                0x000293c0                nrf_fprintf_buffer_flush
 .text.nrf_fprintf
                0x000293d8       0x20 _build/nrf52832_xxaa/nrf_fprintf.c.o
                0x000293d8                nrf_fprintf
 .text.unsigned_print
                0x000293f8      0x10c _build/nrf52832_xxaa/nrf_fprintf_format.c.o
 .text.nrf_fprintf_fmt
                0x00029504      0x5c4 _build/nrf52832_xxaa/nrf_fprintf_format.c.o
                0x00029504                nrf_fprintf_fmt
 .text.nrf_fstorage_init
                0x00029ac8       0x54 _build/nrf52832_xxaa/nrf_fstorage.c.o
                0x00029ac8                nrf_fstorage_init
 .text.nrf_fstorage_write
                0x00029b1c      0x128 _build/nrf52832_xxaa/nrf_fstorage.c.o
                0x00029b1c                nrf_fstorage_write
 .text.nrf_fstorage_erase
                0x00029c44       0xe0 _build/nrf52832_xxaa/nrf_fstorage.c.o
                0x00029c44                nrf_fstorage_erase
 .text.nrf_fstorage_is_busy
                0x00029d24       0x50 _build/nrf52832_xxaa/nrf_fstorage.c.o
                0x00029d24                nrf_fstorage_is_busy
 .text.sd_flash_write
                0x00029d74        0x4 _build/nrf52832_xxaa/nrf_fstorage_sd.c.o
 .text.sd_flash_page_erase
                0x00029d78        0x4 _build/nrf52832_xxaa/nrf_fstorage_sd.c.o
 .text.rmap     0x00029d7c        0x4 _build/nrf52832_xxaa/nrf_fstorage_sd.c.o
 .text.wmap     0x00029d80        0x4 _build/nrf52832_xxaa/nrf_fstorage_sd.c.o
 .text.is_busy  0x00029d84       0x10 _build/nrf52832_xxaa/nrf_fstorage_sd.c.o
 .text.nrf_fstorage_sdh_req_handler
                0x00029d94       0x14 _build/nrf52832_xxaa/nrf_fstorage_sd.c.o
                0x00029d94                nrf_fstorage_sdh_req_handler
 .text.read     0x00029da8       0x10 _build/nrf52832_xxaa/nrf_fstorage_sd.c.o
 .text.uninit   0x00029db8       0x20 _build/nrf52832_xxaa/nrf_fstorage_sd.c.o
 .text.init     0x00029dd8       0x38 _build/nrf52832_xxaa/nrf_fstorage_sd.c.o
 .text.queue_process
                0x00029e10      0x18c _build/nrf52832_xxaa/nrf_fstorage_sd.c.o
 .text.write    0x00029f9c       0x70 _build/nrf52832_xxaa/nrf_fstorage_sd.c.o
 .text.erase    0x0002a00c       0x6c _build/nrf52832_xxaa/nrf_fstorage_sd.c.o
 .text.nrf_fstorage_sdh_state_handler
                0x0002a078      0x1a0 _build/nrf52832_xxaa/nrf_fstorage_sd.c.o
                0x0002a078                nrf_fstorage_sdh_state_handler
 .text.nrf_fstorage_sys_evt_handler
                0x0002a218      0x254 _build/nrf52832_xxaa/nrf_fstorage_sd.c.o
                0x0002a218                nrf_fstorage_sys_evt_handler
 .text.nrf_memobj_pool_init
                0x0002a46c        0x4 _build/nrf52832_xxaa/nrf_memobj.c.o
                0x0002a46c                nrf_memobj_pool_init
 .text.nrf_memobj_alloc
                0x0002a470       0x84 _build/nrf52832_xxaa/nrf_memobj.c.o
                0x0002a470                nrf_memobj_alloc
 .text.nrf_memobj_get
                0x0002a4f4        0x8 _build/nrf52832_xxaa/nrf_memobj.c.o
                0x0002a4f4                nrf_memobj_get
 .text.nrf_memobj_put
                0x0002a4fc       0x44 _build/nrf52832_xxaa/nrf_memobj.c.o
                0x0002a4fc                nrf_memobj_put
 .text.nrf_memobj_write
                0x0002a540       0x5c _build/nrf52832_xxaa/nrf_memobj.c.o
                0x0002a540                nrf_memobj_write
 .text.nrf_memobj_read
                0x0002a59c       0x5c _build/nrf52832_xxaa/nrf_memobj.c.o
                0x0002a59c                nrf_memobj_read
 .text.sd_app_evt_wait
                0x0002a5f8        0x4 _build/nrf52832_xxaa/nrf_pwr_mgmt.c.o
 .text.nrf_pwr_mgmt_init
                0x0002a5fc       0x2c _build/nrf52832_xxaa/nrf_pwr_mgmt.c.o
                0x0002a5fc                nrf_pwr_mgmt_init
 .text.nrf_pwr_mgmt_run
                0x0002a628       0x50 _build/nrf52832_xxaa/nrf_pwr_mgmt.c.o
                0x0002a628                nrf_pwr_mgmt_run
 .text.nrf_section_iter_init
                0x0002a678       0x14 _build/nrf52832_xxaa/nrf_section_iter.c.o
                0x0002a678                nrf_section_iter_init
 .text.nrf_section_iter_next
                0x0002a68c       0x18 _build/nrf52832_xxaa/nrf_section_iter.c.o
                0x0002a68c                nrf_section_iter_next
 .text.nrf_strerror_get
                0x0002a6a4       0x6c _build/nrf52832_xxaa/nrf_strerror.c.o
                0x0002a6a4                nrf_strerror_get
 .text.sensorsim_init
                0x0002a710       0x1c _build/nrf52832_xxaa/sensorsim.c.o
                0x0002a710                sensorsim_init
 .text.sensorsim_measure
                0x0002a72c       0x48 _build/nrf52832_xxaa/sensorsim.c.o
                0x0002a72c                sensorsim_measure
 .text.SystemInit
                0x0002a774      0x3c0 _build/nrf52832_xxaa/system_nrf52.c.o
                0x0002a774                SystemInit
 .text.bsp_board_led_state_get
                0x0002ab34       0x1c _build/nrf52832_xxaa/boards.c.o
                0x0002ab34                bsp_board_led_state_get
 .text.bsp_board_led_on
                0x0002ab50       0x18 _build/nrf52832_xxaa/boards.c.o
                0x0002ab50                bsp_board_led_on
 .text.bsp_board_led_off
                0x0002ab68       0x18 _build/nrf52832_xxaa/boards.c.o
                0x0002ab68                bsp_board_led_off
 .text.bsp_board_leds_off
                0x0002ab80       0x20 _build/nrf52832_xxaa/boards.c.o
                0x0002ab80                bsp_board_leds_off
 .text.bsp_board_leds_on
                0x0002aba0       0x20 _build/nrf52832_xxaa/boards.c.o
                0x0002aba0                bsp_board_leds_on
 .text.bsp_board_led_invert
                0x0002abc0       0x24 _build/nrf52832_xxaa/boards.c.o
                0x0002abc0                bsp_board_led_invert
 .text.bsp_board_button_idx_to_pin
                0x0002abe4        0x4 _build/nrf52832_xxaa/boards.c.o
                0x0002abe4                bsp_board_button_idx_to_pin
 .text.clock_irq_handler
                0x0002abe8       0x44 _build/nrf52832_xxaa/nrf_drv_clock.c.o
 .text.soc_evt_handler
                0x0002ac2c       0x28 _build/nrf52832_xxaa/nrf_drv_clock.c.o
 .text.sd_state_evt_handler
                0x0002ac54       0xa0 _build/nrf52832_xxaa/nrf_drv_clock.c.o
 .text.uarte_evt_handler
                0x0002acf4       0x34 _build/nrf52832_xxaa/nrf_drv_uart.c.o
 .text.uart_evt_handler
                0x0002ad28       0x34 _build/nrf52832_xxaa/nrf_drv_uart.c.o
 .text.nrf_drv_uart_init
                0x0002ad5c       0x80 _build/nrf52832_xxaa/nrf_drv_uart.c.o
                0x0002ad5c                nrf_drv_uart_init
 .text.twim_evt_handler
                0x0002addc       0x48 _build/nrf52832_xxaa/nrf_drv_twi.c.o
 .text.nrf_drv_twi_init
                0x0002ae24       0xfc _build/nrf52832_xxaa/nrf_drv_twi.c.o
                0x0002ae24                nrf_drv_twi_init
 .text.nrfx_clock_init
                0x0002af20       0x1c _build/nrf52832_xxaa/nrfx_clock.c.o
                0x0002af20                nrfx_clock_init
 .text.nrfx_clock_enable
                0x0002af3c       0x28 _build/nrf52832_xxaa/nrfx_clock.c.o
                0x0002af3c                nrfx_clock_enable
 .text.nrfx_clock_lfclk_stop
                0x0002af64       0x18 _build/nrf52832_xxaa/nrfx_clock.c.o
                0x0002af64                nrfx_clock_lfclk_stop
 .text.POWER_CLOCK_IRQHandler
                0x0002af7c       0x64 _build/nrf52832_xxaa/nrfx_clock.c.o
                0x0002af7c                POWER_CLOCK_IRQHandler
 .text.GPIOTE_IRQHandler
                0x0002afe0      0x548 _build/nrf52832_xxaa/nrfx_gpiote.c.o
                0x0002afe0                GPIOTE_IRQHandler
 .text.UARTE0_UART0_IRQHandler
                0x0002b528        0xc _build/nrf52832_xxaa/nrfx_prs.c.o
                0x0002b528                UARTE0_UART0_IRQHandler
 .text.nrfx_prs_acquire
                0x0002b534       0x4c _build/nrf52832_xxaa/nrfx_prs.c.o
                0x0002b534                nrfx_prs_acquire
 .text.nrfx_prs_release
                0x0002b580       0x18 _build/nrf52832_xxaa/nrfx_prs.c.o
                0x0002b580                nrfx_prs_release
 .text.SPIM1_SPIS1_TWIM1_TWIS1_SPI1_TWI1_IRQHandler
                0x0002b598      0x184 _build/nrf52832_xxaa/nrfx_twim.c.o
                0x0002b598                SPIM1_SPIS1_TWIM1_TWIS1_SPI1_TWI1_IRQHandler
 .text.SPIM0_SPIS0_TWIM0_TWIS0_SPI0_TWI0_IRQHandler
                0x0002b71c      0x178 _build/nrf52832_xxaa/nrfx_twim.c.o
                0x0002b71c                SPIM0_SPIS0_TWIM0_TWIS0_SPI0_TWI0_IRQHandler
 .text.nrfx_twim_init
                0x0002b894      0x100 _build/nrf52832_xxaa/nrfx_twim.c.o
                0x0002b894                nrfx_twim_init
 .text.nrfx_twim_enable
                0x0002b994       0x20 _build/nrf52832_xxaa/nrfx_twim.c.o
                0x0002b994                nrfx_twim_enable
 .text.nrfx_twim_rx
                0x0002b9b4      0x154 _build/nrf52832_xxaa/nrfx_twim.c.o
                0x0002b9b4                nrfx_twim_rx
 .text.nrfx_uart_0_irq_handler
                0x0002bb08      0x1bc _build/nrf52832_xxaa/nrfx_uart.c.o
                0x0002bb08                nrfx_uart_0_irq_handler
 .text.nrfx_uart_init
                0x0002bcc4      0x1a4 _build/nrf52832_xxaa/nrfx_uart.c.o
                0x0002bcc4                nrfx_uart_init
 .text.nrfx_uart_uninit
                0x0002be68       0xcc _build/nrf52832_xxaa/nrfx_uart.c.o
                0x0002be68                nrfx_uart_uninit
 .text.nrfx_uart_tx
                0x0002bf34       0xcc _build/nrf52832_xxaa/nrfx_uart.c.o
                0x0002bf34                nrfx_uart_tx
 .text.nrfx_uarte_0_irq_handler
                0x0002c000      0x128 _build/nrf52832_xxaa/nrfx_uarte.c.o
                0x0002c000                nrfx_uarte_0_irq_handler
 .text.nrfx_uarte_init
                0x0002c128      0x1c4 _build/nrf52832_xxaa/nrfx_uarte.c.o
                0x0002c128                nrfx_uarte_init
 .text.nrfx_uarte_uninit
                0x0002c2ec       0xd0 _build/nrf52832_xxaa/nrfx_uarte.c.o
                0x0002c2ec                nrfx_uarte_uninit
 .text.nrfx_uarte_tx
                0x0002c3bc       0xa0 _build/nrf52832_xxaa/nrfx_uarte.c.o
                0x0002c3bc                nrfx_uarte_tx
 .text.bsp_indication_set
                0x0002c45c      0x304 _build/nrf52832_xxaa/bsp.c.o
                0x0002c45c                bsp_indication_set
 .text.bsp_event_to_button_action_assign
                0x0002c760       0x3c _build/nrf52832_xxaa/bsp.c.o
                0x0002c760                bsp_event_to_button_action_assign
 .text.bsp_wakeup_button_enable
                0x0002c79c       0x30 _build/nrf52832_xxaa/bsp.c.o
                0x0002c79c                bsp_wakeup_button_enable
 .text.ble_evt_handler
                0x0002c7cc       0xac _build/nrf52832_xxaa/bsp_btn_ble.c.o
 .text.bsp_btn_ble_sleep_mode_prepare
                0x0002c878       0x24 _build/nrf52832_xxaa/bsp_btn_ble.c.o
                0x0002c878                bsp_btn_ble_sleep_mode_prepare
 .text.sd_power_system_off
                0x0002c89c        0x4 _build/nrf52832_xxaa/main.c.o
 .text.sd_ble_gap_disconnect
                0x0002c8a0        0x4 _build/nrf52832_xxaa/main.c.o
 .text.sd_ble_gap_appearance_set
                0x0002c8a4        0x4 _build/nrf52832_xxaa/main.c.o
 .text.sd_ble_gap_ppcp_set
                0x0002c8a8        0x4 _build/nrf52832_xxaa/main.c.o
 .text.sd_ble_gap_device_name_set
                0x0002c8ac        0x4 _build/nrf52832_xxaa/main.c.o
 .text.sd_ble_gap_phy_update
                0x0002c8b0        0x4 _build/nrf52832_xxaa/main.c.o
 .text.on_hids_evt
                0x0002c8b4        0x4 _build/nrf52832_xxaa/main.c.o
 .text.service_error_handler
                0x0002c8b8        0x4 _build/nrf52832_xxaa/main.c.o
 .text.battery_level_meas_timeout_handler
                0x0002c8bc       0x44 _build/nrf52832_xxaa/main.c.o
 .text.ble_evt_handler
                0x0002c900       0x98 _build/nrf52832_xxaa/main.c.o
 .text.on_adv_evt
                0x0002c998      0x170 _build/nrf52832_xxaa/main.c.o
 .text.twi_handler
                0x0002cb08       0x2c _build/nrf52832_xxaa/main.c.o
                0x0002cb08                twi_handler
 .text.advertising_start.part.2
                0x0002cb34       0x94 _build/nrf52832_xxaa/main.c.o
 .text.pm_evt_handler
                0x0002cbc8      0x114 _build/nrf52832_xxaa/main.c.o
 .text.conn_params_error_handler
                0x0002ccdc        0x4 _build/nrf52832_xxaa/main.c.o
 .text.ble_advertising_error_handler
                0x0002cce0        0x4 _build/nrf52832_xxaa/main.c.o
 .text.nrf_qwr_error_handler
                0x0002cce4        0x4 _build/nrf52832_xxaa/main.c.o
 .text.mgc3130_get_data
                0x0002cce8       0x9c _build/nrf52832_xxaa/main.c.o
                0x0002cce8                mgc3130_get_data
 .text.mgc3130_init
                0x0002cd84       0x80 _build/nrf52832_xxaa/main.c.o
                0x0002cd84                mgc3130_init
 .text.twi_init
                0x0002ce04       0x44 _build/nrf52832_xxaa/main.c.o
                0x0002ce04                twi_init
 .text.startup.main
                0x0002ce48      0x60c _build/nrf52832_xxaa/main.c.o
                0x0002ce48                main
 .text.sd_ble_gap_addr_get
                0x0002d454        0x4 _build/nrf52832_xxaa/ble_advdata.c.o
 .text.sd_ble_gap_appearance_get
                0x0002d458        0x4 _build/nrf52832_xxaa/ble_advdata.c.o
 .text.sd_ble_gap_device_name_get
                0x0002d45c        0x4 _build/nrf52832_xxaa/ble_advdata.c.o
 .text.sd_ble_uuid_encode
                0x0002d460        0x4 _build/nrf52832_xxaa/ble_advdata.c.o
 .text.uuid_list_sized_encode
                0x0002d464       0xb4 _build/nrf52832_xxaa/ble_advdata.c.o
 .text.ble_advdata_encode
                0x0002d518      0x3f8 _build/nrf52832_xxaa/ble_advdata.c.o
                0x0002d518                ble_advdata_encode
 .text.ble_advdata_parse
                0x0002d910       0x4c _build/nrf52832_xxaa/ble_advdata.c.o
                0x0002d910                ble_advdata_parse
 .text.sd_ble_gap_adv_set_configure
                0x0002d95c        0x4 _build/nrf52832_xxaa/ble_advertising.c.o
 .text.sd_ble_gap_adv_start
                0x0002d960        0x4 _build/nrf52832_xxaa/ble_advertising.c.o
 .text.sd_ble_gap_adv_stop
                0x0002d964        0x4 _build/nrf52832_xxaa/ble_advertising.c.o
 .text.ble_advertising_start.part.3
                0x0002d968      0x2d0 _build/nrf52832_xxaa/ble_advertising.c.o
 .text.ble_advertising_conn_cfg_tag_set
                0x0002dc38        0x8 _build/nrf52832_xxaa/ble_advertising.c.o
                0x0002dc38                ble_advertising_conn_cfg_tag_set
 .text.ble_advertising_init
                0x0002dc40       0xec _build/nrf52832_xxaa/ble_advertising.c.o
                0x0002dc40                ble_advertising_init
 .text.ble_advertising_start
                0x0002dd2c      0x2d8 _build/nrf52832_xxaa/ble_advertising.c.o
                0x0002dd2c                ble_advertising_start
 .text.ble_advertising_on_ble_evt
                0x0002e004       0x98 _build/nrf52832_xxaa/ble_advertising.c.o
                0x0002e004                ble_advertising_on_ble_evt
 .text.ble_advertising_on_sys_evt
                0x0002e09c       0x44 _build/nrf52832_xxaa/ble_advertising.c.o
                0x0002e09c                ble_advertising_on_sys_evt
 .text.ble_advertising_peer_addr_reply
                0x0002e0e0       0x20 _build/nrf52832_xxaa/ble_advertising.c.o
                0x0002e0e0                ble_advertising_peer_addr_reply
 .text.ble_advertising_whitelist_reply
                0x0002e100       0x2c _build/nrf52832_xxaa/ble_advertising.c.o
                0x0002e100                ble_advertising_whitelist_reply
 .text.ble_advertising_restart_without_whitelist
                0x0002e12c       0x78 _build/nrf52832_xxaa/ble_advertising.c.o
                0x0002e12c                ble_advertising_restart_without_whitelist
 .text.sd_ble_gap_conn_param_update
                0x0002e1a4        0x4 _build/nrf52832_xxaa/ble_conn_params.c.o
 .text.sd_ble_gap_disconnect
                0x0002e1a8        0x4 _build/nrf52832_xxaa/ble_conn_params.c.o
 .text.sd_ble_gap_ppcp_set
                0x0002e1ac        0x4 _build/nrf52832_xxaa/ble_conn_params.c.o
 .text.sd_ble_gap_ppcp_get
                0x0002e1b0        0x4 _build/nrf52832_xxaa/ble_conn_params.c.o
 .text.update_timeout_handler
                0x0002e1b4       0x80 _build/nrf52832_xxaa/ble_conn_params.c.o
 .text.ble_evt_handler
                0x0002e234      0x1d4 _build/nrf52832_xxaa/ble_conn_params.c.o
 .text.ble_conn_params_init
                0x0002e408       0x7c _build/nrf52832_xxaa/ble_conn_params.c.o
                0x0002e408                ble_conn_params_init
 .text.ble_evt_handler
                0x0002e484      0x124 _build/nrf52832_xxaa/ble_conn_state.c.o
 .text.ble_conn_state_role
                0x0002e5a8       0x34 _build/nrf52832_xxaa/ble_conn_state.c.o
                0x0002e5a8                ble_conn_state_role
 .text.ble_conn_state_status
                0x0002e5dc       0x34 _build/nrf52832_xxaa/ble_conn_state.c.o
                0x0002e5dc                ble_conn_state_status
 .text.ble_conn_state_encrypted
                0x0002e610       0x30 _build/nrf52832_xxaa/ble_conn_state.c.o
                0x0002e610                ble_conn_state_encrypted
 .text.ble_conn_state_conn_handles
                0x0002e640       0x54 _build/nrf52832_xxaa/ble_conn_state.c.o
                0x0002e640                ble_conn_state_conn_handles
 .text.ble_conn_state_conn_idx
                0x0002e694       0x24 _build/nrf52832_xxaa/ble_conn_state.c.o
                0x0002e694                ble_conn_state_conn_idx
 .text.ble_conn_state_user_flag_acquire
                0x0002e6b8       0x14 _build/nrf52832_xxaa/ble_conn_state.c.o
                0x0002e6b8                ble_conn_state_user_flag_acquire
 .text.ble_conn_state_user_flag_get
                0x0002e6cc       0x38 _build/nrf52832_xxaa/ble_conn_state.c.o
                0x0002e6cc                ble_conn_state_user_flag_get
 .text.ble_conn_state_user_flag_set
                0x0002e704       0x44 _build/nrf52832_xxaa/ble_conn_state.c.o
                0x0002e704                ble_conn_state_user_flag_set
 .text.ble_conn_state_for_each_set_user_flag
                0x0002e748       0x58 _build/nrf52832_xxaa/ble_conn_state.c.o
                0x0002e748                ble_conn_state_for_each_set_user_flag
 .text.blcm_link_ctx_get
                0x0002e7a0       0x4c _build/nrf52832_xxaa/ble_link_ctx_manager.c.o
                0x0002e7a0                blcm_link_ctx_get
 .text.ble_srv_is_notification_enabled
                0x0002e7ec        0x8 _build/nrf52832_xxaa/ble_srv_common.c.o
                0x0002e7ec                ble_srv_is_notification_enabled
 .text.ble_srv_report_ref_encode
                0x0002e7f4        0xc _build/nrf52832_xxaa/ble_srv_common.c.o
                0x0002e7f4                ble_srv_report_ref_encode
 .text.ble_srv_ascii_to_utf8
                0x0002e800       0x14 _build/nrf52832_xxaa/ble_srv_common.c.o
                0x0002e800                ble_srv_ascii_to_utf8
 .text.db_update_pending_handle
                0x0002e814       0xbc _build/nrf52832_xxaa/gatt_cache_manager.c.o
 .text.local_db_apply_in_evt
                0x0002e8d0       0xb8 _build/nrf52832_xxaa/gatt_cache_manager.c.o
 .text.sc_send_pending_handle
                0x0002e988       0xcc _build/nrf52832_xxaa/gatt_cache_manager.c.o
 .text.apply_pending_handle
                0x0002ea54       0xb8 _build/nrf52832_xxaa/gatt_cache_manager.c.o
 .text.gcm_im_evt_handler
                0x0002eb0c       0xe4 _build/nrf52832_xxaa/gatt_cache_manager.c.o
                0x0002eb0c                gcm_im_evt_handler
 .text.gcm_pdb_evt_handler
                0x0002ebf0       0xa8 _build/nrf52832_xxaa/gatt_cache_manager.c.o
                0x0002ebf0                gcm_pdb_evt_handler
 .text.gcm_init
                0x0002ec98       0x5c _build/nrf52832_xxaa/gatt_cache_manager.c.o
                0x0002ec98                gcm_init
 .text.gcm_ble_evt_handler
                0x0002ecf4       0xd4 _build/nrf52832_xxaa/gatt_cache_manager.c.o
                0x0002ecf4                gcm_ble_evt_handler
 .text.sd_ble_gatts_service_changed
                0x0002edc8        0x4 _build/nrf52832_xxaa/gatts_cache_manager.c.o
 .text.sd_ble_gatts_sys_attr_set
                0x0002edcc        0x4 _build/nrf52832_xxaa/gatts_cache_manager.c.o
 .text.sd_ble_gatts_sys_attr_get
                0x0002edd0        0x4 _build/nrf52832_xxaa/gatts_cache_manager.c.o
 .text.sd_ble_gatts_initial_user_handle_get
                0x0002edd4        0x4 _build/nrf52832_xxaa/gatts_cache_manager.c.o
 .text.gscm_pdb_evt_handler
                0x0002edd8       0x58 _build/nrf52832_xxaa/gatts_cache_manager.c.o
                0x0002edd8                gscm_pdb_evt_handler
 .text.gscm_init
                0x0002ee30       0x10 _build/nrf52832_xxaa/gatts_cache_manager.c.o
                0x0002ee30                gscm_init
 .text.gscm_local_db_cache_update
                0x0002ee40       0x9c _build/nrf52832_xxaa/gatts_cache_manager.c.o
                0x0002ee40                gscm_local_db_cache_update
 .text.gscm_local_db_cache_apply
                0x0002eedc       0x84 _build/nrf52832_xxaa/gatts_cache_manager.c.o
                0x0002eedc                gscm_local_db_cache_apply
 .text.gscm_service_changed_ind_needed
                0x0002ef60       0x2c _build/nrf52832_xxaa/gatts_cache_manager.c.o
                0x0002ef60                gscm_service_changed_ind_needed
 .text.gscm_service_changed_ind_send
                0x0002ef8c       0x38 _build/nrf52832_xxaa/gatts_cache_manager.c.o
                0x0002ef8c                gscm_service_changed_ind_send
 .text.gscm_db_change_notification_done
                0x0002efc4       0x24 _build/nrf52832_xxaa/gatts_cache_manager.c.o
                0x0002efc4                gscm_db_change_notification_done
 .text.sd_ble_gap_whitelist_set
                0x0002efe8        0x4 _build/nrf52832_xxaa/id_manager.c.o
 .text.sd_ble_gap_device_identities_set
                0x0002efec        0x4 _build/nrf52832_xxaa/id_manager.c.o
 .text.sd_ecb_block_encrypt
                0x0002eff0        0x4 _build/nrf52832_xxaa/id_manager.c.o
 .text.peers_id_keys_get
                0x0002eff4      0x1f8 _build/nrf52832_xxaa/id_manager.c.o
 .text.im_ble_evt_handler
                0x0002f1ec      0x274 _build/nrf52832_xxaa/id_manager.c.o
                0x0002f1ec                im_ble_evt_handler
 .text.im_is_duplicate_bonding_data
                0x0002f460      0x100 _build/nrf52832_xxaa/id_manager.c.o
                0x0002f460                im_is_duplicate_bonding_data
 .text.im_find_duplicate_bonding_data
                0x0002f560       0x40 _build/nrf52832_xxaa/id_manager.c.o
                0x0002f560                im_find_duplicate_bonding_data
 .text.im_init  0x0002f5a0       0x34 _build/nrf52832_xxaa/id_manager.c.o
                0x0002f5a0                im_init
 .text.im_peer_id_get_by_conn_handle
                0x0002f5d4       0x40 _build/nrf52832_xxaa/id_manager.c.o
                0x0002f5d4                im_peer_id_get_by_conn_handle
 .text.im_ble_addr_get
                0x0002f614       0x50 _build/nrf52832_xxaa/id_manager.c.o
                0x0002f614                im_ble_addr_get
 .text.im_master_ids_compare
                0x0002f664       0x44 _build/nrf52832_xxaa/id_manager.c.o
                0x0002f664                im_master_ids_compare
 .text.im_peer_id_get_by_master_id
                0x0002f6a8       0xf0 _build/nrf52832_xxaa/id_manager.c.o
                0x0002f6a8                im_peer_id_get_by_master_id
 .text.im_conn_handle_get
                0x0002f798       0x38 _build/nrf52832_xxaa/id_manager.c.o
                0x0002f798                im_conn_handle_get
 .text.im_new_peer_id
                0x0002f7d0       0x3c _build/nrf52832_xxaa/id_manager.c.o
                0x0002f7d0                im_new_peer_id
 .text.im_peer_free
                0x0002f80c       0x7c _build/nrf52832_xxaa/id_manager.c.o
                0x0002f80c                im_peer_free
 .text.im_device_identities_list_set
                0x0002f888       0xc4 _build/nrf52832_xxaa/id_manager.c.o
                0x0002f888                im_device_identities_list_set
 .text.im_whitelist_get
                0x0002f94c       0x3c _build/nrf52832_xxaa/id_manager.c.o
                0x0002f94c                im_whitelist_get
 .text.im_whitelist_set
                0x0002f988       0x9c _build/nrf52832_xxaa/id_manager.c.o
                0x0002f988                im_whitelist_set
 .text.sd_ble_gap_data_length_update
                0x0002fa24        0x4 _build/nrf52832_xxaa/nrf_ble_gatt.c.o
 .text.sd_ble_gattc_exchange_mtu_request
                0x0002fa28        0x4 _build/nrf52832_xxaa/nrf_ble_gatt.c.o
 .text.sd_ble_gatts_exchange_mtu_reply
                0x0002fa2c        0x4 _build/nrf52832_xxaa/nrf_ble_gatt.c.o
 .text.data_length_update.constprop.6
                0x0002fa30       0x8c _build/nrf52832_xxaa/nrf_ble_gatt.c.o
 .text.nrf_ble_gatt_init
                0x0002fabc       0x2c _build/nrf52832_xxaa/nrf_ble_gatt.c.o
                0x0002fabc                nrf_ble_gatt_init
 .text.nrf_ble_gatt_on_ble_evt
                0x0002fae8      0x1ac _build/nrf52832_xxaa/nrf_ble_gatt.c.o
                0x0002fae8                nrf_ble_gatt_on_ble_evt
 .text.sd_ble_gatts_rw_authorize_reply
                0x0002fc94        0x4 _build/nrf52832_xxaa/nrf_ble_qwr.c.o
 .text.sd_ble_user_mem_reply
                0x0002fc98        0x4 _build/nrf52832_xxaa/nrf_ble_qwr.c.o
 .text.nrf_ble_qwr_init
                0x0002fc9c       0x24 _build/nrf52832_xxaa/nrf_ble_qwr.c.o
                0x0002fc9c                nrf_ble_qwr_init
 .text.nrf_ble_qwr_conn_handle_assign
                0x0002fcc0       0x18 _build/nrf52832_xxaa/nrf_ble_qwr.c.o
                0x0002fcc0                nrf_ble_qwr_conn_handle_assign
 .text.nrf_ble_qwr_on_ble_evt
                0x0002fcd8       0xf8 _build/nrf52832_xxaa/nrf_ble_qwr.c.o
                0x0002fcd8                nrf_ble_qwr_on_ble_evt
 .text.peer_data_delete_process
                0x0002fdd0       0x94 _build/nrf52832_xxaa/peer_data_storage.c.o
 .text.fds_evt_handler
                0x0002fe64       0xec _build/nrf52832_xxaa/peer_data_storage.c.o
 .text.pds_init
                0x0002ff50       0x6c _build/nrf52832_xxaa/peer_data_storage.c.o
                0x0002ff50                pds_init
 .text.pds_peer_data_read
                0x0002ffbc       0x84 _build/nrf52832_xxaa/peer_data_storage.c.o
                0x0002ffbc                pds_peer_data_read
 .text.pds_peer_data_iterate_prepare
                0x00030040       0x10 _build/nrf52832_xxaa/peer_data_storage.c.o
                0x00030040                pds_peer_data_iterate_prepare
 .text.pds_peer_data_iterate
                0x00030050       0x5c _build/nrf52832_xxaa/peer_data_storage.c.o
                0x00030050                pds_peer_data_iterate
 .text.pds_space_reserve
                0x000300ac       0x30 _build/nrf52832_xxaa/peer_data_storage.c.o
                0x000300ac                pds_space_reserve
 .text.pds_space_reserve_cancel
                0x000300dc       0x20 _build/nrf52832_xxaa/peer_data_storage.c.o
                0x000300dc                pds_space_reserve_cancel
 .text.pds_peer_data_store
                0x000300fc       0xc0 _build/nrf52832_xxaa/peer_data_storage.c.o
                0x000300fc                pds_peer_data_store
 .text.pds_peer_id_allocate
                0x000301bc        0x8 _build/nrf52832_xxaa/peer_data_storage.c.o
                0x000301bc                pds_peer_id_allocate
 .text.pds_peer_id_free
                0x000301c4       0x18 _build/nrf52832_xxaa/peer_data_storage.c.o
                0x000301c4                pds_peer_id_free
 .text.pds_peer_id_is_allocated
                0x000301dc        0x4 _build/nrf52832_xxaa/peer_data_storage.c.o
                0x000301dc                pds_peer_id_is_allocated
 .text.pds_next_peer_id_get
                0x000301e0        0x4 _build/nrf52832_xxaa/peer_data_storage.c.o
                0x000301e0                pds_next_peer_id_get
 .text.pds_next_deleted_peer_id_get
                0x000301e4        0x4 _build/nrf52832_xxaa/peer_data_storage.c.o
                0x000301e4                pds_next_deleted_peer_id_get
 .text.write_buf_store
                0x000301e8       0xc8 _build/nrf52832_xxaa/peer_database.c.o
                0x000301e8                write_buf_store
 .text.pdb_pds_evt_handler
                0x000302b0      0x174 _build/nrf52832_xxaa/peer_database.c.o
                0x000302b0                pdb_pds_evt_handler
 .text.pdb_init
                0x00030424       0x74 _build/nrf52832_xxaa/peer_database.c.o
                0x00030424                pdb_init
 .text.pdb_peer_allocate
                0x00030498        0x4 _build/nrf52832_xxaa/peer_database.c.o
                0x00030498                pdb_peer_allocate
 .text.pdb_peer_free
                0x0003049c      0x118 _build/nrf52832_xxaa/peer_database.c.o
                0x0003049c                pdb_peer_free
 .text.pdb_peer_data_ptr_get
                0x000305b4        0x8 _build/nrf52832_xxaa/peer_database.c.o
                0x000305b4                pdb_peer_data_ptr_get
 .text.pdb_write_buf_get
                0x000305bc      0x168 _build/nrf52832_xxaa/peer_database.c.o
                0x000305bc                pdb_write_buf_get
 .text.pdb_write_buf_release
                0x00030724       0xb8 _build/nrf52832_xxaa/peer_database.c.o
                0x00030724                pdb_write_buf_release
 .text.pdb_write_buf_store_prepare
                0x000307dc       0xbc _build/nrf52832_xxaa/peer_database.c.o
                0x000307dc                pdb_write_buf_store_prepare
 .text.pdb_write_buf_store
                0x00030898       0x70 _build/nrf52832_xxaa/peer_database.c.o
                0x00030898                pdb_write_buf_store
 .text.pdb_next_peer_id_get
                0x00030908        0x4 _build/nrf52832_xxaa/peer_database.c.o
                0x00030908                pdb_next_peer_id_get
 .text.pdb_next_deleted_peer_id_get
                0x0003090c        0x4 _build/nrf52832_xxaa/peer_database.c.o
                0x0003090c                pdb_next_deleted_peer_id_get
 .text.pdb_peer_data_load
                0x00030910       0x18 _build/nrf52832_xxaa/peer_database.c.o
                0x00030910                pdb_peer_data_load
 .text.pdb_raw_store
                0x00030928        0x8 _build/nrf52832_xxaa/peer_database.c.o
                0x00030928                pdb_raw_store
 .text.peer_id_init
                0x00030930       0x2c _build/nrf52832_xxaa/peer_id.c.o
                0x00030930                peer_id_init
 .text.peer_id_allocate
                0x0003095c       0x38 _build/nrf52832_xxaa/peer_id.c.o
                0x0003095c                peer_id_allocate
 .text.peer_id_delete
                0x00030994       0x24 _build/nrf52832_xxaa/peer_id.c.o
                0x00030994                peer_id_delete
 .text.peer_id_free
                0x000309b8       0x28 _build/nrf52832_xxaa/peer_id.c.o
                0x000309b8                peer_id_free
 .text.peer_id_is_allocated
                0x000309e0       0x14 _build/nrf52832_xxaa/peer_id.c.o
                0x000309e0                peer_id_is_allocated
 .text.peer_id_get_next_used
                0x000309f4       0x70 _build/nrf52832_xxaa/peer_id.c.o
                0x000309f4                peer_id_get_next_used
 .text.peer_id_get_next_deleted
                0x00030a64       0x40 _build/nrf52832_xxaa/peer_id.c.o
                0x00030a64                peer_id_get_next_deleted
 .text.ble_evt_handler
                0x00030aa4       0x24 _build/nrf52832_xxaa/peer_manager.c.o
 .text.rank_vars_update
                0x00030ac8       0xa8 _build/nrf52832_xxaa/peer_manager.c.o
 .text.pm_pdb_evt_handler
                0x00030b70      0x1bc _build/nrf52832_xxaa/peer_manager.c.o
                0x00030b70                pm_pdb_evt_handler
 .text.pm_sm_evt_handler
                0x00030d2c       0x2c _build/nrf52832_xxaa/peer_manager.c.o
                0x00030d2c                pm_sm_evt_handler
 .text.pm_gcm_evt_handler
                0x00030d58       0x28 _build/nrf52832_xxaa/peer_manager.c.o
                0x00030d58                pm_gcm_evt_handler
 .text.pm_im_evt_handler
                0x00030d80       0x28 _build/nrf52832_xxaa/peer_manager.c.o
                0x00030d80                pm_im_evt_handler
 .text.pm_init  0x00030da8       0x58 _build/nrf52832_xxaa/peer_manager.c.o
                0x00030da8                pm_init
 .text.pm_register
                0x00030e00       0x38 _build/nrf52832_xxaa/peer_manager.c.o
                0x00030e00                pm_register
 .text.pm_sec_params_set
                0x00030e38       0x14 _build/nrf52832_xxaa/peer_manager.c.o
                0x00030e38                pm_sec_params_set
 .text.pm_conn_sec_config_reply
                0x00030e4c        0x8 _build/nrf52832_xxaa/peer_manager.c.o
                0x00030e4c                pm_conn_sec_config_reply
 .text.pm_whitelist_set
                0x00030e54       0x14 _build/nrf52832_xxaa/peer_manager.c.o
                0x00030e54                pm_whitelist_set
 .text.pm_whitelist_get
                0x00030e68       0x30 _build/nrf52832_xxaa/peer_manager.c.o
                0x00030e68                pm_whitelist_get
 .text.pm_device_identities_list_set
                0x00030e98       0x14 _build/nrf52832_xxaa/peer_manager.c.o
                0x00030e98                pm_device_identities_list_set
 .text.pm_next_peer_id_get
                0x00030eac       0x14 _build/nrf52832_xxaa/peer_manager.c.o
                0x00030eac                pm_next_peer_id_get
 .text.pm_peer_data_bonding_load
                0x00030ec0       0x44 _build/nrf52832_xxaa/peer_manager.c.o
                0x00030ec0                pm_peer_data_bonding_load
 .text.pm_buffer_init
                0x00030f04       0x40 _build/nrf52832_xxaa/pm_buffer.c.o
                0x00030f04                pm_buffer_init
 .text.pm_buffer_block_acquire
                0x00030f44       0x90 _build/nrf52832_xxaa/pm_buffer.c.o
                0x00030f44                pm_buffer_block_acquire
 .text.pm_buffer_ptr_get
                0x00030fd4       0x30 _build/nrf52832_xxaa/pm_buffer.c.o
                0x00030fd4                pm_buffer_ptr_get
 .text.pm_buffer_release
                0x00031004       0x30 _build/nrf52832_xxaa/pm_buffer.c.o
                0x00031004                pm_buffer_release
 .text.pm_mutex_init
                0x00031034       0x10 _build/nrf52832_xxaa/pm_mutex.c.o
                0x00031034                pm_mutex_init
 .text.pm_mutex_lock
                0x00031044       0x54 _build/nrf52832_xxaa/pm_mutex.c.o
                0x00031044                pm_mutex_lock
 .text.pm_mutex_unlock
                0x00031098       0x40 _build/nrf52832_xxaa/pm_mutex.c.o
                0x00031098                pm_mutex_unlock
 .text.pm_mutex_lock_first_available
                0x000310d8       0x78 _build/nrf52832_xxaa/pm_mutex.c.o
                0x000310d8                pm_mutex_lock_first_available
 .text.pm_mutex_lock_status_get
                0x00031150       0x20 _build/nrf52832_xxaa/pm_mutex.c.o
                0x00031150                pm_mutex_lock_status_get
 .text.sd_ble_gap_authenticate
                0x00031170        0x4 _build/nrf52832_xxaa/security_dispatcher.c.o
 .text.sd_ble_gap_sec_params_reply
                0x00031174        0x4 _build/nrf52832_xxaa/security_dispatcher.c.o
 .text.sd_ble_gap_sec_info_reply
                0x00031178        0x4 _build/nrf52832_xxaa/security_dispatcher.c.o
 .text.smd_conn_sec_config_reply
                0x0003117c       0x10 _build/nrf52832_xxaa/security_dispatcher.c.o
                0x0003117c                smd_conn_sec_config_reply
 .text.smd_init
                0x0003118c       0x98 _build/nrf52832_xxaa/security_dispatcher.c.o
                0x0003118c                smd_init
 .text.smd_params_reply
                0x00031224      0x1c0 _build/nrf52832_xxaa/security_dispatcher.c.o
                0x00031224                smd_params_reply
 .text.smd_link_secure
                0x000313e4       0x28 _build/nrf52832_xxaa/security_dispatcher.c.o
                0x000313e4                smd_link_secure
 .text.smd_ble_evt_handler
                0x0003140c      0x690 _build/nrf52832_xxaa/security_dispatcher.c.o
                0x0003140c                smd_ble_evt_handler
 .text.params_reply_pending_handle
                0x00031a9c      0x158 _build/nrf52832_xxaa/security_manager.c.o
 .text.link_secure_pending_handle
                0x00031bf4      0x18c _build/nrf52832_xxaa/security_manager.c.o
 .text.sm_smd_evt_handler
                0x00031d80      0x2fc _build/nrf52832_xxaa/security_manager.c.o
                0x00031d80                sm_smd_evt_handler
 .text.sm_pdb_evt_handler
                0x0003207c       0x60 _build/nrf52832_xxaa/security_manager.c.o
                0x0003207c                sm_pdb_evt_handler
 .text.sm_init  0x000320dc       0xa4 _build/nrf52832_xxaa/security_manager.c.o
                0x000320dc                sm_init
 .text.sm_ble_evt_handler
                0x00032180       0x20 _build/nrf52832_xxaa/security_manager.c.o
                0x00032180                sm_ble_evt_handler
 .text.sm_sec_params_set
                0x000321a0       0x88 _build/nrf52832_xxaa/security_manager.c.o
                0x000321a0                sm_sec_params_set
 .text.sm_conn_sec_config_reply
                0x00032228        0x4 _build/nrf52832_xxaa/security_manager.c.o
                0x00032228                sm_conn_sec_config_reply
 .text.sd_ble_gatts_service_add
                0x0003222c        0x4 _build/nrf52832_xxaa/ble_bas.c.o
 .text.sd_ble_gatts_characteristic_add
                0x00032230        0x4 _build/nrf52832_xxaa/ble_bas.c.o
 .text.sd_ble_gatts_descriptor_add
                0x00032234        0x4 _build/nrf52832_xxaa/ble_bas.c.o
 .text.sd_ble_gatts_value_set
                0x00032238        0x4 _build/nrf52832_xxaa/ble_bas.c.o
 .text.sd_ble_gatts_hvx
                0x0003223c        0x4 _build/nrf52832_xxaa/ble_bas.c.o
 .text.ble_bas_on_ble_evt
                0x00032240       0x50 _build/nrf52832_xxaa/ble_bas.c.o
                0x00032240                ble_bas_on_ble_evt
 .text.ble_bas_init
                0x00032290      0x1a4 _build/nrf52832_xxaa/ble_bas.c.o
                0x00032290                ble_bas_init
 .text.ble_bas_battery_level_update
                0x00032434       0xd8 _build/nrf52832_xxaa/ble_bas.c.o
                0x00032434                ble_bas_battery_level_update
 .text.sd_ble_gatts_service_add
                0x0003250c        0x4 _build/nrf52832_xxaa/ble_dis.c.o
 .text.sd_ble_gatts_characteristic_add
                0x00032510        0x4 _build/nrf52832_xxaa/ble_dis.c.o
 .text.char_add
                0x00032514       0xb8 _build/nrf52832_xxaa/ble_dis.c.o
 .text.ble_dis_init
                0x000325cc      0x2d4 _build/nrf52832_xxaa/ble_dis.c.o
                0x000325cc                ble_dis_init
 .text.sd_ble_gatts_service_add
                0x000328a0        0x4 _build/nrf52832_xxaa/ble_hids.c.o
 .text.sd_ble_gatts_include_add
                0x000328a4        0x4 _build/nrf52832_xxaa/ble_hids.c.o
 .text.sd_ble_gatts_characteristic_add
                0x000328a8        0x4 _build/nrf52832_xxaa/ble_hids.c.o
 .text.sd_ble_gatts_descriptor_add
                0x000328ac        0x4 _build/nrf52832_xxaa/ble_hids.c.o
 .text.sd_ble_gatts_value_set
                0x000328b0        0x4 _build/nrf52832_xxaa/ble_hids.c.o
 .text.sd_ble_gatts_rw_authorize_reply
                0x000328b4        0x4 _build/nrf52832_xxaa/ble_hids.c.o
 .text.sd_ble_uuid_encode
                0x000328b8        0x4 _build/nrf52832_xxaa/ble_hids.c.o
 .text.on_report_value_read_auth
                0x000328bc       0x98 _build/nrf52832_xxaa/ble_hids.c.o
 .text.rep_value_identify
                0x00032954      0x138 _build/nrf52832_xxaa/ble_hids.c.o
 .text.rep_char_add.isra.6.constprop.10
                0x00032a8c      0x154 _build/nrf52832_xxaa/ble_hids.c.o
 .text.unlikely.boot_inp_rep_char_add.isra.4.constprop.11
                0x00032be0       0xda _build/nrf52832_xxaa/ble_hids.c.o
 *fill*         0x00032cba        0x2 
 .text.ble_hids_on_ble_evt
                0x00032cbc      0x544 _build/nrf52832_xxaa/ble_hids.c.o
                0x00032cbc                ble_hids_on_ble_evt
 .text.ble_hids_init
                0x00033200      0x638 _build/nrf52832_xxaa/ble_hids.c.o
                0x00033200                ble_hids_init
 .text.sd_softdevice_enable
                0x00033838        0x4 _build/nrf52832_xxaa/nrf_sdh.c.o
 .text.sd_softdevice_disable
                0x0003383c        0x4 _build/nrf52832_xxaa/nrf_sdh.c.o
 .text.appsh_events_poll
                0x00033840       0x2c _build/nrf52832_xxaa/nrf_sdh.c.o
 .text.nrf_sdh_enable_request
                0x0003386c      0x120 _build/nrf52832_xxaa/nrf_sdh.c.o
                0x0003386c                nrf_sdh_enable_request
 .text.nrf_sdh_disable_request
                0x0003398c       0xe0 _build/nrf52832_xxaa/nrf_sdh.c.o
                0x0003398c                nrf_sdh_disable_request
 .text.nrf_sdh_request_continue
                0x00033a6c       0x20 _build/nrf52832_xxaa/nrf_sdh.c.o
                0x00033a6c                nrf_sdh_request_continue
 .text.nrf_sdh_is_enabled
                0x00033a8c        0xc _build/nrf52832_xxaa/nrf_sdh.c.o
                0x00033a8c                nrf_sdh_is_enabled
 .text.SWI2_EGU2_IRQHandler
                0x00033a98       0x1c _build/nrf52832_xxaa/nrf_sdh.c.o
                0x00033a98                SWI2_EGU2_IRQHandler
 .text.sd_ble_enable
                0x00033ab4        0x4 _build/nrf52832_xxaa/nrf_sdh_ble.c.o
 .text.sd_ble_cfg_set
                0x00033ab8        0x4 _build/nrf52832_xxaa/nrf_sdh_ble.c.o
 .text.sd_ble_evt_get
                0x00033abc        0x4 _build/nrf52832_xxaa/nrf_sdh_ble.c.o
 .text.nrf_sdh_ble_evts_poll
                0x00033ac0       0x58 _build/nrf52832_xxaa/nrf_sdh_ble.c.o
 .text.nrf_sdh_ble_default_cfg_set
                0x00033b18      0x168 _build/nrf52832_xxaa/nrf_sdh_ble.c.o
                0x00033b18                nrf_sdh_ble_default_cfg_set
 .text.nrf_sdh_ble_enable
                0x00033c80       0x9c _build/nrf52832_xxaa/nrf_sdh_ble.c.o
                0x00033c80                nrf_sdh_ble_enable
 .text.sd_evt_get
                0x00033d1c        0x4 _build/nrf52832_xxaa/nrf_sdh_soc.c.o
 .text.nrf_sdh_soc_evts_poll
                0x00033d20       0x4c _build/nrf52832_xxaa/nrf_sdh_soc.c.o
 .text.exit     0x00033d6c       0x28 c:/program files (x86)/gnu tools arm embedded/7 2018-q2-update/bin/../lib/gcc/arm-none-eabi/7.3.1/../../../../arm-none-eabi/lib/thumb/v7e-m/fpv4-sp/hard\libc_nano.a(lib_a-exit.o)
                0x00033d6c                exit
 .text.__libc_init_array
                0x00033d94       0x48 c:/program files (x86)/gnu tools arm embedded/7 2018-q2-update/bin/../lib/gcc/arm-none-eabi/7.3.1/../../../../arm-none-eabi/lib/thumb/v7e-m/fpv4-sp/hard\libc_nano.a(lib_a-init.o)
                0x00033d94                __libc_init_array
 .text.__locale_ctype_ptr
                0x00033ddc       0x1c c:/program files (x86)/gnu tools arm embedded/7 2018-q2-update/bin/../lib/gcc/arm-none-eabi/7.3.1/../../../../arm-none-eabi/lib/thumb/v7e-m/fpv4-sp/hard\libc_nano.a(lib_a-locale.o)
                0x00033ddc                __locale_ctype_ptr
 .text.__ascii_mbtowc
                0x00033df8       0x24 c:/program files (x86)/gnu tools arm embedded/7 2018-q2-update/bin/../lib/gcc/arm-none-eabi/7.3.1/../../../../arm-none-eabi/lib/thumb/v7e-m/fpv4-sp/hard\libc_nano.a(lib_a-mbtowc_r.o)
                0x00033df8                __ascii_mbtowc
 .text.memcmp   0x00033e1c       0x1e c:/program files (x86)/gnu tools arm embedded/7 2018-q2-update/bin/../lib/gcc/arm-none-eabi/7.3.1/../../../../arm-none-eabi/lib/thumb/v7e-m/fpv4-sp/hard\libc_nano.a(lib_a-memcmp.o)
                0x00033e1c                memcmp
 .text.memcpy   0x00033e3a       0x16 c:/program files (x86)/gnu tools arm embedded/7 2018-q2-update/bin/../lib/gcc/arm-none-eabi/7.3.1/../../../../arm-none-eabi/lib/thumb/v7e-m/fpv4-sp/hard\libc_nano.a(lib_a-memcpy-stub.o)
                0x00033e3a                memcpy
 .text.memset   0x00033e50       0x10 c:/program files (x86)/gnu tools arm embedded/7 2018-q2-update/bin/../lib/gcc/arm-none-eabi/7.3.1/../../../../arm-none-eabi/lib/thumb/v7e-m/fpv4-sp/hard\libc_nano.a(lib_a-memset.o)
                0x00033e50                memset
 .text          0x00033e60       0x10 c:/program files (x86)/gnu tools arm embedded/7 2018-q2-update/bin/../lib/gcc/arm-none-eabi/7.3.1/../../../../arm-none-eabi/lib/thumb/v7e-m/fpv4-sp/hard\libc_nano.a(lib_a-strlen.o)
                0x00033e60                strlen
 .text.__ascii_wctomb
                0x00033e70       0x1a c:/program files (x86)/gnu tools arm embedded/7 2018-q2-update/bin/../lib/gcc/arm-none-eabi/7.3.1/../../../../arm-none-eabi/lib/thumb/v7e-m/fpv4-sp/hard\libc_nano.a(lib_a-wctomb_r.o)
                0x00033e70                __ascii_wctomb
 *fill*         0x00033e8a        0x2 
 .text._exit    0x00033e8c        0x4 c:/program files (x86)/gnu tools arm embedded/7 2018-q2-update/bin/../lib/gcc/arm-none-eabi/7.3.1/../../../../arm-none-eabi/lib/thumb/v7e-m/fpv4-sp/hard\libnosys.a(_exit.o)
                0x00033e8c                _exit
 .text          0x00033e90       0x30 c:/program files (x86)/gnu tools arm embedded/7 2018-q2-update/bin/../lib/gcc/arm-none-eabi/7.3.1/thumb/v7e-m/fpv4-sp/hard\libgcc.a(_aeabi_uldivmod.o)
                0x00033e90                __aeabi_uldivmod
 .text          0x00033ec0      0x2cc c:/program files (x86)/gnu tools arm embedded/7 2018-q2-update/bin/../lib/gcc/arm-none-eabi/7.3.1/thumb/v7e-m/fpv4-sp/hard\libgcc.a(_udivmoddi4.o)
                0x00033ec0                __udivmoddi4
 .text          0x0003418c        0x4 c:/program files (x86)/gnu tools arm embedded/7 2018-q2-update/bin/../lib/gcc/arm-none-eabi/7.3.1/thumb/v7e-m/fpv4-sp/hard\libgcc.a(_dvmd_tls.o)
                0x0003418c                __aeabi_idiv0
                0x0003418c                __aeabi_ldiv0
 *(.init)
 .init          0x00034190        0x4 c:/program files (x86)/gnu tools arm embedded/7 2018-q2-update/bin/../lib/gcc/arm-none-eabi/7.3.1/thumb/v7e-m/fpv4-sp/hard/crti.o
                0x00034190                _init
 .init          0x00034194        0x8 c:/program files (x86)/gnu tools arm embedded/7 2018-q2-update/bin/../lib/gcc/arm-none-eabi/7.3.1/thumb/v7e-m/fpv4-sp/hard/crtn.o
 *(.fini)
 .fini          0x0003419c        0x4 c:/program files (x86)/gnu tools arm embedded/7 2018-q2-update/bin/../lib/gcc/arm-none-eabi/7.3.1/thumb/v7e-m/fpv4-sp/hard/crti.o
                0x0003419c                _fini
 .fini          0x000341a0        0x8 c:/program files (x86)/gnu tools arm embedded/7 2018-q2-update/bin/../lib/gcc/arm-none-eabi/7.3.1/thumb/v7e-m/fpv4-sp/hard/crtn.o
 *crtbegin.o(.ctors)
 *crtbegin?.o(.ctors)
 *(EXCLUDE_FILE(*crtend.o *crtend?.o) .ctors)
 *(SORT_BY_NAME(.ctors.*))
 *(.ctors)
 *crtbegin.o(.dtors)
 *crtbegin?.o(.dtors)
 *(EXCLUDE_FILE(*crtend.o *crtend?.o) .dtors)
 *(SORT_BY_NAME(.dtors.*))
 *(.dtors)
 *(.rodata*)
 .rodata        0x000341a8       0x20 _build/nrf52832_xxaa/nrf_log_backend_uart.c.o
 .rodata.nrf_log_backend_uart_api
                0x000341c8        0xc _build/nrf52832_xxaa/nrf_log_backend_uart.c.o
                0x000341c8                nrf_log_backend_uart_api
 .rodata.nrf_log_frontend_dequeue.part.6.str1.4
                0x000341d4       0x11 _build/nrf52832_xxaa/nrf_log_frontend.c.o
 *fill*         0x000341e5        0x3 
 .rodata.str1.4
                0x000341e8       0x17 _build/nrf52832_xxaa/nrf_log_frontend.c.o
 *fill*         0x000341ff        0x1 
 .rodata.m_colors
                0x00034200       0x24 _build/nrf52832_xxaa/nrf_log_str_formatter.c.o
 .rodata.nrf_log_hexdump_entry_process.str1.4
                0x00034224       0x13 _build/nrf52832_xxaa/nrf_log_str_formatter.c.o
                                 0x16 (size before relaxing)
 *fill*         0x00034237        0x1 
 .rodata.nrf_log_std_entry_process.str1.4
                0x00034238       0x3b _build/nrf52832_xxaa/nrf_log_str_formatter.c.o
 *fill*         0x00034273        0x1 
 .rodata.severity_names
                0x00034274       0x14 _build/nrf52832_xxaa/nrf_log_str_formatter.c.o
 .rodata.str1.4
                0x00034288       0x56 _build/nrf52832_xxaa/nrf_log_str_formatter.c.o
 *fill*         0x000342de        0x2 
 .rodata.app_error_fault_handler.str1.4
                0x000342e0       0x19 _build/nrf52832_xxaa/app_error_weak.c.o
 *fill*         0x000342f9        0x7 
 .rodata.delay_bytecode.8697
                0x00034300        0x6 _build/nrf52832_xxaa/app_timer.c.o
 *fill*         0x00034306        0x2 
 .rodata.dirty_header.9030
                0x00034308        0x4 _build/nrf52832_xxaa/fds.c.o
 .rodata.page_tag_data.8903
                0x0003430c        0x8 _build/nrf52832_xxaa/fds.c.o
 .rodata.page_tag_swap.8899
                0x00034314        0x8 _build/nrf52832_xxaa/fds.c.o
 .rodata.str1.4
                0x0003431c        0xf _build/nrf52832_xxaa/fds.c.o
 *fill*         0x0003432b        0x1 
 .rodata._aV2C.7399
                0x0003432c       0x10 _build/nrf52832_xxaa/nrf_fprintf_format.c.o
 .rodata.__func__.7577
                0x0003433c       0x12 _build/nrf52832_xxaa/nrf_fstorage.c.o
 *fill*         0x0003434e        0x2 
 .rodata.__func__.7598
                0x00034350       0x13 _build/nrf52832_xxaa/nrf_fstorage.c.o
 *fill*         0x00034363        0x1 
 .rodata.__func__.7605
                0x00034364       0x13 _build/nrf52832_xxaa/nrf_fstorage.c.o
 *fill*         0x00034377        0x1 
 .rodata.nrf_fstorage_erase.str1.4
                0x00034378       0x77 _build/nrf52832_xxaa/nrf_fstorage.c.o
 *fill*         0x000343ef        0x1 
 .rodata.nrf_fstorage_init.str1.4
                0x000343f0       0x3a _build/nrf52832_xxaa/nrf_fstorage.c.o
 *fill*         0x0003442a        0x2 
 .rodata.nrf_fstorage_read.str1.4
                0x0003442c       0x4a _build/nrf52832_xxaa/nrf_fstorage.c.o
 *fill*         0x00034476        0x2 
 .rodata.nrf_fstorage_uninit.str1.4
                0x00034478        0xc _build/nrf52832_xxaa/nrf_fstorage.c.o
 .rodata.nrf_fstorage_write.str1.4
                0x00034484       0x97 _build/nrf52832_xxaa/nrf_fstorage.c.o
 *fill*         0x0003451b        0x1 
 .rodata.str1.4
                0x0003451c        0xd _build/nrf52832_xxaa/nrf_fstorage.c.o
 *fill*         0x00034529        0x3 
 .rodata.m_flash_info
                0x0003452c        0xc _build/nrf52832_xxaa/nrf_fstorage_sd.c.o
 .rodata.nrf_fstorage_sd
                0x00034538       0x20 _build/nrf52832_xxaa/nrf_fstorage_sd.c.o
                0x00034538                nrf_fstorage_sd
 .rodata.str1.4
                0x00034558        0xe _build/nrf52832_xxaa/nrf_fstorage_sd.c.o
 *fill*         0x00034566        0x2 
 .rodata.pwr_mgmt_data
                0x00034568        0xc _build/nrf52832_xxaa/nrf_pwr_mgmt.c.o
 .rodata.str1.4
                0x00034574        0x9 _build/nrf52832_xxaa/nrf_pwr_mgmt.c.o
 *fill*         0x0003457d        0x3 
 .rodata.m_unknown_str
                0x00034580       0x13 _build/nrf52832_xxaa/nrf_strerror.c.o
 *fill*         0x00034593        0x1 
 .rodata.nrf_strerror_array
                0x00034594      0x128 _build/nrf52832_xxaa/nrf_strerror.c.o
 .rodata.str1.4
                0x000346bc      0x3e9 _build/nrf52832_xxaa/nrf_strerror.c.o
 *fill*         0x00034aa5        0x3 
 .rodata.m_board_led_list
                0x00034aa8        0x3 _build/nrf52832_xxaa/boards.c.o
 *fill*         0x00034aab        0x1 
 .rodata.str1.4
                0x00034aac        0x6 _build/nrf52832_xxaa/nrf_drv_clock.c.o
 *fill*         0x00034ab2        0xe 
 .rodata.delay_bytecode.8297
                0x00034ac0        0x6 _build/nrf52832_xxaa/nrf_drv_twi.c.o
 *fill*         0x00034ac6        0x2 
 .rodata.str1.4
                0x00034ac8        0x6 _build/nrf52832_xxaa/nrfx_clock.c.o
 *fill*         0x00034ace        0x2 
 .rodata.str1.4
                0x00034ad0        0x7 _build/nrf52832_xxaa/nrfx_gpiote.c.o
 *fill*         0x00034ad7        0x1 
 .rodata.str1.4
                0x00034ad8        0x4 _build/nrf52832_xxaa/nrfx_prs.c.o
 .rodata.irq_handlers.9113
                0x00034adc        0x8 _build/nrf52832_xxaa/nrfx_twim.c.o
 .rodata.str1.4
                0x00034ae4        0x5 _build/nrf52832_xxaa/nrfx_twim.c.o
 *fill*         0x00034ae9        0x3 
 .rodata.str1.4
                0x00034aec        0x5 _build/nrf52832_xxaa/nrfx_uart.c.o
 *fill*         0x00034af1        0x3 
 .rodata.str1.4
                0x00034af4        0x6 _build/nrf52832_xxaa/nrfx_uarte.c.o
 *fill*         0x00034afa        0x2 
 .rodata.ble_evt_handler.str1.4
                0x00034afc       0x19 _build/nrf52832_xxaa/main.c.o
 *fill*         0x00034b15        0xb 
 .rodata.delay_bytecode.10345
                0x00034b20        0x6 _build/nrf52832_xxaa/main.c.o
 *fill*         0x00034b26        0x2 
 .rodata.m_battery_timer_id
                0x00034b28        0x4 _build/nrf52832_xxaa/main.c.o
 .rodata.m_twi  0x00034b2c       0x10 _build/nrf52832_xxaa/main.c.o
 .rodata.main.str1.4
                0x00034b3c       0x3f _build/nrf52832_xxaa/main.c.o
 *fill*         0x00034b7b        0x1 
 .rodata.mgc3130_init.str1.4
                0x00034b7c        0xf _build/nrf52832_xxaa/main.c.o
 *fill*         0x00034b8b        0x1 
 .rodata.on_adv_evt.str1.4
                0x00034b8c       0x85 _build/nrf52832_xxaa/main.c.o
 *fill*         0x00034c11        0x3 
 .rodata.pm_evt_handler.str1.4
                0x00034c14       0xcd _build/nrf52832_xxaa/main.c.o
 *fill*         0x00034ce1        0x3 
 .rodata.print_mgc3130_xyz.str1.4
                0x00034ce4       0x12 _build/nrf52832_xxaa/main.c.o
 *fill*         0x00034cf6        0x2 
 .rodata        0x00034cf8       0x10 _build/nrf52832_xxaa/gatts_cache_manager.c.o
 .rodata.service_changed_pending.9922
                0x00034d08        0x4 _build/nrf52832_xxaa/gatts_cache_manager.c.o
 .rodata.service_changed_pending.9978
                0x00034d0c        0x4 _build/nrf52832_xxaa/gatts_cache_manager.c.o
 .rodata.data_length_update.constprop.6.str1.4
                0x00034d10       0xe2 _build/nrf52832_xxaa/nrf_ble_gatt.c.o
 *fill*         0x00034df2        0x2 
 .rodata.nrf_ble_gatt_on_ble_evt.str1.4
                0x00034df4       0x63 _build/nrf52832_xxaa/nrf_ble_gatt.c.o
 *fill*         0x00034e57        0x1 
 .rodata.str1.4
                0x00034e58        0xd _build/nrf52832_xxaa/nrf_ble_gatt.c.o
 *fill*         0x00034e65        0x3 
 .rodata.str1.4
                0x00034e68        0x8 _build/nrf52832_xxaa/ble_bas.c.o
 .rodata        0x00034e70        0x4 _build/nrf52832_xxaa/nrf_sdh.c.o
 .rodata.sdh_req_observers
                0x00034e74        0xc _build/nrf52832_xxaa/nrf_sdh.c.o
 .rodata.sdh_stack_observers
                0x00034e80        0xc _build/nrf52832_xxaa/nrf_sdh.c.o
 .rodata.sdh_state_observers
                0x00034e8c        0xc _build/nrf52832_xxaa/nrf_sdh.c.o
 .rodata.str1.4
                0x00034e98        0x8 _build/nrf52832_xxaa/nrf_sdh.c.o
 .rodata.nrf_sdh_ble_default_cfg_set.str1.4
                0x00034ea0      0x187 _build/nrf52832_xxaa/nrf_sdh_ble.c.o
 *fill*         0x00035027        0x1 
 .rodata.nrf_sdh_ble_enable.str1.4
                0x00035028       0xad _build/nrf52832_xxaa/nrf_sdh_ble.c.o
 *fill*         0x000350d5        0x3 
 .rodata.sdh_ble_observers
                0x000350d8        0xc _build/nrf52832_xxaa/nrf_sdh_ble.c.o
 .rodata.str1.4
                0x000350e4        0xc _build/nrf52832_xxaa/nrf_sdh_ble.c.o
 .rodata.sdh_soc_observers
                0x000350f0        0xc _build/nrf52832_xxaa/nrf_sdh_soc.c.o
 .rodata.str1.4
                0x000350fc        0xc _build/nrf52832_xxaa/nrf_sdh_soc.c.o
 .rodata._global_impure_ptr
                0x00035108        0x4 c:/program files (x86)/gnu tools arm embedded/7 2018-q2-update/bin/../lib/gcc/arm-none-eabi/7.3.1/../../../../arm-none-eabi/lib/thumb/v7e-m/fpv4-sp/hard\libc_nano.a(lib_a-impure.o)
                0x00035108                _global_impure_ptr
 .rodata._setlocale_r.str1.1
                0x0003510c        0x8 c:/program files (x86)/gnu tools arm embedded/7 2018-q2-update/bin/../lib/gcc/arm-none-eabi/7.3.1/../../../../arm-none-eabi/lib/thumb/v7e-m/fpv4-sp/hard\libc_nano.a(lib_a-locale.o)
                                  0x9 (size before relaxing)
 .rodata.str1.1
                0x00035114        0x2 c:/program files (x86)/gnu tools arm embedded/7 2018-q2-update/bin/../lib/gcc/arm-none-eabi/7.3.1/../../../../arm-none-eabi/lib/thumb/v7e-m/fpv4-sp/hard\libc_nano.a(lib_a-locale.o)
 .rodata._ctype_
                0x00035116      0x101 c:/program files (x86)/gnu tools arm embedded/7 2018-q2-update/bin/../lib/gcc/arm-none-eabi/7.3.1/../../../../arm-none-eabi/lib/thumb/v7e-m/fpv4-sp/hard\libc_nano.a(lib_a-ctype_.o)
                0x00035116                _ctype_
 *(.eh_frame*)
 *fill*         0x00035217        0x1 
 .eh_frame      0x00035218        0x0 c:/program files (x86)/gnu tools arm embedded/7 2018-q2-update/bin/../lib/gcc/arm-none-eabi/7.3.1/thumb/v7e-m/fpv4-sp/hard/crtbegin.o
 .eh_frame      0x00035218        0x4 c:/program files (x86)/gnu tools arm embedded/7 2018-q2-update/bin/../lib/gcc/arm-none-eabi/7.3.1/thumb/v7e-m/fpv4-sp/hard/crtend.o

.glue_7         0x0003521c        0x0
 .glue_7        0x0003521c        0x0 linker stubs

.glue_7t        0x0003521c        0x0
 .glue_7t       0x0003521c        0x0 linker stubs

.vfp11_veneer   0x0003521c        0x0
 .vfp11_veneer  0x0003521c        0x0 linker stubs

.v4_bx          0x0003521c        0x0
 .v4_bx         0x0003521c        0x0 linker stubs

.iplt           0x0003521c        0x0
 .iplt          0x0003521c        0x0 c:/program files (x86)/gnu tools arm embedded/7 2018-q2-update/bin/../lib/gcc/arm-none-eabi/7.3.1/thumb/v7e-m/fpv4-sp/hard/crtbegin.o

.mem_section_dummy_rom

.sdh_soc_observers
                0x0003521c       0x18
                0x0003521c                PROVIDE (__start_sdh_soc_observers = .)
 *(SORT_BY_NAME(.sdh_soc_observers*))
 .sdh_soc_observers0
                0x0003521c        0x8 _build/nrf52832_xxaa/nrf_fstorage_sd.c.o
 .sdh_soc_observers0
                0x00035224        0x8 _build/nrf52832_xxaa/nrf_drv_clock.c.o
 .sdh_soc_observers1
                0x0003522c        0x8 _build/nrf52832_xxaa/main.c.o
                0x00035234                PROVIDE (__stop_sdh_soc_observers = .)

.pwr_mgmt_data  0x00035234        0x0
                0x00035234                PROVIDE (__start_pwr_mgmt_data = .)
 *(SORT_BY_NAME(.pwr_mgmt_data*))
                0x00035234                PROVIDE (__stop_pwr_mgmt_data = .)

.sdh_ble_observers
                0x00035234       0x50
                0x00035234                PROVIDE (__start_sdh_ble_observers = .)
 *(SORT_BY_NAME(.sdh_ble_observers*))
 .sdh_ble_observers0
                0x00035234        0x8 _build/nrf52832_xxaa/ble_conn_state.c.o
 .sdh_ble_observers1
                0x0003523c        0x8 _build/nrf52832_xxaa/bsp_btn_ble.c.o
 .sdh_ble_observers1
                0x00035244       0x10 _build/nrf52832_xxaa/main.c.o
 .sdh_ble_observers1
                0x00035254        0x8 _build/nrf52832_xxaa/ble_conn_params.c.o
 .sdh_ble_observers1
                0x0003525c        0x8 _build/nrf52832_xxaa/peer_manager.c.o
 .sdh_ble_observers2
                0x00035264       0x18 _build/nrf52832_xxaa/main.c.o
 .sdh_ble_observers3
                0x0003527c        0x8 _build/nrf52832_xxaa/main.c.o
                0x00035284                PROVIDE (__stop_sdh_ble_observers = .)

.log_const_data
                0x00035284       0x90
                0x00035284                PROVIDE (__start_log_const_data = .)
 *(SORT_BY_NAME(.log_const_data*))
 .log_const_data_CLOCK
                0x00035284        0x8 _build/nrf52832_xxaa/nrfx_clock.c.o
                0x00035284                m_nrf_log_CLOCK_logs_data_const
 .log_const_data_GPIOTE
                0x0003528c        0x8 _build/nrf52832_xxaa/nrfx_gpiote.c.o
                0x0003528c                m_nrf_log_GPIOTE_logs_data_const
 .log_const_data_PRS
                0x00035294        0x8 _build/nrf52832_xxaa/nrfx_prs.c.o
                0x00035294                m_nrf_log_PRS_logs_data_const
 .log_const_data_TWIM
                0x0003529c        0x8 _build/nrf52832_xxaa/nrfx_twim.c.o
                0x0003529c                m_nrf_log_TWIM_logs_data_const
 .log_const_data_UART
                0x000352a4        0x8 _build/nrf52832_xxaa/nrfx_uart.c.o
                0x000352a4                m_nrf_log_UART_logs_data_const
 .log_const_data_UARTE
                0x000352ac        0x8 _build/nrf52832_xxaa/nrfx_uarte.c.o
                0x000352ac                m_nrf_log_UARTE_logs_data_const
 .log_const_data_app
                0x000352b4        0x8 _build/nrf52832_xxaa/nrf_log_frontend.c.o
                0x000352b4                m_nrf_log_app_logs_data_const
 .log_const_data_atfifo_m_fifo
                0x000352bc        0x8 _build/nrf52832_xxaa/nrf_fstorage_sd.c.o
                0x000352bc                m_nrf_log_atfifo_m_fifo_logs_data_const
 .log_const_data_atfifo_m_queue
                0x000352c4        0x8 _build/nrf52832_xxaa/fds.c.o
                0x000352c4                m_nrf_log_atfifo_m_queue_logs_data_const
 .log_const_data_balloc_log_mempool
                0x000352cc        0x8 _build/nrf52832_xxaa/nrf_log_frontend.c.o
                0x000352cc                m_nrf_log_balloc_log_mempool_logs_data_const
 .log_const_data_ble_bas
                0x000352d4        0x8 _build/nrf52832_xxaa/ble_bas.c.o
                0x000352d4                m_nrf_log_ble_bas_logs_data_const
 .log_const_data_clock
                0x000352dc        0x8 _build/nrf52832_xxaa/nrf_drv_clock.c.o
                0x000352dc                m_nrf_log_clock_logs_data_const
 .log_const_data_nrf_ble_gatt
                0x000352e4        0x8 _build/nrf52832_xxaa/nrf_ble_gatt.c.o
                0x000352e4                m_nrf_log_nrf_ble_gatt_logs_data_const
 .log_const_data_nrf_fstorage
                0x000352ec        0x8 _build/nrf52832_xxaa/nrf_fstorage.c.o
                0x000352ec                m_nrf_log_nrf_fstorage_logs_data_const
 .log_const_data_nrf_sdh
                0x000352f4        0x8 _build/nrf52832_xxaa/nrf_sdh.c.o
                0x000352f4                m_nrf_log_nrf_sdh_logs_data_const
 .log_const_data_nrf_sdh_ble
                0x000352fc        0x8 _build/nrf52832_xxaa/nrf_sdh_ble.c.o
                0x000352fc                m_nrf_log_nrf_sdh_ble_logs_data_const
 .log_const_data_nrf_sdh_soc
                0x00035304        0x8 _build/nrf52832_xxaa/nrf_sdh_soc.c.o
                0x00035304                m_nrf_log_nrf_sdh_soc_logs_data_const
 .log_const_data_pwr_mgmt
                0x0003530c        0x8 _build/nrf52832_xxaa/nrf_pwr_mgmt.c.o
                0x0003530c                m_nrf_log_pwr_mgmt_logs_data_const
                0x00035314                PROVIDE (__stop_log_const_data = .)

.nrf_balloc     0x00035314       0x18
                [!provide]                PROVIDE (__start_nrf_balloc = .)
 *(.nrf_balloc)
 .nrf_balloc    0x00035314       0x18 _build/nrf52832_xxaa/nrf_log_frontend.c.o
                0x00035314                log_mempool
                [!provide]                PROVIDE (__stop_nrf_balloc = .)

.sdh_state_observers
                0x0003532c       0x10
                0x0003532c                PROVIDE (__start_sdh_state_observers = .)
 *(SORT_BY_NAME(.sdh_state_observers*))
 .sdh_state_observers0
                0x0003532c        0x8 _build/nrf52832_xxaa/nrf_fstorage_sd.c.o
 .sdh_state_observers0
                0x00035334        0x8 _build/nrf52832_xxaa/nrf_drv_clock.c.o
                0x0003533c                PROVIDE (__stop_sdh_state_observers = .)

.sdh_stack_observers
                0x0003533c       0x10
                0x0003533c                PROVIDE (__start_sdh_stack_observers = .)
 *(SORT_BY_NAME(.sdh_stack_observers*))
 .sdh_stack_observers0
                0x0003533c        0x8 _build/nrf52832_xxaa/nrf_sdh_ble.c.o
 .sdh_stack_observers0
                0x00035344        0x8 _build/nrf52832_xxaa/nrf_sdh_soc.c.o
                0x0003534c                PROVIDE (__stop_sdh_stack_observers = .)

.sdh_req_observers
                0x0003534c        0x8
                0x0003534c                PROVIDE (__start_sdh_req_observers = .)
 *(SORT_BY_NAME(.sdh_req_observers*))
 .sdh_req_observers0
                0x0003534c        0x8 _build/nrf52832_xxaa/nrf_fstorage_sd.c.o
                0x0003534c                m_req_obs
                0x00035354                PROVIDE (__stop_sdh_req_observers = .)

.nrf_queue      0x00035354        0x0
                [!provide]                PROVIDE (__start_nrf_queue = .)
 *(.nrf_queue)
                [!provide]                PROVIDE (__stop_nrf_queue = .)

.cli_command    0x00035354        0x0
                [!provide]                PROVIDE (__start_cli_command = .)
 *(.cli_command)
                [!provide]                PROVIDE (__stop_cli_command = .)

.crypto_data    0x00035354        0x0
                [!provide]                PROVIDE (__start_crypto_data = .)
 *(SORT_BY_NAME(.crypto_data*))
                [!provide]                PROVIDE (__stop_crypto_data = .)

.ARM.extab
 *(.ARM.extab* .gnu.linkonce.armextab.*)
                0x00035354                __exidx_start = .

.ARM.exidx      0x00035354        0x8
 *(.ARM.exidx* .gnu.linkonce.armexidx.*)
 .ARM.exidx     0x00035354        0x8 c:/program files (x86)/gnu tools arm embedded/7 2018-q2-update/bin/../lib/gcc/arm-none-eabi/7.3.1/../../../../arm-none-eabi/lib/thumb/v7e-m/fpv4-sp/hard/crt0.o
 .ARM.exidx     0x0003535c        0x0 c:/program files (x86)/gnu tools arm embedded/7 2018-q2-update/bin/../lib/gcc/arm-none-eabi/7.3.1/thumb/v7e-m/fpv4-sp/hard\libgcc.a(_udivmoddi4.o)
                                  0x8 (size before relaxing)
                0x0003535c                __exidx_end = .
                0x0003535c                __etext = .

.rel.dyn        0x0003535c        0x0
 .rel.iplt      0x0003535c        0x0 c:/program files (x86)/gnu tools arm embedded/7 2018-q2-update/bin/../lib/gcc/arm-none-eabi/7.3.1/thumb/v7e-m/fpv4-sp/hard/crtbegin.o

.data           0x20002218      0x44c load address 0x0003535c
                0x20002218                __data_start__ = .
 *(vtable)
 *(.data*)
 .data.m_uart   0x20002218       0x14 _build/nrf52832_xxaa/nrf_log_backend_uart.c.o
                0x20002218                m_uart
 .data.uart_log_backend
                0x2000222c        0xc _build/nrf52832_xxaa/nrf_log_default_backends.c.o
 .data.m_queue_inst
                0x20002238       0x14 _build/nrf52832_xxaa/fds.c.o
 .data.m_fifo_inst
                0x2000224c       0x14 _build/nrf52832_xxaa/nrf_fstorage_sd.c.o
 .data.SystemCoreClock
                0x20002260        0x4 _build/nrf52832_xxaa/system_nrf52.c.o
                0x20002260                SystemCoreClock
 .data.m_adv_uuids
                0x20002264        0x4 _build/nrf52832_xxaa/main.c.o
 .data.m_hids   0x20002268      0x188 _build/nrf52832_xxaa/main.c.o
 .data.m_hids_link_ctx_storage
                0x200023f0        0x8 _build/nrf52832_xxaa/main.c.o
 .data.rep_map_data.13004
                0x200023f8       0x88 _build/nrf52832_xxaa/main.c.o
 .data.m_flag_allow_repairing
                0x20002480        0x1 _build/nrf52832_xxaa/security_dispatcher.c.o
 .data.m_flag_sec_proc
                0x20002481        0x1 _build/nrf52832_xxaa/security_dispatcher.c.o
 .data.m_flag_sec_proc_bonding
                0x20002482        0x1 _build/nrf52832_xxaa/security_dispatcher.c.o
 .data.m_flag_sec_proc_new_peer
                0x20002483        0x1 _build/nrf52832_xxaa/security_dispatcher.c.o
 .data.m_flag_sec_proc_pairing
                0x20002484        0x1 _build/nrf52832_xxaa/security_dispatcher.c.o
 .data.m_flag_link_secure_force_repairing
                0x20002485        0x1 _build/nrf52832_xxaa/security_manager.c.o
 .data.m_flag_link_secure_null_params
                0x20002486        0x1 _build/nrf52832_xxaa/security_manager.c.o
 .data.m_flag_link_secure_pending_busy
                0x20002487        0x1 _build/nrf52832_xxaa/security_manager.c.o
 .data.m_flag_link_secure_pending_flash_full
                0x20002488        0x1 _build/nrf52832_xxaa/security_manager.c.o
 .data.m_flag_params_reply_pending_busy
                0x20002489        0x1 _build/nrf52832_xxaa/security_manager.c.o
 .data.m_flag_params_reply_pending_flash_full
                0x2000248a        0x1 _build/nrf52832_xxaa/security_manager.c.o
 *fill*         0x2000248b        0x1 
 .data._impure_ptr
                0x2000248c        0x4 c:/program files (x86)/gnu tools arm embedded/7 2018-q2-update/bin/../lib/gcc/arm-none-eabi/7.3.1/../../../../arm-none-eabi/lib/thumb/v7e-m/fpv4-sp/hard\libc_nano.a(lib_a-impure.o)
                0x2000248c                _impure_ptr
 .data.impure_data
                0x20002490       0x60 c:/program files (x86)/gnu tools arm embedded/7 2018-q2-update/bin/../lib/gcc/arm-none-eabi/7.3.1/../../../../arm-none-eabi/lib/thumb/v7e-m/fpv4-sp/hard\libc_nano.a(lib_a-impure.o)
 .data.__global_locale
                0x200024f0      0x16c c:/program files (x86)/gnu tools arm embedded/7 2018-q2-update/bin/../lib/gcc/arm-none-eabi/7.3.1/../../../../arm-none-eabi/lib/thumb/v7e-m/fpv4-sp/hard\libc_nano.a(lib_a-locale.o)
                0x200024f0                __global_locale
                0x2000265c                . = ALIGN (0x4)
                0x2000265c                PROVIDE (__preinit_array_start = .)
 *(.preinit_array)
                0x2000265c                PROVIDE (__preinit_array_end = .)
                0x2000265c                . = ALIGN (0x4)
                0x2000265c                PROVIDE (__init_array_start = .)
 *(SORT_BY_NAME(.init_array.*))
 *(.init_array)
 .init_array    0x2000265c        0x4 c:/program files (x86)/gnu tools arm embedded/7 2018-q2-update/bin/../lib/gcc/arm-none-eabi/7.3.1/thumb/v7e-m/fpv4-sp/hard/crtbegin.o
                0x20002660                PROVIDE (__init_array_end = .)
                0x20002660                . = ALIGN (0x4)
                [!provide]                PROVIDE (__fini_array_start = .)
 *(SORT_BY_NAME(.fini_array.*))
 *(.fini_array)
 .fini_array    0x20002660        0x4 c:/program files (x86)/gnu tools arm embedded/7 2018-q2-update/bin/../lib/gcc/arm-none-eabi/7.3.1/thumb/v7e-m/fpv4-sp/hard/crtbegin.o
                [!provide]                PROVIDE (__fini_array_end = .)
 *(.jcr*)
                0x20002664                . = ALIGN (0x4)
                0x20002664                __data_end__ = .
LOAD c:/program files (x86)/gnu tools arm embedded/7 2018-q2-update/bin/../lib/gcc/arm-none-eabi/7.3.1/thumb/v7e-m/fpv4-sp/hard/crti.o
LOAD c:/program files (x86)/gnu tools arm embedded/7 2018-q2-update/bin/../lib/gcc/arm-none-eabi/7.3.1/thumb/v7e-m/fpv4-sp/hard/crtbegin.o
LOAD c:/program files (x86)/gnu tools arm embedded/7 2018-q2-update/bin/../lib/gcc/arm-none-eabi/7.3.1/../../../../arm-none-eabi/lib/thumb/v7e-m/fpv4-sp/hard/crt0.o
LOAD _build/nrf52832_xxaa/gcc_startup_nrf52.S.o
LOAD _build/nrf52832_xxaa/nrf_log_backend_rtt.c.o
LOAD _build/nrf52832_xxaa/nrf_log_backend_serial.c.o
LOAD _build/nrf52832_xxaa/nrf_log_backend_uart.c.o
LOAD _build/nrf52832_xxaa/nrf_log_default_backends.c.o
LOAD _build/nrf52832_xxaa/nrf_log_frontend.c.o
LOAD _build/nrf52832_xxaa/nrf_log_str_formatter.c.o
LOAD _build/nrf52832_xxaa/app_button.c.o
LOAD _build/nrf52832_xxaa/app_error.c.o
LOAD _build/nrf52832_xxaa/app_error_handler_gcc.c.o
LOAD _build/nrf52832_xxaa/app_error_weak.c.o
LOAD _build/nrf52832_xxaa/app_scheduler.c.o
LOAD _build/nrf52832_xxaa/app_timer.c.o
LOAD _build/nrf52832_xxaa/app_util_platform.c.o
LOAD _build/nrf52832_xxaa/crc16.c.o
LOAD _build/nrf52832_xxaa/fds.c.o
LOAD _build/nrf52832_xxaa/hardfault_implementation.c.o
LOAD _build/nrf52832_xxaa/nrf_assert.c.o
LOAD _build/nrf52832_xxaa/nrf_atfifo.c.o
LOAD _build/nrf52832_xxaa/nrf_atflags.c.o
LOAD _build/nrf52832_xxaa/nrf_atomic.c.o
LOAD _build/nrf52832_xxaa/nrf_balloc.c.o
LOAD _build/nrf52832_xxaa/nrf_fprintf.c.o
LOAD _build/nrf52832_xxaa/nrf_fprintf_format.c.o
LOAD _build/nrf52832_xxaa/nrf_fstorage.c.o
LOAD _build/nrf52832_xxaa/nrf_fstorage_sd.c.o
LOAD _build/nrf52832_xxaa/nrf_memobj.c.o
LOAD _build/nrf52832_xxaa/nrf_pwr_mgmt.c.o
LOAD _build/nrf52832_xxaa/nrf_section_iter.c.o
LOAD _build/nrf52832_xxaa/nrf_strerror.c.o
LOAD _build/nrf52832_xxaa/sensorsim.c.o
LOAD _build/nrf52832_xxaa/system_nrf52.c.o
LOAD _build/nrf52832_xxaa/boards.c.o
LOAD _build/nrf52832_xxaa/nrf_drv_clock.c.o
LOAD _build/nrf52832_xxaa/nrf_drv_uart.c.o
LOAD _build/nrf52832_xxaa/nrf_drv_twi.c.o
LOAD _build/nrf52832_xxaa/nrfx_clock.c.o
LOAD _build/nrf52832_xxaa/nrfx_gpiote.c.o
LOAD _build/nrf52832_xxaa/nrfx_power_clock.c.o
LOAD _build/nrf52832_xxaa/nrfx_prs.c.o
LOAD _build/nrf52832_xxaa/nrfx_twi.c.o
LOAD _build/nrf52832_xxaa/nrfx_twim.c.o
LOAD _build/nrf52832_xxaa/nrfx_uart.c.o
LOAD _build/nrf52832_xxaa/nrfx_uarte.c.o
LOAD _build/nrf52832_xxaa/bsp.c.o
LOAD _build/nrf52832_xxaa/bsp_btn_ble.c.o
LOAD _build/nrf52832_xxaa/main.c.o
LOAD _build/nrf52832_xxaa/SEGGER_RTT.c.o
LOAD _build/nrf52832_xxaa/SEGGER_RTT_Syscalls_GCC.c.o
LOAD _build/nrf52832_xxaa/SEGGER_RTT_printf.c.o
LOAD _build/nrf52832_xxaa/ble_advdata.c.o
LOAD _build/nrf52832_xxaa/ble_advertising.c.o
LOAD _build/nrf52832_xxaa/ble_conn_params.c.o
LOAD _build/nrf52832_xxaa/ble_conn_state.c.o
LOAD _build/nrf52832_xxaa/ble_link_ctx_manager.c.o
LOAD _build/nrf52832_xxaa/ble_srv_common.c.o
LOAD _build/nrf52832_xxaa/gatt_cache_manager.c.o
LOAD _build/nrf52832_xxaa/gatts_cache_manager.c.o
LOAD _build/nrf52832_xxaa/id_manager.c.o
LOAD _build/nrf52832_xxaa/nrf_ble_gatt.c.o
LOAD _build/nrf52832_xxaa/nrf_ble_qwr.c.o
LOAD _build/nrf52832_xxaa/peer_data_storage.c.o
LOAD _build/nrf52832_xxaa/peer_database.c.o
LOAD _build/nrf52832_xxaa/peer_id.c.o
LOAD _build/nrf52832_xxaa/peer_manager.c.o
LOAD _build/nrf52832_xxaa/pm_buffer.c.o
LOAD _build/nrf52832_xxaa/pm_mutex.c.o
LOAD _build/nrf52832_xxaa/security_dispatcher.c.o
LOAD _build/nrf52832_xxaa/security_manager.c.o
LOAD _build/nrf52832_xxaa/ble_bas.c.o
LOAD _build/nrf52832_xxaa/ble_dis.c.o
LOAD _build/nrf52832_xxaa/ble_hids.c.o
LOAD _build/nrf52832_xxaa/nrf_sdh.c.o
LOAD _build/nrf52832_xxaa/nrf_sdh_ble.c.o
LOAD _build/nrf52832_xxaa/nrf_sdh_soc.c.o
LOAD c:/program files (x86)/gnu tools arm embedded/7 2018-q2-update/bin/../lib/gcc/arm-none-eabi/7.3.1/../../../../arm-none-eabi/lib/thumb/v7e-m/fpv4-sp/hard\libc_nano.a
LOAD c:/program files (x86)/gnu tools arm embedded/7 2018-q2-update/bin/../lib/gcc/arm-none-eabi/7.3.1/../../../../arm-none-eabi/lib/thumb/v7e-m/fpv4-sp/hard\libnosys.a
LOAD c:/program files (x86)/gnu tools arm embedded/7 2018-q2-update/bin/../lib/gcc/arm-none-eabi/7.3.1/../../../../arm-none-eabi/lib/thumb/v7e-m/fpv4-sp/hard\libm.a
START GROUP
LOAD c:/program files (x86)/gnu tools arm embedded/7 2018-q2-update/bin/../lib/gcc/arm-none-eabi/7.3.1/thumb/v7e-m/fpv4-sp/hard\libgcc.a
LOAD c:/program files (x86)/gnu tools arm embedded/7 2018-q2-update/bin/../lib/gcc/arm-none-eabi/7.3.1/../../../../arm-none-eabi/lib/thumb/v7e-m/fpv4-sp/hard\libg_nano.a
LOAD c:/program files (x86)/gnu tools arm embedded/7 2018-q2-update/bin/../lib/gcc/arm-none-eabi/7.3.1/../../../../arm-none-eabi/lib/thumb/v7e-m/fpv4-sp/hard\libc_nano.a
END GROUP
START GROUP
LOAD c:/program files (x86)/gnu tools arm embedded/7 2018-q2-update/bin/../lib/gcc/arm-none-eabi/7.3.1/thumb/v7e-m/fpv4-sp/hard\libgcc.a
LOAD c:/program files (x86)/gnu tools arm embedded/7 2018-q2-update/bin/../lib/gcc/arm-none-eabi/7.3.1/../../../../arm-none-eabi/lib/thumb/v7e-m/fpv4-sp/hard\libc_nano.a
END GROUP
LOAD c:/program files (x86)/gnu tools arm embedded/7 2018-q2-update/bin/../lib/gcc/arm-none-eabi/7.3.1/thumb/v7e-m/fpv4-sp/hard/crtend.o
LOAD c:/program files (x86)/gnu tools arm embedded/7 2018-q2-update/bin/../lib/gcc/arm-none-eabi/7.3.1/thumb/v7e-m/fpv4-sp/hard/crtn.o
START GROUP
LOAD c:/program files (x86)/gnu tools arm embedded/7 2018-q2-update/bin/../lib/gcc/arm-none-eabi/7.3.1/thumb/v7e-m/fpv4-sp/hard\libgcc.a
LOAD c:/program files (x86)/gnu tools arm embedded/7 2018-q2-update/bin/../lib/gcc/arm-none-eabi/7.3.1/../../../../arm-none-eabi/lib/thumb/v7e-m/fpv4-sp/hard\libc.a
LOAD c:/program files (x86)/gnu tools arm embedded/7 2018-q2-update/bin/../lib/gcc/arm-none-eabi/7.3.1/../../../../arm-none-eabi/lib/thumb/v7e-m/fpv4-sp/hard\libnosys.a
END GROUP

.igot.plt       0x20002664        0x0 load address 0x000357a8
 .igot.plt      0x20002664        0x0 c:/program files (x86)/gnu tools arm embedded/7 2018-q2-update/bin/../lib/gcc/arm-none-eabi/7.3.1/thumb/v7e-m/fpv4-sp/hard/crtbegin.o
                0x20002664                . = ALIGN (0x4)

.mem_section_dummy_ram

.log_dynamic_data
                0x20002664       0x48 load address 0x000357a8
                0x20002664                PROVIDE (__start_log_dynamic_data = .)
 *(SORT_BY_NAME(.log_dynamic_data*))
 .log_dynamic_data_CLOCK
                0x20002664        0x4 _build/nrf52832_xxaa/nrfx_clock.c.o
                0x20002664                m_nrf_log_CLOCK_logs_data_dynamic
 .log_dynamic_data_GPIOTE
                0x20002668        0x4 _build/nrf52832_xxaa/nrfx_gpiote.c.o
                0x20002668                m_nrf_log_GPIOTE_logs_data_dynamic
 .log_dynamic_data_PRS
                0x2000266c        0x4 _build/nrf52832_xxaa/nrfx_prs.c.o
                0x2000266c                m_nrf_log_PRS_logs_data_dynamic
 .log_dynamic_data_TWIM
                0x20002670        0x4 _build/nrf52832_xxaa/nrfx_twim.c.o
                0x20002670                m_nrf_log_TWIM_logs_data_dynamic
 .log_dynamic_data_UART
                0x20002674        0x4 _build/nrf52832_xxaa/nrfx_uart.c.o
                0x20002674                m_nrf_log_UART_logs_data_dynamic
 .log_dynamic_data_UARTE
                0x20002678        0x4 _build/nrf52832_xxaa/nrfx_uarte.c.o
                0x20002678                m_nrf_log_UARTE_logs_data_dynamic
 .log_dynamic_data_app
                0x2000267c        0x4 _build/nrf52832_xxaa/nrf_log_frontend.c.o