Archive member included to satisfy reference by file (symbol)

c:/program files (x86)/gnu tools arm embedded/7 2018-q2-update/bin/../lib/gcc/arm-none-eabi/7.3.1/../../../../arm-none-eabi/lib/thumb/v7e-m/fpv4-sp/hard\libc_nano.a(lib_a-exit.o)
                              c:/program files (x86)/gnu tools arm embedded/7 2018-q2-update/bin/../lib/gcc/arm-none-eabi/7.3.1/../../../../arm-none-eabi/lib/thumb/v7e-m/fpv4-sp/hard/crt0.o (exit)
c:/program files (x86)/gnu tools arm embedded/7 2018-q2-update/bin/../lib/gcc/arm-none-eabi/7.3.1/../../../../arm-none-eabi/lib/thumb/v7e-m/fpv4-sp/hard\libc_nano.a(lib_a-impure.o)
                              c:/program files (x86)/gnu tools arm embedded/7 2018-q2-update/bin/../lib/gcc/arm-none-eabi/7.3.1/../../../../arm-none-eabi/lib/thumb/v7e-m/fpv4-sp/hard\libc_nano.a(lib_a-exit.o) (_global_impure_ptr)
c:/program files (x86)/gnu tools arm embedded/7 2018-q2-update/bin/../lib/gcc/arm-none-eabi/7.3.1/../../../../arm-none-eabi/lib/thumb/v7e-m/fpv4-sp/hard\libc_nano.a(lib_a-init.o)
                              c:/program files (x86)/gnu tools arm embedded/7 2018-q2-update/bin/../lib/gcc/arm-none-eabi/7.3.1/../../../../arm-none-eabi/lib/thumb/v7e-m/fpv4-sp/hard/crt0.o (__libc_init_array)
c:/program files (x86)/gnu tools arm embedded/7 2018-q2-update/bin/../lib/gcc/arm-none-eabi/7.3.1/../../../../arm-none-eabi/lib/thumb/v7e-m/fpv4-sp/hard\libc_nano.a(lib_a-locale.o)
                              _build/nrf52832_xxaa/nrf_log_str_formatter.c.o (__locale_ctype_ptr)
c:/program files (x86)/gnu tools arm embedded/7 2018-q2-update/bin/../lib/gcc/arm-none-eabi/7.3.1/../../../../arm-none-eabi/lib/thumb/v7e-m/fpv4-sp/hard\libc_nano.a(lib_a-mbtowc_r.o)
                              c:/program files (x86)/gnu tools arm embedded/7 2018-q2-update/bin/../lib/gcc/arm-none-eabi/7.3.1/../../../../arm-none-eabi/lib/thumb/v7e-m/fpv4-sp/hard\libc_nano.a(lib_a-locale.o) (__ascii_mbtowc)
c:/program files (x86)/gnu tools arm embedded/7 2018-q2-update/bin/../lib/gcc/arm-none-eabi/7.3.1/../../../../arm-none-eabi/lib/thumb/v7e-m/fpv4-sp/hard\libc_nano.a(lib_a-memcpy-stub.o)
                              _build/nrf52832_xxaa/nrf_log_frontend.c.o (memcpy)
c:/program files (x86)/gnu tools arm embedded/7 2018-q2-update/bin/../lib/gcc/arm-none-eabi/7.3.1/../../../../arm-none-eabi/lib/thumb/v7e-m/fpv4-sp/hard\libc_nano.a(lib_a-memset.o)
                              c:/program files (x86)/gnu tools arm embedded/7 2018-q2-update/bin/../lib/gcc/arm-none-eabi/7.3.1/../../../../arm-none-eabi/lib/thumb/v7e-m/fpv4-sp/hard/crt0.o (memset)
c:/program files (x86)/gnu tools arm embedded/7 2018-q2-update/bin/../lib/gcc/arm-none-eabi/7.3.1/../../../../arm-none-eabi/lib/thumb/v7e-m/fpv4-sp/hard\libc_nano.a(lib_a-strcmp.o)
                              c:/program files (x86)/gnu tools arm embedded/7 2018-q2-update/bin/../lib/gcc/arm-none-eabi/7.3.1/../../../../arm-none-eabi/lib/thumb/v7e-m/fpv4-sp/hard\libc_nano.a(lib_a-locale.o) (strcmp)
c:/program files (x86)/gnu tools arm embedded/7 2018-q2-update/bin/../lib/gcc/arm-none-eabi/7.3.1/../../../../arm-none-eabi/lib/thumb/v7e-m/fpv4-sp/hard\libc_nano.a(lib_a-strcpy.o)
                              _build/nrf52832_xxaa/SEGGER_RTT.c.o (strcpy)
c:/program files (x86)/gnu tools arm embedded/7 2018-q2-update/bin/../lib/gcc/arm-none-eabi/7.3.1/../../../../arm-none-eabi/lib/thumb/v7e-m/fpv4-sp/hard\libc_nano.a(lib_a-strlen.o)
                              _build/nrf52832_xxaa/nrf_log_frontend.c.o (strlen)
c:/program files (x86)/gnu tools arm embedded/7 2018-q2-update/bin/../lib/gcc/arm-none-eabi/7.3.1/../../../../arm-none-eabi/lib/thumb/v7e-m/fpv4-sp/hard\libc_nano.a(lib_a-wctomb_r.o)
                              c:/program files (x86)/gnu tools arm embedded/7 2018-q2-update/bin/../lib/gcc/arm-none-eabi/7.3.1/../../../../arm-none-eabi/lib/thumb/v7e-m/fpv4-sp/hard\libc_nano.a(lib_a-locale.o) (__ascii_wctomb)
c:/program files (x86)/gnu tools arm embedded/7 2018-q2-update/bin/../lib/gcc/arm-none-eabi/7.3.1/../../../../arm-none-eabi/lib/thumb/v7e-m/fpv4-sp/hard\libc_nano.a(lib_a-ctype_.o)
                              c:/program files (x86)/gnu tools arm embedded/7 2018-q2-update/bin/../lib/gcc/arm-none-eabi/7.3.1/../../../../arm-none-eabi/lib/thumb/v7e-m/fpv4-sp/hard\libc_nano.a(lib_a-locale.o) (_ctype_)
c:/program files (x86)/gnu tools arm embedded/7 2018-q2-update/bin/../lib/gcc/arm-none-eabi/7.3.1/../../../../arm-none-eabi/lib/thumb/v7e-m/fpv4-sp/hard\libnosys.a(_exit.o)
                              c:/program files (x86)/gnu tools arm embedded/7 2018-q2-update/bin/../lib/gcc/arm-none-eabi/7.3.1/../../../../arm-none-eabi/lib/thumb/v7e-m/fpv4-sp/hard\libc_nano.a(lib_a-exit.o) (_exit)

Allocating common symbols
Common symbol       size              file

GestureOutput       0x8               _build/nrf52832_xxaa/main.c.o
AirWheelInfo        0x1               _build/nrf52832_xxaa/main.c.o
nrf_drv_uart_use_easy_dma
[...]
Memory Configuration

Name             Origin             Length             Attributes
FLASH            0x00000000         0x00080000         xr
RAM              0x20000000         0x00010000         xrw
*default*        0x00000000         0xffffffff

Linker script and memory map


.text           0x00000000     0x34c0
 *(.isr_vector)
 .isr_vector    0x00000000      0x200 _build/nrf52832_xxaa/gcc_startup_nrf52.S.o
                0x00000000                __isr_vector
 *(.text*)
 .text          0x00000200       0x40 c:/program files (x86)/gnu tools arm embedded/7 2018-q2-update/bin/../lib/gcc/arm-none-eabi/7.3.1/thumb/v7e-m/fpv4-sp/hard/crtbegin.o
 .text          0x00000240       0x74 c:/program files (x86)/gnu tools arm embedded/7 2018-q2-update/bin/../lib/gcc/arm-none-eabi/7.3.1/../../../../arm-none-eabi/lib/thumb/v7e-m/fpv4-sp/hard/crt0.o
                0x00000240                _start
                0x00000240                _mainCRTStartup
 .text          0x000002b4       0x3c _build/nrf52832_xxaa/gcc_startup_nrf52.S.o
                0x000002b4                Reset_Handler
                0x000002dc                NMI_Handler
                0x000002de                HardFault_Handler
                0x000002e0                MemoryManagement_Handler
                0x000002e2                BusFault_Handler
                0x000002e4                UsageFault_Handler
                0x000002e6                SVC_Handler
                0x000002e8                DebugMon_Handler
                0x000002ea                PendSV_Handler
                0x000002ec                SysTick_Handler
                0x000002ee                SWI0_EGU0_IRQHandler
                0x000002ee                POWER_CLOCK_IRQHandler
                0x000002ee                RADIO_IRQHandler
                0x000002ee                PWM1_IRQHandler
                0x000002ee                TEMP_IRQHandler
                0x000002ee                QDEC_IRQHandler
                0x000002ee                TIMER3_IRQHandler
                0x000002ee                FPU_IRQHandler
                0x000002ee                PDM_IRQHandler
                0x000002ee                TIMER4_IRQHandler
                0x000002ee                I2S_IRQHandler
                0x000002ee                RTC0_IRQHandler
                0x000002ee                TIMER0_IRQHandler
                0x000002ee                SWI2_EGU2_IRQHandler
                0x000002ee                TIMER1_IRQHandler
                0x000002ee                PWM2_IRQHandler
                0x000002ee                ECB_IRQHandler
                0x000002ee                Default_Handler
                0x000002ee                SAADC_IRQHandler
                0x000002ee                CCM_AAR_IRQHandler
                0x000002ee                WDT_IRQHandler
                0x000002ee                GPIOTE_IRQHandler
                0x000002ee                SWI5_EGU5_IRQHandler
                0x000002ee                RNG_IRQHandler
                0x000002ee                RTC2_IRQHandler
                0x000002ee                PWM0_IRQHandler
                0x000002ee                SWI3_EGU3_IRQHandler
                0x000002ee                RTC1_IRQHandler
                0x000002ee                SWI1_EGU1_IRQHandler
                0x000002ee                SPIM2_SPIS2_SPI2_IRQHandler
                0x000002ee                NFCT_IRQHandler
                0x000002ee                SWI4_EGU4_IRQHandler
                0x000002ee                MWU_IRQHandler
                0x000002ee                TIMER2_IRQHandler
                0x000002ee                COMP_LPCOMP_IRQHandler
 .text.nrf_log_backend_serial_put
                0x000002f0       0xd4 _build/nrf52832_xxaa/nrf_log_backend_serial.c.o
                0x000002f0                nrf_log_backend_serial_put
 .text.uart_evt_handler
                0x000003c4        0xc _build/nrf52832_xxaa/nrf_log_backend_uart.c.o
 .text.nrf_log_backend_uart_flush
                0x000003d0        0x4 _build/nrf52832_xxaa/nrf_log_backend_uart.c.o
 .text.nrf_log_backend_uart_put
                0x000003d4       0x20 _build/nrf52832_xxaa/nrf_log_backend_uart.c.o
 .text.serial_tx
                0x000003f4       0x4c _build/nrf52832_xxaa/nrf_log_backend_uart.c.o
 .text.nrf_log_backend_uart_panic_set
                0x00000440       0x60 _build/nrf52832_xxaa/nrf_log_backend_uart.c.o
 .text.nrf_log_backend_uart_init
                0x000004a0       0x48 _build/nrf52832_xxaa/nrf_log_backend_uart.c.o
                0x000004a0                nrf_log_backend_uart_init
 .text.nrf_log_default_backends_init
                0x000004e8       0x1c _build/nrf52832_xxaa/nrf_log_default_backends.c.o
                0x000004e8                nrf_log_default_backends_init
 .text.log_skip
                0x00000504       0xd0 _build/nrf52832_xxaa/nrf_log_frontend.c.o
 .text.nrf_log_init
                0x000005d4       0x50 _build/nrf52832_xxaa/nrf_log_frontend.c.o
                0x000005d4                nrf_log_init
 .text.nrf_log_module_name_get
                0x00000624       0x5c _build/nrf52832_xxaa/nrf_log_frontend.c.o
                0x00000624                nrf_log_module_name_get
 .text.nrf_log_color_id_get
                0x00000680       0x2c _build/nrf52832_xxaa/nrf_log_frontend.c.o
                0x00000680                nrf_log_color_id_get
 .text.nrf_log_frontend_std_0
                0x000006ac       0xe4 _build/nrf52832_xxaa/nrf_log_frontend.c.o
                0x000006ac                nrf_log_frontend_std_0
 .text.nrf_log_frontend_dequeue.part.6
                0x00000790      0x250 _build/nrf52832_xxaa/nrf_log_frontend.c.o
 .text.nrf_log_frontend_dequeue
                0x000009e0       0x18 _build/nrf52832_xxaa/nrf_log_frontend.c.o
                0x000009e0                nrf_log_frontend_dequeue
 .text.nrf_log_backend_add
                0x000009f8       0x5c _build/nrf52832_xxaa/nrf_log_frontend.c.o
                0x000009f8                nrf_log_backend_add
 .text.nrf_log_panic
                0x00000a54       0x28 _build/nrf52832_xxaa/nrf_log_frontend.c.o
                0x00000a54                nrf_log_panic
 .text.nrf_log_std_entry_process
                0x00000a7c      0x14c _build/nrf52832_xxaa/nrf_log_str_formatter.c.o
                0x00000a7c                nrf_log_std_entry_process
 .text.nrf_log_hexdump_entry_process
                0x00000bc8      0x158 _build/nrf52832_xxaa/nrf_log_str_formatter.c.o
                0x00000bc8                nrf_log_hexdump_entry_process
 .text.app_error_handler_bare
                0x00000d20       0x20 _build/nrf52832_xxaa/app_error.c.o
                0x00000d20                app_error_handler_bare
 .text.app_error_fault_handler
                0x00000d40       0x6c _build/nrf52832_xxaa/app_error_weak.c.o
                0x00000d40                app_error_fault_handler
 .text.app_util_critical_region_enter
                0x00000dac       0x10 _build/nrf52832_xxaa/app_util_platform.c.o
                0x00000dac                app_util_critical_region_enter
 .text.app_util_critical_region_exit
                0x00000dbc       0x14 _build/nrf52832_xxaa/app_util_platform.c.o
                0x00000dbc                app_util_critical_region_exit
 .text.nrf_atomic_u32_fetch_store
                0x00000dd0       0x14 _build/nrf52832_xxaa/nrf_atomic.c.o
                0x00000dd0                nrf_atomic_u32_fetch_store
 .text.nrf_atomic_u32_add
                0x00000de4       0x18 _build/nrf52832_xxaa/nrf_atomic.c.o
                0x00000de4                nrf_atomic_u32_add
 .text.nrf_atomic_u32_sub
                0x00000dfc       0x18 _build/nrf52832_xxaa/nrf_atomic.c.o
                0x00000dfc                nrf_atomic_u32_sub
 .text.nrf_atomic_flag_set
                0x00000e14       0x18 _build/nrf52832_xxaa/nrf_atomic.c.o
                0x00000e14                nrf_atomic_flag_set
 .text.nrf_atomic_flag_clear_fetch
                0x00000e2c       0x18 _build/nrf52832_xxaa/nrf_atomic.c.o
                0x00000e2c                nrf_atomic_flag_clear_fetch
 .text.nrf_balloc_init
                0x00000e44       0x38 _build/nrf52832_xxaa/nrf_balloc.c.o
                0x00000e44                nrf_balloc_init
 .text.nrf_balloc_alloc
                0x00000e7c       0x44 _build/nrf52832_xxaa/nrf_balloc.c.o
                0x00000e7c                nrf_balloc_alloc
 .text.nrf_balloc_free
                0x00000ec0       0x2c _build/nrf52832_xxaa/nrf_balloc.c.o
                0x00000ec0                nrf_balloc_free
 .text.nrf_fprintf_buffer_flush
                0x00000eec       0x18 _build/nrf52832_xxaa/nrf_fprintf.c.o
                0x00000eec                nrf_fprintf_buffer_flush
 .text.nrf_fprintf
                0x00000f04       0x20 _build/nrf52832_xxaa/nrf_fprintf.c.o
                0x00000f04                nrf_fprintf
 .text.unsigned_print
                0x00000f24      0x10c _build/nrf52832_xxaa/nrf_fprintf_format.c.o
 .text.nrf_fprintf_fmt
                0x00001030      0x5c4 _build/nrf52832_xxaa/nrf_fprintf_format.c.o
                0x00001030                nrf_fprintf_fmt
 .text.nrf_memobj_pool_init
                0x000015f4        0x4 _build/nrf52832_xxaa/nrf_memobj.c.o
                0x000015f4                nrf_memobj_pool_init
 .text.nrf_memobj_alloc
                0x000015f8       0x84 _build/nrf52832_xxaa/nrf_memobj.c.o
                0x000015f8                nrf_memobj_alloc
 .text.nrf_memobj_get
                0x0000167c        0x8 _build/nrf52832_xxaa/nrf_memobj.c.o
                0x0000167c                nrf_memobj_get
 .text.nrf_memobj_put
                0x00001684       0x44 _build/nrf52832_xxaa/nrf_memobj.c.o
                0x00001684                nrf_memobj_put
 .text.nrf_memobj_write
                0x000016c8       0x5c _build/nrf52832_xxaa/nrf_memobj.c.o
                0x000016c8                nrf_memobj_write
 .text.nrf_memobj_read
                0x00001724       0x5c _build/nrf52832_xxaa/nrf_memobj.c.o
                0x00001724                nrf_memobj_read
 .text.twim_evt_handler
                0x00001780       0x48 _build/nrf52832_xxaa/nrf_drv_twi.c.o
 .text.nrf_drv_twi_init
                0x000017c8       0xfc _build/nrf52832_xxaa/nrf_drv_twi.c.o
                0x000017c8                nrf_drv_twi_init
 .text.uarte_evt_handler
                0x000018c4       0x34 _build/nrf52832_xxaa/nrf_drv_uart.c.o
 .text.uart_evt_handler
                0x000018f8       0x34 _build/nrf52832_xxaa/nrf_drv_uart.c.o
 .text.nrf_drv_uart_init
                0x0000192c       0x80 _build/nrf52832_xxaa/nrf_drv_uart.c.o
                0x0000192c                nrf_drv_uart_init
 .text.UARTE0_UART0_IRQHandler
                0x000019ac        0xc _build/nrf52832_xxaa/nrfx_prs.c.o
                0x000019ac                UARTE0_UART0_IRQHandler
 .text.nrfx_prs_acquire
                0x000019b8       0x3c _build/nrf52832_xxaa/nrfx_prs.c.o
                0x000019b8                nrfx_prs_acquire
 .text.nrfx_prs_release
                0x000019f4       0x18 _build/nrf52832_xxaa/nrfx_prs.c.o
                0x000019f4                nrfx_prs_release
 .text.SPIM1_SPIS1_TWIM1_TWIS1_SPI1_TWI1_IRQHandler
                0x00001a0c      0x184 _build/nrf52832_xxaa/nrfx_twim.c.o
                0x00001a0c                SPIM1_SPIS1_TWIM1_TWIS1_SPI1_TWI1_IRQHandler
 .text.SPIM0_SPIS0_TWIM0_TWIS0_SPI0_TWI0_IRQHandler
                0x00001b90      0x178 _build/nrf52832_xxaa/nrfx_twim.c.o
                0x00001b90                SPIM0_SPIS0_TWIM0_TWIS0_SPI0_TWI0_IRQHandler
 .text.nrfx_twim_init
                0x00001d08      0x100 _build/nrf52832_xxaa/nrfx_twim.c.o
                0x00001d08                nrfx_twim_init
 .text.nrfx_twim_enable
                0x00001e08       0x20 _build/nrf52832_xxaa/nrfx_twim.c.o
                0x00001e08                nrfx_twim_enable
 .text.nrfx_twim_xfer
                0x00001e28      0x2b4 _build/nrf52832_xxaa/nrfx_twim.c.o
                0x00001e28                nrfx_twim_xfer
 .text.nrfx_uart_0_irq_handler
                0x000020dc      0x1bc _build/nrf52832_xxaa/nrfx_uart.c.o
                0x000020dc                nrfx_uart_0_irq_handler
 .text.nrfx_uart_init
                0x00002298      0x1a4 _build/nrf52832_xxaa/nrfx_uart.c.o
                0x00002298                nrfx_uart_init
 .text.nrfx_uart_uninit
                0x0000243c       0xcc _build/nrf52832_xxaa/nrfx_uart.c.o
                0x0000243c                nrfx_uart_uninit
 .text.nrfx_uart_tx
                0x00002508       0xcc _build/nrf52832_xxaa/nrfx_uart.c.o
                0x00002508                nrfx_uart_tx
 .text.nrfx_uarte_0_irq_handler
                0x000025d4      0x128 _build/nrf52832_xxaa/nrfx_uarte.c.o
                0x000025d4                nrfx_uarte_0_irq_handler
 .text.nrfx_uarte_init
                0x000026fc      0x1c4 _build/nrf52832_xxaa/nrfx_uarte.c.o
                0x000026fc                nrfx_uarte_init
 .text.nrfx_uarte_uninit
                0x000028c0       0xd0 _build/nrf52832_xxaa/nrfx_uarte.c.o
                0x000028c0                nrfx_uarte_uninit
 .text.nrfx_uarte_tx
                0x00002990       0xa0 _build/nrf52832_xxaa/nrfx_uarte.c.o
                0x00002990                nrfx_uarte_tx
 .text.mgc3130_twi_handler
                0x00002a30       0x10 _build/nrf52832_xxaa/main.c.o
                0x00002a30                mgc3130_twi_handler
 .text.drv2605_twi_handler
                0x00002a40       0x10 _build/nrf52832_xxaa/main.c.o
                0x00002a40                drv2605_twi_handler
 .text.mgc3130_get_event
                0x00002a50       0x74 _build/nrf52832_xxaa/main.c.o
 .text.twi_init
                0x00002ac4       0x7c _build/nrf52832_xxaa/main.c.o
                0x00002ac4                twi_init
 .text.startup.main
                0x00002b40      0x19c _build/nrf52832_xxaa/main.c.o
                0x00002b40                main
 .text.SystemInit
                0x00002cdc      0x3c0 _build/nrf52832_xxaa/system_nrf52.c.o
                0x00002cdc                SystemInit
 .text.exit     0x0000309c       0x28 c:/program files (x86)/gnu tools arm embedded/7 2018-q2-update/bin/../lib/gcc/arm-none-eabi/7.3.1/../../../../arm-none-eabi/lib/thumb/v7e-m/fpv4-sp/hard\libc_nano.a(lib_a-exit.o)
                0x0000309c                exit
 .text.__libc_init_array
                0x000030c4       0x48 c:/program files (x86)/gnu tools arm embedded/7 2018-q2-update/bin/../lib/gcc/arm-none-eabi/7.3.1/../../../../arm-none-eabi/lib/thumb/v7e-m/fpv4-sp/hard\libc_nano.a(lib_a-init.o)
                0x000030c4                __libc_init_array
 .text.__locale_ctype_ptr
                0x0000310c       0x1c c:/program files (x86)/gnu tools arm embedded/7 2018-q2-update/bin/../lib/gcc/arm-none-eabi/7.3.1/../../../../arm-none-eabi/lib/thumb/v7e-m/fpv4-sp/hard\libc_nano.a(lib_a-locale.o)
                0x0000310c                __locale_ctype_ptr
 .text.__ascii_mbtowc
                0x00003128       0x24 c:/program files (x86)/gnu tools arm embedded/7 2018-q2-update/bin/../lib/gcc/arm-none-eabi/7.3.1/../../../../arm-none-eabi/lib/thumb/v7e-m/fpv4-sp/hard\libc_nano.a(lib_a-mbtowc_r.o)
                0x00003128                __ascii_mbtowc
 .text.memcpy   0x0000314c       0x16 c:/program files (x86)/gnu tools arm embedded/7 2018-q2-update/bin/../lib/gcc/arm-none-eabi/7.3.1/../../../../arm-none-eabi/lib/thumb/v7e-m/fpv4-sp/hard\libc_nano.a(lib_a-memcpy-stub.o)
                0x0000314c                memcpy
 .text.memset   0x00003162       0x10 c:/program files (x86)/gnu tools arm embedded/7 2018-q2-update/bin/../lib/gcc/arm-none-eabi/7.3.1/../../../../arm-none-eabi/lib/thumb/v7e-m/fpv4-sp/hard\libc_nano.a(lib_a-memset.o)
                0x00003162                memset
 .text          0x00003172       0x10 c:/program files (x86)/gnu tools arm embedded/7 2018-q2-update/bin/../lib/gcc/arm-none-eabi/7.3.1/../../../../arm-none-eabi/lib/thumb/v7e-m/fpv4-sp/hard\libc_nano.a(lib_a-strlen.o)
                0x00003172                strlen
 .text.__ascii_wctomb
                0x00003182       0x1a c:/program files (x86)/gnu tools arm embedded/7 2018-q2-update/bin/../lib/gcc/arm-none-eabi/7.3.1/../../../../arm-none-eabi/lib/thumb/v7e-m/fpv4-sp/hard\libc_nano.a(lib_a-wctomb_r.o)
                0x00003182                __ascii_wctomb
 .text._exit    0x0000319c        0x4 c:/program files (x86)/gnu tools arm embedded/7 2018-q2-update/bin/../lib/gcc/arm-none-eabi/7.3.1/../../../../arm-none-eabi/lib/thumb/v7e-m/fpv4-sp/hard\libnosys.a(_exit.o)
                0x0000319c                _exit
 *(.init)
 .init          0x000031a0        0x4 c:/program files (x86)/gnu tools arm embedded/7 2018-q2-update/bin/../lib/gcc/arm-none-eabi/7.3.1/thumb/v7e-m/fpv4-sp/hard/crti.o
                0x000031a0                _init
 .init          0x000031a4        0x8 c:/program files (x86)/gnu tools arm embedded/7 2018-q2-update/bin/../lib/gcc/arm-none-eabi/7.3.1/thumb/v7e-m/fpv4-sp/hard/crtn.o
 *(.fini)
 .fini          0x000031ac        0x4 c:/program files (x86)/gnu tools arm embedded/7 2018-q2-update/bin/../lib/gcc/arm-none-eabi/7.3.1/thumb/v7e-m/fpv4-sp/hard/crti.o
                0x000031ac                _fini
 .fini          0x000031b0        0x8 c:/program files (x86)/gnu tools arm embedded/7 2018-q2-update/bin/../lib/gcc/arm-none-eabi/7.3.1/thumb/v7e-m/fpv4-sp/hard/crtn.o
 *crtbegin.o(.ctors)
 *crtbegin?.o(.ctors)
 *(EXCLUDE_FILE(*crtend.o *crtend?.o) .ctors)
 *(SORT_BY_NAME(.ctors.*))
 *(.ctors)
 *crtbegin.o(.dtors)
 *crtbegin?.o(.dtors)
 *(EXCLUDE_FILE(*crtend.o *crtend?.o) .dtors)
 *(SORT_BY_NAME(.dtors.*))
 *(.dtors)
 *(.rodata*)
 .rodata        0x000031b8       0x20 _build/nrf52832_xxaa/nrf_log_backend_uart.c.o
 .rodata.nrf_log_backend_uart_api
                0x000031d8        0xc _build/nrf52832_xxaa/nrf_log_backend_uart.c.o
                0x000031d8                nrf_log_backend_uart_api
 .rodata.nrf_log_frontend_dequeue.part.6.str1.4
                0x000031e4       0x11 _build/nrf52832_xxaa/nrf_log_frontend.c.o
 *fill*         0x000031f5        0x3 
 .rodata.str1.4
                0x000031f8       0x17 _build/nrf52832_xxaa/nrf_log_frontend.c.o
 *fill*         0x0000320f        0x1 
 .rodata.m_colors
                0x00003210       0x24 _build/nrf52832_xxaa/nrf_log_str_formatter.c.o
 .rodata.nrf_log_hexdump_entry_process.str1.4
                0x00003234       0x13 _build/nrf52832_xxaa/nrf_log_str_formatter.c.o
                                 0x16 (size before relaxing)
 *fill*         0x00003247        0x1 
 .rodata.nrf_log_std_entry_process.str1.4
                0x00003248       0x3b _build/nrf52832_xxaa/nrf_log_str_formatter.c.o
 *fill*         0x00003283        0x1 
 .rodata.severity_names
                0x00003284       0x14 _build/nrf52832_xxaa/nrf_log_str_formatter.c.o
 .rodata.str1.4
                0x00003298       0x56 _build/nrf52832_xxaa/nrf_log_str_formatter.c.o
 *fill*         0x000032ee        0x2 
 .rodata.app_error_fault_handler.str1.4
                0x000032f0       0x19 _build/nrf52832_xxaa/app_error_weak.c.o
 *fill*         0x00003309        0x3 
 .rodata._aV2C.7399
                0x0000330c       0x10 _build/nrf52832_xxaa/nrf_fprintf_format.c.o
 *fill*         0x0000331c        0x4 
 .rodata.delay_bytecode.7908
                0x00003320        0x6 _build/nrf52832_xxaa/nrf_drv_twi.c.o
 *fill*         0x00003326        0x2 
 .rodata.str1.4
                0x00003328        0x4 _build/nrf52832_xxaa/nrfx_prs.c.o
 .rodata.irq_handlers.8724
                0x0000332c        0x8 _build/nrf52832_xxaa/nrfx_twim.c.o
 .rodata.str1.4
                0x00003334        0x5 _build/nrf52832_xxaa/nrfx_twim.c.o
 *fill*         0x00003339        0x3 
 .rodata.str1.4
                0x0000333c        0x5 _build/nrf52832_xxaa/nrfx_uart.c.o
 *fill*         0x00003341        0x3 
 .rodata.str1.4
                0x00003344        0x6 _build/nrf52832_xxaa/nrfx_uarte.c.o
 *fill*         0x0000334a        0x6 
 .rodata.delay_bytecode.7908
                0x00003350        0x6 _build/nrf52832_xxaa/main.c.o
 *fill*         0x00003356        0x2 
 .rodata.drv2605_twi
                0x00003358       0x10 _build/nrf52832_xxaa/main.c.o
 .rodata.main.str1.4
                0x00003368       0x34 _build/nrf52832_xxaa/main.c.o
                                 0x33 (size before relaxing)
 .rodata.mgc3130_twi
                0x0000339c       0x10 _build/nrf52832_xxaa/main.c.o
 .rodata._global_impure_ptr
                0x000033ac        0x4 c:/program files (x86)/gnu tools arm embedded/7 2018-q2-update/bin/../lib/gcc/arm-none-eabi/7.3.1/../../../../arm-none-eabi/lib/thumb/v7e-m/fpv4-sp/hard\libc_nano.a(lib_a-impure.o)
                0x000033ac                _global_impure_ptr
 .rodata._setlocale_r.str1.1
                0x000033b0        0x8 c:/program files (x86)/gnu tools arm embedded/7 2018-q2-update/bin/../lib/gcc/arm-none-eabi/7.3.1/../../../../arm-none-eabi/lib/thumb/v7e-m/fpv4-sp/hard\libc_nano.a(lib_a-locale.o)
                                  0x9 (size before relaxing)
 .rodata.str1.1
                0x000033b8        0x2 c:/program files (x86)/gnu tools arm embedded/7 2018-q2-update/bin/../lib/gcc/arm-none-eabi/7.3.1/../../../../arm-none-eabi/lib/thumb/v7e-m/fpv4-sp/hard\libc_nano.a(lib_a-locale.o)
 .rodata._ctype_
                0x000033ba      0x101 c:/program files (x86)/gnu tools arm embedded/7 2018-q2-update/bin/../lib/gcc/arm-none-eabi/7.3.1/../../../../arm-none-eabi/lib/thumb/v7e-m/fpv4-sp/hard\libc_nano.a(lib_a-ctype_.o)
                0x000033ba                _ctype_
 *(.eh_frame*)
 *fill*         0x000034bb        0x1 
 .eh_frame      0x000034bc        0x0 c:/program files (x86)/gnu tools arm embedded/7 2018-q2-update/bin/../lib/gcc/arm-none-eabi/7.3.1/thumb/v7e-m/fpv4-sp/hard/crtbegin.o
 .eh_frame      0x000034bc        0x4 c:/program files (x86)/gnu tools arm embedded/7 2018-q2-update/bin/../lib/gcc/arm-none-eabi/7.3.1/thumb/v7e-m/fpv4-sp/hard/crtend.o

.glue_7         0x000034c0        0x0
 .glue_7        0x000034c0        0x0 linker stubs

.glue_7t        0x000034c0        0x0
 .glue_7t       0x000034c0        0x0 linker stubs

.vfp11_veneer   0x000034c0        0x0
 .vfp11_veneer  0x000034c0        0x0 linker stubs

.v4_bx          0x000034c0        0x0
 .v4_bx         0x000034c0        0x0 linker stubs

.iplt           0x000034c0        0x0
 .iplt          0x000034c0        0x0 c:/program files (x86)/gnu tools arm embedded/7 2018-q2-update/bin/../lib/gcc/arm-none-eabi/7.3.1/thumb/v7e-m/fpv4-sp/hard/crtbegin.o

.mem_section_dummy_rom

.log_const_data
                0x000034c0       0x30
                0x000034c0                PROVIDE (__start_log_const_data = .)
 *(SORT_BY_NAME(.log_const_data*))
 .log_const_data_PRS
                0x000034c0        0x8 _build/nrf52832_xxaa/nrfx_prs.c.o
                0x000034c0                m_nrf_log_PRS_logs_data_const
 .log_const_data_TWIM
                0x000034c8        0x8 _build/nrf52832_xxaa/nrfx_twim.c.o
                0x000034c8                m_nrf_log_TWIM_logs_data_const
 .log_const_data_UART
                0x000034d0        0x8 _build/nrf52832_xxaa/nrfx_uart.c.o
                0x000034d0                m_nrf_log_UART_logs_data_const
 .log_const_data_UARTE
                0x000034d8        0x8 _build/nrf52832_xxaa/nrfx_uarte.c.o
                0x000034d8                m_nrf_log_UARTE_logs_data_const
 .log_const_data_app
                0x000034e0        0x8 _build/nrf52832_xxaa/nrf_log_frontend.c.o
                0x000034e0                m_nrf_log_app_logs_data_const
 .log_const_data_balloc_log_mempool
                0x000034e8        0x8 _build/nrf52832_xxaa/nrf_log_frontend.c.o
                0x000034e8                m_nrf_log_balloc_log_mempool_logs_data_const
                0x000034f0                PROVIDE (__stop_log_const_data = .)

.nrf_balloc     0x000034f0       0x18
                [!provide]                PROVIDE (__start_nrf_balloc = .)
 *(.nrf_balloc)
 .nrf_balloc    0x000034f0       0x18 _build/nrf52832_xxaa/nrf_log_frontend.c.o
                0x000034f0                log_mempool
                [!provide]                PROVIDE (__stop_nrf_balloc = .)

.ARM.extab
 *(.ARM.extab* .gnu.linkonce.armextab.*)
                0x00003508                __exidx_start = .

.ARM.exidx      0x00003508        0x8
 *(.ARM.exidx* .gnu.linkonce.armexidx.*)
 .ARM.exidx     0x00003508        0x8 c:/program files (x86)/gnu tools arm embedded/7 2018-q2-update/bin/../lib/gcc/arm-none-eabi/7.3.1/../../../../arm-none-eabi/lib/thumb/v7e-m/fpv4-sp/hard/crt0.o
                0x00003510                __exidx_end = .
                0x00003510                __etext = .

.rel.dyn        0x00003510        0x0
 .rel.iplt      0x00003510        0x0 c:/program files (x86)/gnu tools arm embedded/7 2018-q2-update/bin/../lib/gcc/arm-none-eabi/7.3.1/thumb/v7e-m/fpv4-sp/hard/crtbegin.o

.data           0x20000000      0x1fc load address 0x00003510
                0x20000000                __data_start__ = .
 *(vtable)
 *(.data*)
 .data.m_uart   0x20000000       0x14 _build/nrf52832_xxaa/nrf_log_backend_uart.c.o
                0x20000000                m_uart
 .data.uart_log_backend
                0x20000014        0xc _build/nrf52832_xxaa/nrf_log_default_backends.c.o
 .data.SystemCoreClock
                0x20000020        0x4 _build/nrf52832_xxaa/system_nrf52.c.o
                0x20000020                SystemCoreClock
 .data._impure_ptr
                0x20000024        0x4 c:/program files (x86)/gnu tools arm embedded/7 2018-q2-update/bin/../lib/gcc/arm-none-eabi/7.3.1/../../../../arm-none-eabi/lib/thumb/v7e-m/fpv4-sp/hard\libc_nano.a(lib_a-impure.o)
                0x20000024                _impure_ptr
 .data.impure_data
                0x20000028       0x60 c:/program files (x86)/gnu tools arm embedded/7 2018-q2-update/bin/../lib/gcc/arm-none-eabi/7.3.1/../../../../arm-none-eabi/lib/thumb/v7e-m/fpv4-sp/hard\libc_nano.a(lib_a-impure.o)
 .data.__global_locale
                0x20000088      0x16c c:/program files (x86)/gnu tools arm embedded/7 2018-q2-update/bin/../lib/gcc/arm-none-eabi/7.3.1/../../../../arm-none-eabi/lib/thumb/v7e-m/fpv4-sp/hard\libc_nano.a(lib_a-locale.o)
                0x20000088                __global_locale
                0x200001f4                . = ALIGN (0x4)
                0x200001f4                PROVIDE (__preinit_array_start = .)
 *(.preinit_array)
                0x200001f4                PROVIDE (__preinit_array_end = .)
                0x200001f4                . = ALIGN (0x4)
                0x200001f4                PROVIDE (__init_array_start = .)
 *(SORT_BY_NAME(.init_array.*))
 *(.init_array)
 .init_array    0x200001f4        0x4 c:/program files (x86)/gnu tools arm embedded/7 2018-q2-update/bin/../lib/gcc/arm-none-eabi/7.3.1/thumb/v7e-m/fpv4-sp/hard/crtbegin.o
                0x200001f8                PROVIDE (__init_array_end = .)
                0x200001f8                . = ALIGN (0x4)
                [!provide]                PROVIDE (__fini_array_start = .)
 *(SORT_BY_NAME(.fini_array.*))
 *(.fini_array)
 .fini_array    0x200001f8        0x4 c:/program files (x86)/gnu tools arm embedded/7 2018-q2-update/bin/../lib/gcc/arm-none-eabi/7.3.1/thumb/v7e-m/fpv4-sp/hard/crtbegin.o
                [!provide]                PROVIDE (__fini_array_end = .)
 *(.jcr*)
                0x200001fc                . = ALIGN (0x4)
                0x200001fc                __data_end__ = .
LOAD c:/program files (x86)/gnu tools arm embedded/7 2018-q2-update/bin/../lib/gcc/arm-none-eabi/7.3.1/thumb/v7e-m/fpv4-sp/hard/crti.o
LOAD c:/program files (x86)/gnu tools arm embedded/7 2018-q2-update/bin/../lib/gcc/arm-none-eabi/7.3.1/thumb/v7e-m/fpv4-sp/hard/crtbegin.o
LOAD c:/program files (x86)/gnu tools arm embedded/7 2018-q2-update/bin/../lib/gcc/arm-none-eabi/7.3.1/../../../../arm-none-eabi/lib/thumb/v7e-m/fpv4-sp/hard/crt0.o
LOAD _build/nrf52832_xxaa/gcc_startup_nrf52.S.o
LOAD _build/nrf52832_xxaa/nrf_log_backend_rtt.c.o
LOAD _build/nrf52832_xxaa/nrf_log_backend_serial.c.o
LOAD _build/nrf52832_xxaa/nrf_log_backend_uart.c.o
LOAD _build/nrf52832_xxaa/nrf_log_default_backends.c.o
LOAD _build/nrf52832_xxaa/nrf_log_frontend.c.o
LOAD _build/nrf52832_xxaa/nrf_log_str_formatter.c.o
LOAD _build/nrf52832_xxaa/boards.c.o
LOAD _build/nrf52832_xxaa/app_error.c.o
LOAD _build/nrf52832_xxaa/app_error_handler_gcc.c.o
LOAD _build/nrf52832_xxaa/app_error_weak.c.o
LOAD _build/nrf52832_xxaa/app_util_platform.c.o
LOAD _build/nrf52832_xxaa/nrf_assert.c.o
LOAD _build/nrf52832_xxaa/nrf_atomic.c.o
LOAD _build/nrf52832_xxaa/nrf_balloc.c.o
LOAD _build/nrf52832_xxaa/nrf_fprintf.c.o
LOAD _build/nrf52832_xxaa/nrf_fprintf_format.c.o
LOAD _build/nrf52832_xxaa/nrf_memobj.c.o
LOAD _build/nrf52832_xxaa/nrf_strerror.c.o
LOAD _build/nrf52832_xxaa/nrf_drv_twi.c.o
LOAD _build/nrf52832_xxaa/nrf_drv_uart.c.o
LOAD _build/nrf52832_xxaa/nrfx_prs.c.o
LOAD _build/nrf52832_xxaa/nrfx_twi.c.o
LOAD _build/nrf52832_xxaa/nrfx_twim.c.o
LOAD _build/nrf52832_xxaa/nrfx_uart.c.o
LOAD _build/nrf52832_xxaa/nrfx_uarte.c.o
LOAD _build/nrf52832_xxaa/main.c.o
LOAD _build/nrf52832_xxaa/SEGGER_RTT.c.o
LOAD _build/nrf52832_xxaa/SEGGER_RTT_Syscalls_GCC.c.o
LOAD _build/nrf52832_xxaa/SEGGER_RTT_printf.c.o
LOAD _build/nrf52832_xxaa/system_nrf52.c.o
LOAD c:/program files (x86)/gnu tools arm embedded/7 2018-q2-update/bin/../lib/gcc/arm-none-eabi/7.3.1/../../../../arm-none-eabi/lib/thumb/v7e-m/fpv4-sp/hard\libc_nano.a
LOAD c:/program files (x86)/gnu tools arm embedded/7 2018-q2-update/bin/../lib/gcc/arm-none-eabi/7.3.1/../../../../arm-none-eabi/lib/thumb/v7e-m/fpv4-sp/hard\libnosys.a
LOAD c:/program files (x86)/gnu tools arm embedded/7 2018-q2-update/bin/../lib/gcc/arm-none-eabi/7.3.1/../../../../arm-none-eabi/lib/thumb/v7e-m/fpv4-sp/hard\libm.a
START GROUP
LOAD c:/program files (x86)/gnu tools arm embedded/7 2018-q2-update/bin/../lib/gcc/arm-none-eabi/7.3.1/thumb/v7e-m/fpv4-sp/hard\libgcc.a
LOAD c:/program files (x86)/gnu tools arm embedded/7 2018-q2-update/bin/../lib/gcc/arm-none-eabi/7.3.1/../../../../arm-none-eabi/lib/thumb/v7e-m/fpv4-sp/hard\libg_nano.a
LOAD c:/program files (x86)/gnu tools arm embedded/7 2018-q2-update/bin/../lib/gcc/arm-none-eabi/7.3.1/../../../../arm-none-eabi/lib/thumb/v7e-m/fpv4-sp/hard\libc_nano.a
END GROUP
START GROUP
LOAD c:/program files (x86)/gnu tools arm embedded/7 2018-q2-update/bin/../lib/gcc/arm-none-eabi/7.3.1/thumb/v7e-m/fpv4-sp/hard\libgcc.a
LOAD c:/program files (x86)/gnu tools arm embedded/7 2018-q2-update/bin/../lib/gcc/arm-none-eabi/7.3.1/../../../../arm-none-eabi/lib/thumb/v7e-m/fpv4-sp/hard\libc_nano.a
END GROUP
LOAD c:/program files (x86)/gnu tools arm embedded/7 2018-q2-update/bin/../lib/gcc/arm-none-eabi/7.3.1/thumb/v7e-m/fpv4-sp/hard/crtend.o
LOAD c:/program files (x86)/gnu tools arm embedded/7 2018-q2-update/bin/../lib/gcc/arm-none-eabi/7.3.1/thumb/v7e-m/fpv4-sp/hard/crtn.o
START GROUP
LOAD c:/program files (x86)/gnu tools arm embedded/7 2018-q2-update/bin/../lib/gcc/arm-none-eabi/7.3.1/thumb/v7e-m/fpv4-sp/hard\libgcc.a
LOAD c:/program files (x86)/gnu tools arm embedded/7 2018-q2-update/bin/../lib/gcc/arm-none-eabi/7.3.1/../../../../arm-none-eabi/lib/thumb/v7e-m/fpv4-sp/hard\libc.a
LOAD c:/program files (x86)/gnu tools arm embedded/7 2018-q2-update/bin/../lib/gcc/arm-none-eabi/7.3.1/../../../../arm-none-eabi/lib/thumb/v7e-m/fpv4-sp/hard\libnosys.a
END GROUP

.igot.plt       0x200001fc        0x0 load address 0x0000370c
 .igot.plt      0x200001fc        0x0 c:/program files (x86)/gnu tools arm embedded/7 2018-q2-update/bin/../lib/gcc/arm-none-eabi/7.3.1/thumb/v7e-m/fpv4-sp/hard/crtbegin.o
                0x200001fc                . = ALIGN (0x4)

.mem_section_dummy_ram

.log_dynamic_data
                0x200001fc       0x18 load address 0x0000370c
                0x200001fc                PROVIDE (__start_log_dynamic_data = .)
 *(SORT_BY_NAME(.log_dynamic_data*))
 .log_dynamic_data_PRS
                0x200001fc        0x4 _build/nrf52832_xxaa/nrfx_prs.c.o
                0x200001fc                m_nrf_log_PRS_logs_data_dynamic
 .log_dynamic_data_TWIM
                0x20000200        0x4 _build/nrf52832_xxaa/nrfx_twim.c.o
                0x20000200                m_nrf_log_TWIM_logs_data_dynamic
 .log_dynamic_data_UART
                0x20000204        0x4 _build/nrf52832_xxaa/nrfx_uart.c.o
                0x20000204                m_nrf_log_UART_logs_data_dynamic
 .log_dynamic_data_UARTE
                0x20000208        0x4 _build/nrf52832_xxaa/nrfx_uarte.c.o
                0x20000208                m_nrf_log_UARTE_logs_data_dynamic
 .log_dynamic_data_app
                0x2000020c        0x4 _build/nrf52832_xxaa/nrf_log_frontend.c.o
                0x2000020c                m_nrf_log_app_logs_data_dynamic
 .log_dynamic_data_balloc_log_mempool
                0x20000210        0x4 _build/nrf52832_xxaa/nrf_log_frontend.c.o
                0x20000210                m_nrf_log_balloc_log_mempool_logs_data_dynamic
                [!provide]                PROVIDE (__stop_log_dynamic_data = .)

.bss            0x20000214      0x744 load address 0x00003724
                0x20000214                . = ALIGN (0x4)
                0x20000214                __bss_start__ = .
 *(.bss*)
 .bss           0x20000214       0x1c c:/program files (x86)/gnu tools arm embedded/7 2018-q2-update/bin/../lib/gcc/arm-none-eabi/7.3.1/thumb/v7e-m/fpv4-sp/hard/crtbegin.o
 .bss.m_async_mode
                0x20000230        0x1 _build/nrf52832_xxaa/nrf_log_backend_uart.c.o
 *fill*         0x20000231        0x3 
 .bss.m_string_buff
                0x20000234       0x40 _build/nrf52832_xxaa/nrf_log_backend_uart.c.o
 .bss.m_xfer_done
                0x20000274        0x1 _build/nrf52832_xxaa/nrf_log_backend_uart.c.o
 *fill*         0x20000275        0x3 
 .bss.log_mempool_nrf_balloc_cb
                0x20000278        0x8 _build/nrf52832_xxaa/nrf_log_frontend.c.o
 .bss.log_mempool_nrf_balloc_pool_mem
                0x20000280       0xc0 _build/nrf52832_xxaa/nrf_log_frontend.c.o
 .bss.log_mempool_nrf_balloc_pool_stack
                0x20000340        0x8 _build/nrf52832_xxaa/nrf_log_frontend.c.o
 .bss.m_log_data
                0x20000348      0x424 _build/nrf52832_xxaa/nrf_log_frontend.c.o
 .bss.m_in_critical_region
                0x2000076c        0x4 _build/nrf52832_xxaa/app_util_platform.c.o
 .bss.m_contexts
                0x20000770        0x8 _build/nrf52832_xxaa/nrf_drv_twi.c.o
 .bss.m_handlers
                0x20000778        0x8 _build/nrf52832_xxaa/nrf_drv_twi.c.o
 .bss.m_contexts
                0x20000780        0x4 _build/nrf52832_xxaa/nrf_drv_uart.c.o
 .bss.m_handlers
                0x20000784        0x4 _build/nrf52832_xxaa/nrf_drv_uart.c.o
 .bss.m_prs_box_4
                0x20000788        0x8 _build/nrf52832_xxaa/nrfx_prs.c.o
 .bss.m_cb      0x20000790       0x68 _build/nrf52832_xxaa/nrfx_twim.c.o
 .bss.m_cb      0x200007f8       0x2c _build/nrf52832_xxaa/nrfx_uart.c.o
 .bss.m_cb      0x20000824       0x24 _build/nrf52832_xxaa/nrfx_uarte.c.o
 .bss.drv2605_xfer_done
                0x20000848        0x1 _build/nrf52832_xxaa/main.c.o
 .bss.first_read
                0x20000849        0x1 _build/nrf52832_xxaa/main.c.o
 *fill*         0x2000084a        0x2 
 .bss.mgc3130_data
                0x2000084c       0xff _build/nrf52832_xxaa/main.c.o
 *fill*         0x2000094b        0x1 
 .bss.mgc3130_errors
                0x2000094c        0x4 _build/nrf52832_xxaa/main.c.o
 .bss.mgc3130_xfer_done
                0x20000950        0x1 _build/nrf52832_xxaa/main.c.o
 *(COMMON)
 *fill*         0x20000951        0x3 
 COMMON         0x20000954        0x1 _build/nrf52832_xxaa/nrf_drv_uart.c.o
                0x20000954                nrf_drv_uart_use_easy_dma
                0x20000958                . = ALIGN (0x4)
 *fill*         0x20000955        0x3 
                0x20000958                __bss_end__ = .

.heap           0x20000958     0x2000
                0x20000958                __HeapBase = .
                0x20000958                __end__ = .
                [!provide]                PROVIDE (end = .)
 *(.heap*)
 .heap          0x20000958     0x2000 _build/nrf52832_xxaa/gcc_startup_nrf52.S.o
                0x20002958                __HeapLimit = .

.stack_dummy    0x20000958     0x2000
 *(.stack*)
 .stack         0x20000958     0x2000 _build/nrf52832_xxaa/gcc_startup_nrf52.S.o
                0x20010000                __StackTop = (ORIGIN (RAM) + LENGTH (RAM))
                0x2000e000                __StackLimit = (__StackTop - SIZEOF (.stack_dummy))
                0x20010000                PROVIDE (__stack = __StackTop)
                0x00000001                ASSERT ((__StackLimit >= __HeapLimit), region RAM overflowed with stack)
                0x00000214                DataInitFlashUsed = (__bss_start__ - __data_start__)
                0x00003510                CodeFlashUsed = (__etext - ORIGIN (FLASH))
                0x00003724                TotalFlashUsed = (CodeFlashUsed + DataInitFlashUsed)
                0x00000001                ASSERT ((TotalFlashUsed <= LENGTH (FLASH)), region FLASH overflowed with .data and user data)
OUTPUT(_build/nrf52832_xxaa.out elf32-littlearm)

.ARM.attributes
                0x00000000       0x30
 .ARM.attributes
                0x00000000       0x22 c:/program files (x86)/gnu tools arm embedded/7 2018-q2-update/bin/../lib/gcc/arm-none-eabi/7.3.1/thumb/v7e-m/fpv4-sp/hard/crti.o
 .ARM.attributes
                0x00000022       0x34 c:/program files (x86)/gnu tools arm embedded/7 2018-q2-update/bin/../lib/gcc/arm-none-eabi/7.3.1/thumb/v7e-m/fpv4-sp/hard/crtbegin.o
 .ARM.attributes
                0x00000056       0x20 c:/program files (x86)/gnu tools arm embedded/7 2018-q2-update/bin/../lib/gcc/arm-none-eabi/7.3.1/../../../../arm-none-eabi/lib/thumb/v7e-m/fpv4-sp/hard/crt0.o
 .ARM.attributes
                0x00000076       0x20 _build/nrf52832_xxaa/gcc_startup_nrf52.S.o
 .ARM.attributes
                0x00000096       0x39 _build/nrf52832_xxaa/nrf_log_backend_serial.c.o
 .ARM.attributes
                0x000000cf       0x39 _build/nrf52832_xxaa/nrf_log_backend_uart.c.o
 .ARM.attributes
                0x00000108       0x39 _build/nrf52832_xxaa/nrf_log_default_backends.c.o
 .ARM.attributes
                0x00000141       0x39 _build/nrf52832_xxaa/nrf_log_frontend.c.o
 .ARM.attributes
                0x0000017a       0x39 _build/nrf52832_xxaa/nrf_log_str_formatter.c.o
 .ARM.attributes
                0x000001b3       0x39 _build/nrf52832_xxaa/app_error.c.o
 .ARM.attributes
                0x000001ec       0x39 _build/nrf52832_xxaa/app_error_weak.c.o
 .ARM.attributes
                0x00000225       0x39 _build/nrf52832_xxaa/app_util_platform.c.o
 .ARM.attributes
                0x0000025e       0x39 _build/nrf52832_xxaa/nrf_atomic.c.o
 .ARM.attributes
                0x00000297       0x39 _build/nrf52832_xxaa/nrf_balloc.c.o
 .ARM.attributes
                0x000002d0       0x39 _build/nrf52832_xxaa/nrf_fprintf.c.o
 .ARM.attributes
                0x00000309       0x39 _build/nrf52832_xxaa/nrf_fprintf_format.c.o
 .ARM.attributes
                0x00000342       0x39 _build/nrf52832_xxaa/nrf_memobj.c.o
 .ARM.attributes
                0x0000037b       0x39 _build/nrf52832_xxaa/nrf_drv_twi.c.o
 .ARM.attributes
                0x000003b4       0x39 _build/nrf52832_xxaa/nrf_drv_uart.c.o
 .ARM.attributes
                0x000003ed       0x39 _build/nrf52832_xxaa/nrfx_prs.c.o
 .ARM.attributes
                0x00000426       0x39 _build/nrf52832_xxaa/nrfx_twim.c.o
 .ARM.attributes
                0x0000045f       0x39 _build/nrf52832_xxaa/nrfx_uart.c.o
 .ARM.attributes
                0x00000498       0x39 _build/nrf52832_xxaa/nrfx_uarte.c.o
 .ARM.attributes
                0x000004d1       0x39 _build/nrf52832_xxaa/main.c.o
 .ARM.attributes
                0x0000050a       0x39 _build/nrf52832_xxaa/system_nrf52.c.o
 .ARM.attributes
                0x00000543       0x34 c:/program files (x86)/gnu tools arm embedded/7 2018-q2-update/bin/../lib/gcc/arm-none-eabi/7.3.1/../../../../arm-none-eabi/lib/thumb/v7e-m/fpv4-sp/hard\libc_nano.a(lib_a-exit.o)
 .ARM.attributes
                0x00000577       0x34 c:/program files (x86)/gnu tools arm embedded/7 2018-q2-update/bin/../lib/gcc/arm-none-eabi/7.3.1/../../../../arm-none-eabi/lib/thumb/v7e-m/fpv4-sp/hard\libc_nano.a(lib_a-impure.o)
 .ARM.attributes
                0x000005ab       0x34 c:/program files (x86)/gnu tools arm embedded/7 2018-q2-update/bin/../lib/gcc/arm-none-eabi/7.3.1/../../../../arm-none-eabi/lib/thumb/v7e-m/fpv4-sp/hard\libc_nano.a(lib_a-init.o)
 .ARM.attributes
                0x000005df       0x34 c:/program files (x86)/gnu tools arm embedded/7 2018-q2-update/bin/../lib/gcc/arm-none-eabi/7.3.1/../../../../arm-none-eabi/lib/thumb/v7e-m/fpv4-sp/hard\libc_nano.a(lib_a-locale.o)
 .ARM.attributes
                0x00000613       0x34 c:/program files (x86)/gnu tools arm embedded/7 2018-q2-update/bin/../lib/gcc/arm-none-eabi/7.3.1/../../../../arm-none-eabi/lib/thumb/v7e-m/fpv4-sp/hard\libc_nano.a(lib_a-mbtowc_r.o)
 .ARM.attributes
                0x00000647       0x34 c:/program files (x86)/gnu tools arm embedded/7 2018-q2-update/bin/../lib/gcc/arm-none-eabi/7.3.1/../../../../arm-none-eabi/lib/thumb/v7e-m/fpv4-sp/hard\libc_nano.a(lib_a-memcpy-stub.o)
 .ARM.attributes
                0x0000067b       0x34 c:/program files (x86)/gnu tools arm embedded/7 2018-q2-update/bin/../lib/gcc/arm-none-eabi/7.3.1/../../../../arm-none-eabi/lib/thumb/v7e-m/fpv4-sp/hard\libc_nano.a(lib_a-memset.o)
 .ARM.attributes
                0x000006af       0x1b c:/program files (x86)/gnu tools arm embedded/7 2018-q2-update/bin/../lib/gcc/arm-none-eabi/7.3.1/../../../../arm-none-eabi/lib/thumb/v7e-m/fpv4-sp/hard\libc_nano.a(lib_a-strlen.o)
 .ARM.attributes
                0x000006ca       0x34 c:/program files (x86)/gnu tools arm embedded/7 2018-q2-update/bin/../lib/gcc/arm-none-eabi/7.3.1/../../../../arm-none-eabi/lib/thumb/v7e-m/fpv4-sp/hard\libc_nano.a(lib_a-wctomb_r.o)
 .ARM.attributes
                0x000006fe       0x34 c:/program files (x86)/gnu tools arm embedded/7 2018-q2-update/bin/../lib/gcc/arm-none-eabi/7.3.1/../../../../arm-none-eabi/lib/thumb/v7e-m/fpv4-sp/hard\libc_nano.a(lib_a-ctype_.o)
 .ARM.attributes
                0x00000732       0x34 c:/program files (x86)/gnu tools arm embedded/7 2018-q2-update/bin/../lib/gcc/arm-none-eabi/7.3.1/../../../../arm-none-eabi/lib/thumb/v7e-m/fpv4-sp/hard\libnosys.a(_exit.o)
 .ARM.attributes
                0x00000766       0x34 c:/program files (x86)/gnu tools arm embedded/7 2018-q2-update/bin/../lib/gcc/arm-none-eabi/7.3.1/thumb/v7e-m/fpv4-sp/hard/crtend.o
 .ARM.attributes
                0x0000079a       0x22 c:/program files (x86)/gnu tools arm embedded/7 2018-q2-update/bin/../lib/gcc/arm-none-eabi/7.3.1/thumb/v7e-m/fpv4-sp/hard/crtn.o

.comment        0x00000000       0x7f
 .comment       0x00000000       0x7f _build/nrf52832_xxaa/nrf_log_backend_serial.c.o
                                 0x80 (size before relaxing)
 .comment       0x0000007f       0x80 _build/nrf52832_xxaa/nrf_log_backend_uart.c.o
 .comment       0x0000007f       0x80 _build/nrf52832_xxaa/nrf_log_default_backends.c.o
 .comment       0x0000007f       0x80 _build/nrf52832_xxaa/nrf_log_frontend.c.o
 .comment       0x0000007f       0x80 _build/nrf52832_xxaa/nrf_log_str_formatter.c.o
 .comment       0x0000007f       0x80 _build/nrf52832_xxaa/app_error.c.o
 .comment       0x0000007f       0x80 _build/nrf52832_xxaa/app_error_weak.c.o
 .comment       0x0000007f       0x80 _build/nrf52832_xxaa/app_util_platform.c.o
 .comment       0x0000007f       0x80 _build/nrf52832_xxaa/nrf_atomic.c.o
 .comment       0x0000007f       0x80 _build/nrf52832_xxaa/nrf_balloc.c.o
 .comment       0x0000007f       0x80 _build/nrf52832_xxaa/nrf_fprintf.c.o
 .comment       0x0000007f       0x80 _build/nrf52832_xxaa/nrf_fprintf_format.c.o
 .comment       0x0000007f       0x80 _build/nrf52832_xxaa/nrf_memobj.c.o
 .comment       0x0000007f       0x80 _build/nrf52832_xxaa/nrf_drv_twi.c.o
 .comment       0x0000007f       0x80 _build/nrf52832_xxaa/nrf_drv_uart.c.o
 .comment       0x0000007f       0x80 _build/nrf52832_xxaa/nrfx_prs.c.o
 .comment       0x0000007f       0x80 _build/nrf52832_xxaa/nrfx_twim.c.o
 .comment       0x0000007f       0x80 _build/nrf52832_xxaa/nrfx_uart.c.o
 .comment       0x0000007f       0x80 _build/nrf52832_xxaa/nrfx_uarte.c.o
 .comment       0x0000007f       0x80 _build/nrf52832_xxaa/main.c.o
 .comment       0x0000007f       0x80 _build/nrf52832_xxaa/system_nrf52.c.o

.debug_line     0x00000000     0xc7ed
 .debug_line    0x00000000       0x83 _build/nrf52832_xxaa/gcc_startup_nrf52.S.o
 .debug_line    0x00000083      0x7fd _build/nrf52832_xxaa/nrf_log_backend_serial.c.o
 .debug_line    0x00000880      0xa52 _build/nrf52832_xxaa/nrf_log_backend_uart.c.o
 .debug_line    0x000012d2      0x77f _build/nrf52832_xxaa/nrf_log_default_backends.c.o
 .debug_line    0x00001a51      0xe9a _build/nrf52832_xxaa/nrf_log_frontend.c.o
 .debug_line    0x000028eb      0x857 _build/nrf52832_xxaa/nrf_log_str_formatter.c.o
 .debug_line    0x00003142      0x4f7 _build/nrf52832_xxaa/app_error.c.o
 .debug_line    0x00003639      0x7d1 _build/nrf52832_xxaa/app_error_weak.c.o
 .debug_line    0x00003e0a      0x596 _build/nrf52832_xxaa/app_util_platform.c.o
 .debug_line    0x000043a0      0x6a5 _build/nrf52832_xxaa/nrf_atomic.c.o
 .debug_line    0x00004a45      0x73c _build/nrf52832_xxaa/nrf_balloc.c.o
 .debug_line    0x00005181      0x53e _build/nrf52832_xxaa/nrf_fprintf.c.o
 .debug_line    0x000056bf      0x73b _build/nrf52832_xxaa/nrf_fprintf_format.c.o
 .debug_line    0x00005dfa      0x80b _build/nrf52832_xxaa/nrf_memobj.c.o
 .debug_line    0x00006605      0x857 _build/nrf52832_xxaa/nrf_drv_twi.c.o
 .debug_line    0x00006e5c      0x781 _build/nrf52832_xxaa/nrf_drv_uart.c.o
 .debug_line    0x000075dd      0x89c _build/nrf52832_xxaa/nrfx_prs.c.o
 .debug_line    0x00007e79     0x1251 _build/nrf52832_xxaa/nrfx_twim.c.o
 .debug_line    0x000090ca      0xf7f _build/nrf52832_xxaa/nrfx_uart.c.o
 .debug_line    0x0000a049      0xebf _build/nrf52832_xxaa/nrfx_uarte.c.o
 .debug_line    0x0000af08     0x144c _build/nrf52832_xxaa/main.c.o
 .debug_line    0x0000c354      0x499 _build/nrf52832_xxaa/system_nrf52.c.o

.debug_info     0x00000000    0x23ba4
 .debug_info    0x00000000       0x26 _build/nrf52832_xxaa/gcc_startup_nrf52.S.o
 .debug_info    0x00000026     0x101d _build/nrf52832_xxaa/nrf_log_backend_serial.c.o
 .debug_info    0x00001043     0x18f5 _build/nrf52832_xxaa/nrf_log_backend_uart.c.o
 .debug_info    0x00002938      0xb4e _build/nrf52832_xxaa/nrf_log_default_backends.c.o
 .debug_info    0x00003486     0x388c _build/nrf52832_xxaa/nrf_log_frontend.c.o
 .debug_info    0x00006d12     0x1124 _build/nrf52832_xxaa/nrf_log_str_formatter.c.o
 .debug_info    0x00007e36      0xaeb _build/nrf52832_xxaa/app_error.c.o
 .debug_info    0x00008921      0xcab _build/nrf52832_xxaa/app_error_weak.c.o
 .debug_info    0x000095cc      0xfa6 _build/nrf52832_xxaa/app_util_platform.c.o
 .debug_info    0x0000a572     0x122a _build/nrf52832_xxaa/nrf_atomic.c.o
 .debug_info    0x0000b79c      0xc52 _build/nrf52832_xxaa/nrf_balloc.c.o
 .debug_info    0x0000c3ee      0xaa8 _build/nrf52832_xxaa/nrf_fprintf.c.o
 .debug_info    0x0000ce96     0x11eb _build/nrf52832_xxaa/nrf_fprintf_format.c.o
 .debug_info    0x0000e081     0x118c _build/nrf52832_xxaa/nrf_memobj.c.o
 .debug_info    0x0000f20d     0x1bd0 _build/nrf52832_xxaa/nrf_drv_twi.c.o
 .debug_info    0x00010ddd     0x18c8 _build/nrf52832_xxaa/nrf_drv_uart.c.o
 .debug_info    0x000126a5      0xff1 _build/nrf52832_xxaa/nrfx_prs.c.o
 .debug_info    0x00013696     0x3ee5 _build/nrf52832_xxaa/nrfx_twim.c.o
 .debug_info    0x0001757b     0x37f4 _build/nrf52832_xxaa/nrfx_uart.c.o
 .debug_info    0x0001ad6f     0x34dc _build/nrf52832_xxaa/nrfx_uarte.c.o
 .debug_info    0x0001e24b     0x483f _build/nrf52832_xxaa/main.c.o
 .debug_info    0x00022a8a     0x111a _build/nrf52832_xxaa/system_nrf52.c.o

.debug_abbrev   0x00000000     0x4800
 .debug_abbrev  0x00000000       0x14 _build/nrf52832_xxaa/gcc_startup_nrf52.S.o
 .debug_abbrev  0x00000014      0x27f _build/nrf52832_xxaa/nrf_log_backend_serial.c.o
 .debug_abbrev  0x00000293      0x3bb _build/nrf52832_xxaa/nrf_log_backend_uart.c.o
 .debug_abbrev  0x0000064e      0x256 _build/nrf52832_xxaa/nrf_log_default_backends.c.o
 .debug_abbrev  0x000008a4      0x5a7 _build/nrf52832_xxaa/nrf_log_frontend.c.o
 .debug_abbrev  0x00000e4b      0x2ba _build/nrf52832_xxaa/nrf_log_str_formatter.c.o
 .debug_abbrev  0x00001105      0x235 _build/nrf52832_xxaa/app_error.c.o
 .debug_abbrev  0x0000133a      0x298 _build/nrf52832_xxaa/app_error_weak.c.o
 .debug_abbrev  0x000015d2      0x326 _build/nrf52832_xxaa/app_util_platform.c.o
 .debug_abbrev  0x000018f8      0x31f _build/nrf52832_xxaa/nrf_atomic.c.o
 .debug_abbrev  0x00001c17      0x2f1 _build/nrf52832_xxaa/nrf_balloc.c.o
 .debug_abbrev  0x00001f08      0x239 _build/nrf52832_xxaa/nrf_fprintf.c.o
 .debug_abbrev  0x00002141      0x352 _build/nrf52832_xxaa/nrf_fprintf_format.c.o
 .debug_abbrev  0x00002493      0x331 _build/nrf52832_xxaa/nrf_memobj.c.o
 .debug_abbrev  0x000027c4      0x3be _build/nrf52832_xxaa/nrf_drv_twi.c.o
 .debug_abbrev  0x00002b82      0x289 _build/nrf52832_xxaa/nrf_drv_uart.c.o
 .debug_abbrev  0x00002e0b      0x307 _build/nrf52832_xxaa/nrfx_prs.c.o
 .debug_abbrev  0x00003112      0x50d _build/nrf52832_xxaa/nrfx_twim.c.o
 .debug_abbrev  0x0000361f      0x50f _build/nrf52832_xxaa/nrfx_uart.c.o
 .debug_abbrev  0x00003b2e      0x506 _build/nrf52832_xxaa/nrfx_uarte.c.o
 .debug_abbrev  0x00004034      0x5ea _build/nrf52832_xxaa/main.c.o
 .debug_abbrev  0x0000461e      0x1e2 _build/nrf52832_xxaa/system_nrf52.c.o

.debug_aranges  0x00000000      0x648
 .debug_aranges
                0x00000000       0x20 _build/nrf52832_xxaa/gcc_startup_nrf52.S.o
 .debug_aranges
                0x00000020       0x20 _build/nrf52832_xxaa/nrf_log_backend_serial.c.o
 .debug_aranges
                0x00000040       0x48 _build/nrf52832_xxaa/nrf_log_backend_uart.c.o
 .debug_aranges
                0x00000088       0x20 _build/nrf52832_xxaa/nrf_log_default_backends.c.o
 .debug_aranges
                0x000000a8       0xc8 _build/nrf52832_xxaa/nrf_log_frontend.c.o
 .debug_aranges
                0x00000170       0x30 _build/nrf52832_xxaa/nrf_log_str_formatter.c.o
 .debug_aranges
                0x000001a0       0x28 _build/nrf52832_xxaa/app_error.c.o
 .debug_aranges
                0x000001c8       0x20 _build/nrf52832_xxaa/app_error_weak.c.o
 .debug_aranges
                0x000001e8       0x48 _build/nrf52832_xxaa/app_util_platform.c.o
 .debug_aranges
                0x00000230       0xb0 _build/nrf52832_xxaa/nrf_atomic.c.o
 .debug_aranges
                0x000002e0       0x30 _build/nrf52832_xxaa/nrf_balloc.c.o
 .debug_aranges
                0x00000310       0x28 _build/nrf52832_xxaa/nrf_fprintf.c.o
 .debug_aranges
                0x00000338       0x28 _build/nrf52832_xxaa/nrf_fprintf_format.c.o
 .debug_aranges
                0x00000360       0x50 _build/nrf52832_xxaa/nrf_memobj.c.o
 .debug_aranges
                0x000003b0       0x28 _build/nrf52832_xxaa/nrf_drv_twi.c.o
 .debug_aranges
                0x000003d8       0x30 _build/nrf52832_xxaa/nrf_drv_uart.c.o
 .debug_aranges
                0x00000408       0x30 _build/nrf52832_xxaa/nrfx_prs.c.o
 .debug_aranges
                0x00000438       0x78 _build/nrf52832_xxaa/nrfx_twim.c.o
 .debug_aranges
                0x000004b0       0x78 _build/nrf52832_xxaa/nrfx_uart.c.o
 .debug_aranges
                0x00000528       0x68 _build/nrf52832_xxaa/nrfx_uarte.c.o
 .debug_aranges
                0x00000590       0x90 _build/nrf52832_xxaa/main.c.o
 .debug_aranges
                0x00000620       0x28 _build/nrf52832_xxaa/system_nrf52.c.o

.debug_str      0x00000000    0x805c5
 .debug_str     0x00000000       0x9e _build/nrf52832_xxaa/gcc_startup_nrf52.S.o
 .debug_str     0x0000009e    0x6e8bf _build/nrf52832_xxaa/nrf_log_backend_serial.c.o
                              0x70a22 (size before relaxing)
 .debug_str     0x0006e95d     0x80d0 _build/nrf52832_xxaa/nrf_log_backend_uart.c.o
                              0x785b6 (size before relaxing)
 .debug_str     0x00076a2d      0x12e _build/nrf52832_xxaa/nrf_log_default_backends.c.o
                              0x707ba (size before relaxing)
 .debug_str     0x00076b5b     0x1368 _build/nrf52832_xxaa/nrf_log_frontend.c.o
                              0x71c6a (size before relaxing)
 .debug_str     0x00077ec3      0x699 _build/nrf52832_xxaa/nrf_log_str_formatter.c.o
                              0x70e76 (size before relaxing)
 .debug_str     0x0007855c       0xf1 _build/nrf52832_xxaa/app_error.c.o
                              0x60949 (size before relaxing)
 .debug_str     0x0007864d       0xcc _build/nrf52832_xxaa/app_error_weak.c.o
                              0x70ddd (size before relaxing)
 .debug_str     0x00078719      0x3a4 _build/nrf52832_xxaa/app_util_platform.c.o
                              0x6113b (size before relaxing)
 .debug_str     0x00078abd      0x6b6 _build/nrf52832_xxaa/nrf_atomic.c.o
                              0x6cd4a (size before relaxing)
 .debug_str     0x00079173      0x161 _build/nrf52832_xxaa/nrf_balloc.c.o
                              0x70ade (size before relaxing)
 .debug_str     0x000792d4      0x141 _build/nrf52832_xxaa/nrf_fprintf.c.o
                              0x6c9a3 (size before relaxing)
 .debug_str     0x00079415      0x11a _build/nrf52832_xxaa/nrf_fprintf_format.c.o
                              0x6ca98 (size before relaxing)
 .debug_str     0x0007952f      0x1a7 _build/nrf52832_xxaa/nrf_memobj.c.o
                              0x6eede (size before relaxing)
 .debug_str     0x000796d6     0x1b46 _build/nrf52832_xxaa/nrf_drv_twi.c.o
                              0x75bcd (size before relaxing)
 .debug_str     0x0007b21c      0x44e _build/nrf52832_xxaa/nrf_drv_uart.c.o
                              0x7527b (size before relaxing)
 .debug_str     0x0007b66a      0x63a _build/nrf52832_xxaa/nrfx_prs.c.o
                              0x77420 (size before relaxing)
 .debug_str     0x0007bca4     0x108d _build/nrf52832_xxaa/nrfx_twim.c.o
                              0x78e00 (size before relaxing)
 .debug_str     0x0007cd31      0x6ca _build/nrf52832_xxaa/nrfx_uart.c.o
                              0x785c7 (size before relaxing)
 .debug_str     0x0007d3fb      0x8ac _build/nrf52832_xxaa/nrfx_uarte.c.o
                              0x789b8 (size before relaxing)
 .debug_str     0x0007dca7     0x24e4 _build/nrf52832_xxaa/main.c.o
                              0x7bd61 (size before relaxing)
 .debug_str     0x0008018b      0x43a _build/nrf52832_xxaa/system_nrf52.c.o
                              0x5c49f (size before relaxing)

.debug_loc      0x00000000     0xbdd0
 .debug_loc     0x00000000      0x160 _build/nrf52832_xxaa/nrf_log_backend_serial.c.o
 .debug_loc     0x00000160      0x227 _build/nrf52832_xxaa/nrf_log_backend_uart.c.o
 .debug_loc     0x00000387       0x15 _build/nrf52832_xxaa/nrf_log_default_backends.c.o
 .debug_loc     0x0000039c     0x2b8a _build/nrf52832_xxaa/nrf_log_frontend.c.o
 .debug_loc     0x00002f26      0x471 _build/nrf52832_xxaa/nrf_log_str_formatter.c.o
 .debug_loc     0x00003397       0xca _build/nrf52832_xxaa/app_error.c.o
 .debug_loc     0x00003461       0x63 _build/nrf52832_xxaa/app_error_weak.c.o
 .debug_loc     0x000034c4       0xc3 _build/nrf52832_xxaa/app_util_platform.c.o
 .debug_loc     0x00003587      0x35c _build/nrf52832_xxaa/nrf_atomic.c.o
 .debug_loc     0x000038e3      0x21b _build/nrf52832_xxaa/nrf_balloc.c.o
 .debug_loc     0x00003afe       0x4a _build/nrf52832_xxaa/nrf_fprintf.c.o
 .debug_loc     0x00003b48      0xf2c _build/nrf52832_xxaa/nrf_fprintf_format.c.o
 .debug_loc     0x00004a74      0xa0f _build/nrf52832_xxaa/nrf_memobj.c.o
 .debug_loc     0x00005483      0x411 _build/nrf52832_xxaa/nrf_drv_twi.c.o
 .debug_loc     0x00005894      0x1ae _build/nrf52832_xxaa/nrf_drv_uart.c.o
 .debug_loc     0x00005a42       0xc6 _build/nrf52832_xxaa/nrfx_prs.c.o
 .debug_loc     0x00005b08     0x2524 _build/nrf52832_xxaa/nrfx_twim.c.o
 .debug_loc     0x0000802c     0x1976 _build/nrf52832_xxaa/nrfx_uart.c.o
 .debug_loc     0x000099a2     0x13c6 _build/nrf52832_xxaa/nrfx_uarte.c.o
 .debug_loc     0x0000ad68     0x1068 _build/nrf52832_xxaa/main.c.o

.debug_ranges   0x00000000     0x28e0
 .debug_ranges  0x00000000       0x28 _build/nrf52832_xxaa/nrf_log_backend_serial.c.o
 .debug_ranges  0x00000028       0xb0 _build/nrf52832_xxaa/nrf_log_backend_uart.c.o
 .debug_ranges  0x000000d8       0x10 _build/nrf52832_xxaa/nrf_log_default_backends.c.o
 .debug_ranges  0x000000e8      0x8c0 _build/nrf52832_xxaa/nrf_log_frontend.c.o
 .debug_ranges  0x000009a8       0xb0 _build/nrf52832_xxaa/nrf_log_str_formatter.c.o
 .debug_ranges  0x00000a58       0x18 _build/nrf52832_xxaa/app_error.c.o
 .debug_ranges  0x00000a70       0x10 _build/nrf52832_xxaa/app_error_weak.c.o
 .debug_ranges  0x00000a80       0x50 _build/nrf52832_xxaa/app_util_platform.c.o
 .debug_ranges  0x00000ad0       0xb8 _build/nrf52832_xxaa/nrf_atomic.c.o
 .debug_ranges  0x00000b88       0x38 _build/nrf52832_xxaa/nrf_balloc.c.o
 .debug_ranges  0x00000bc0       0x18 _build/nrf52832_xxaa/nrf_fprintf.c.o
 .debug_ranges  0x00000bd8      0x1e8 _build/nrf52832_xxaa/nrf_fprintf_format.c.o
 .debug_ranges  0x00000dc0       0xa8 _build/nrf52832_xxaa/nrf_memobj.c.o
 .debug_ranges  0x00000e68       0xb0 _build/nrf52832_xxaa/nrf_drv_twi.c.o
 .debug_ranges  0x00000f18       0x20 _build/nrf52832_xxaa/nrf_drv_uart.c.o
 .debug_ranges  0x00000f38       0x38 _build/nrf52832_xxaa/nrfx_prs.c.o
 .debug_ranges  0x00000f70      0x748 _build/nrf52832_xxaa/nrfx_twim.c.o
 .debug_ranges  0x000016b8      0x4a0 _build/nrf52832_xxaa/nrfx_uart.c.o
 .debug_ranges  0x00001b58      0x420 _build/nrf52832_xxaa/nrfx_uarte.c.o
 .debug_ranges  0x00001f78      0x800 _build/nrf52832_xxaa/main.c.o
 .debug_ranges  0x00002778      0x168 _build/nrf52832_xxaa/system_nrf52.c.o

.debug_macro    0x00000000     0x6c84
 .debug_macro   0x00000000      0x36c _build/nrf52832_xxaa/nrf_log_backend_serial.c.o
 .debug_macro   0x0000036c       0x16 _build/nrf52832_xxaa/nrf_log_backend_serial.c.o
 .debug_macro   0x00000382       0x22 _build/nrf52832_xxaa/nrf_log_backend_serial.c.o
 .debug_macro   0x000003a4       0x1c _build/nrf52832_xxaa/nrf_log_backend_serial.c.o
 .debug_macro   0x000003c0       0x10 _build/nrf52832_xxaa/nrf_log_backend_serial.c.o
 .debug_macro   0x000003d0       0x10 _build/nrf52832_xxaa/nrf_log_backend_serial.c.o
 .debug_macro   0x000003e0       0xb6 _build/nrf52832_xxaa/nrf_log_backend_serial.c.o
 .debug_macro   0x00000496       0x16 _build/nrf52832_xxaa/nrf_log_backend_serial.c.o
 .debug_macro   0x000004ac      0x129 _build/nrf52832_xxaa/nrf_log_backend_serial.c.o
 .debug_macro   0x000005d5       0x49 _build/nrf52832_xxaa/nrf_log_backend_serial.c.o
 .debug_macro   0x0000061e       0x8c _build/nrf52832_xxaa/nrf_log_backend_serial.c.o
 .debug_macro   0x000006aa       0x31 _build/nrf52832_xxaa/nrf_log_backend_serial.c.o
 .debug_macro   0x000006db       0x46 _build/nrf52832_xxaa/nrf_log_backend_serial.c.o
 .debug_macro   0x00000721       0x98 _build/nrf52832_xxaa/nrf_log_backend_serial.c.o
 .debug_macro   0x000007b9       0x10 _build/nrf52832_xxaa/nrf_log_backend_serial.c.o
 .debug_macro   0x000007c9       0x22 _build/nrf52832_xxaa/nrf_log_backend_serial.c.o
 .debug_macro   0x000007eb       0x1c _build/nrf52832_xxaa/nrf_log_backend_serial.c.o
 .debug_macro   0x00000807      0x181 _build/nrf52832_xxaa/nrf_log_backend_serial.c.o
 .debug_macro   0x00000988      0x439 _build/nrf52832_xxaa/nrf_log_backend_uart.c.o
 .debug_macro   0x00000dc1      0x3a3 _build/nrf52832_xxaa/nrf_log_backend_uart.c.o
 .debug_macro   0x00001164       0x36 _build/nrf52832_xxaa/nrf_log_backend_uart.c.o
 .debug_macro   0x0000119a      0xe7b _build/nrf52832_xxaa/nrf_log_backend_uart.c.o
 .debug_macro   0x00002015      0x11f _build/nrf52832_xxaa/nrf_log_backend_uart.c.o
 .debug_macro   0x00002134       0x5a _build/nrf52832_xxaa/nrf_log_backend_uart.c.o
 .debug_macro   0x0000218e       0x16 _build/nrf52832_xxaa/nrf_log_backend_uart.c.o
 .debug_macro   0x000021a4       0x82 _build/nrf52832_xxaa/nrf_log_backend_uart.c.o
 .debug_macro   0x00002226       0x64 _build/nrf52832_xxaa/nrf_log_backend_uart.c.o
 .debug_macro   0x0000228a       0x20 _build/nrf52832_xxaa/nrf_log_backend_uart.c.o
 .debug_macro   0x000022aa       0x10 _build/nrf52832_xxaa/nrf_log_backend_uart.c.o
 .debug_macro   0x000022ba       0x10 _build/nrf52832_xxaa/nrf_log_backend_uart.c.o
 .debug_macro   0x000022ca       0x10 _build/nrf52832_xxaa/nrf_log_backend_uart.c.o
 .debug_macro   0x000022da       0x10 _build/nrf52832_xxaa/nrf_log_backend_uart.c.o
 .debug_macro   0x000022ea       0x10 _build/nrf52832_xxaa/nrf_log_backend_uart.c.o
 .debug_macro   0x000022fa       0x2d _build/nrf52832_xxaa/nrf_log_backend_uart.c.o
 .debug_macro   0x00002327      0x35d _build/nrf52832_xxaa/nrf_log_default_backends.c.o
 .debug_macro   0x00002684       0x10 _build/nrf52832_xxaa/nrf_log_default_backends.c.o
 .debug_macro   0x00002694      0x3be _build/nrf52832_xxaa/nrf_log_frontend.c.o
 .debug_macro   0x00002a52       0x16 _build/nrf52832_xxaa/nrf_log_frontend.c.o
 .debug_macro   0x00002a68       0x9a _build/nrf52832_xxaa/nrf_log_frontend.c.o
 .debug_macro   0x00002b02       0x9e _build/nrf52832_xxaa/nrf_log_frontend.c.o
 .debug_macro   0x00002ba0      0x3a8 _build/nrf52832_xxaa/nrf_log_str_formatter.c.o
 .debug_macro   0x00002f48       0x9c _build/nrf52832_xxaa/nrf_log_str_formatter.c.o
 .debug_macro   0x00002fe4      0x21f _build/nrf52832_xxaa/app_error.c.o
 .debug_macro   0x00003203       0x35 _build/nrf52832_xxaa/app_error.c.o
 .debug_macro   0x00003238       0x97 _build/nrf52832_xxaa/app_error.c.o
 .debug_macro   0x000032cf       0xf6 _build/nrf52832_xxaa/app_error.c.o
 .debug_macro   0x000033c5      0x358 _build/nrf52832_xxaa/app_error_weak.c.o
 .debug_macro   0x0000371d       0x16 _build/nrf52832_xxaa/app_error_weak.c.o
 .debug_macro   0x00003733       0x92 _build/nrf52832_xxaa/app_error_weak.c.o
 .debug_macro   0x000037c5      0x235 _build/nrf52832_xxaa/app_util_platform.c.o
 .debug_macro   0x000039fa      0x223 _build/nrf52832_xxaa/nrf_atomic.c.o
 .debug_macro   0x00003c1d       0x42 _build/nrf52832_xxaa/nrf_atomic.c.o
 .debug_macro   0x00003c5f      0x326 _build/nrf52832_xxaa/nrf_balloc.c.o
 .debug_macro   0x00003f85       0x10 _build/nrf52832_xxaa/nrf_balloc.c.o
 .debug_macro   0x00003f95      0x22f _build/nrf52832_xxaa/nrf_fprintf.c.o
 .debug_macro   0x000041c4       0x58 _build/nrf52832_xxaa/nrf_fprintf.c.o
 .debug_macro   0x0000421c      0x241 _build/nrf52832_xxaa/nrf_fprintf_format.c.o
 .debug_macro   0x0000445d      0x309 _build/nrf52832_xxaa/nrf_memobj.c.o
 .debug_macro   0x00004766      0x10e _build/nrf52832_xxaa/nrf_memobj.c.o
 .debug_macro   0x00004874       0x86 _build/nrf52832_xxaa/nrf_memobj.c.o
 .debug_macro   0x000048fa       0x54 _build/nrf52832_xxaa/nrf_memobj.c.o
 .debug_macro   0x0000494e      0x37c _build/nrf52832_xxaa/nrf_drv_twi.c.o
 .debug_macro   0x00004cca       0x50 _build/nrf52832_xxaa/nrf_drv_twi.c.o
 .debug_macro   0x00004d1a       0x38 _build/nrf52832_xxaa/nrf_drv_twi.c.o
 .debug_macro   0x00004d52       0x7f _build/nrf52832_xxaa/nrf_drv_twi.c.o
 .debug_macro   0x00004dd1       0x10 _build/nrf52832_xxaa/nrf_drv_twi.c.o
 .debug_macro   0x00004de1       0x1c _build/nrf52832_xxaa/nrf_drv_twi.c.o
 .debug_macro   0x00004dfd      0x34f _build/nrf52832_xxaa/nrf_drv_uart.c.o
 .debug_macro   0x0000514c      0x3bc _build/nrf52832_xxaa/nrfx_prs.c.o
 .debug_macro   0x00005508       0x28 _build/nrf52832_xxaa/nrfx_prs.c.o
 .debug_macro   0x00005530       0x1c _build/nrf52832_xxaa/nrfx_prs.c.o
 .debug_macro   0x0000554c       0x37 _build/nrf52832_xxaa/nrfx_prs.c.o
 .debug_macro   0x00005583      0x17b _build/nrf52832_xxaa/nrfx_prs.c.o
 .debug_macro   0x000056fe       0x42 _build/nrf52832_xxaa/nrfx_prs.c.o
 .debug_macro   0x00005740      0x3fc _build/nrf52832_xxaa/nrfx_twim.c.o
 .debug_macro   0x00005b3c      0x3d7 _build/nrf52832_xxaa/nrfx_uart.c.o
 .debug_macro   0x00005f13      0x3e9 _build/nrf52832_xxaa/nrfx_uarte.c.o
 .debug_macro   0x000062fc      0x488 _build/nrf52832_xxaa/main.c.o
 .debug_macro   0x00006784       0x58 _build/nrf52832_xxaa/main.c.o
 .debug_macro   0x000067dc       0x5c _build/nrf52832_xxaa/main.c.o
 .debug_macro   0x00006838       0x57 _build/nrf52832_xxaa/main.c.o
 .debug_macro   0x0000688f       0x10 _build/nrf52832_xxaa/main.c.o
 .debug_macro   0x0000689f      0x1e8 _build/nrf52832_xxaa/main.c.o
 .debug_macro   0x00006a87      0x10c _build/nrf52832_xxaa/main.c.o
 .debug_macro   0x00006b93       0xf1 _build/nrf52832_xxaa/system_nrf52.c.o

.debug_frame    0x00000000     0x131c
 .debug_frame   0x00000000       0x40 _build/nrf52832_xxaa/nrf_log_backend_serial.c.o
 .debug_frame   0x00000040       0xb0 _build/nrf52832_xxaa/nrf_log_backend_uart.c.o
 .debug_frame   0x000000f0       0x28 _build/nrf52832_xxaa/nrf_log_default_backends.c.o
 .debug_frame   0x00000118      0x2fc _build/nrf52832_xxaa/nrf_log_frontend.c.o
 .debug_frame   0x00000414       0x7c _build/nrf52832_xxaa/nrf_log_str_formatter.c.o
 .debug_frame   0x00000490       0x54 _build/nrf52832_xxaa/app_error.c.o
 .debug_frame   0x000004e4       0x28 _build/nrf52832_xxaa/app_error_weak.c.o
 .debug_frame   0x0000050c       0x70 _build/nrf52832_xxaa/app_util_platform.c.o
 .debug_frame   0x0000057c      0x150 _build/nrf52832_xxaa/nrf_atomic.c.o
 .debug_frame   0x000006cc       0x6c _build/nrf52832_xxaa/nrf_balloc.c.o
 .debug_frame   0x00000738       0x5c _build/nrf52832_xxaa/nrf_fprintf.c.o
 .debug_frame   0x00000794       0x9c _build/nrf52832_xxaa/nrf_fprintf_format.c.o
 .debug_frame   0x00000830       0xd8 _build/nrf52832_xxaa/nrf_memobj.c.o
 .debug_frame   0x00000908       0x6c _build/nrf52832_xxaa/nrf_drv_twi.c.o
 .debug_frame   0x00000974       0x7c _build/nrf52832_xxaa/nrf_drv_uart.c.o
 .debug_frame   0x000009f0       0x4c _build/nrf52832_xxaa/nrfx_prs.c.o
 .debug_frame   0x00000a3c      0x1ec _build/nrf52832_xxaa/nrfx_twim.c.o
 .debug_frame   0x00000c28      0x198 _build/nrf52832_xxaa/nrfx_uart.c.o
 .debug_frame   0x00000dc0      0x188 _build/nrf52832_xxaa/nrfx_uarte.c.o
 .debug_frame   0x00000f48      0x1ec _build/nrf52832_xxaa/main.c.o
 .debug_frame   0x00001134       0x40 _build/nrf52832_xxaa/system_nrf52.c.o
 .debug_frame   0x00001174       0x28 c:/program files (x86)/gnu tools arm embedded/7 2018-q2-update/bin/../lib/gcc/arm-none-eabi/7.3.1/../../../../arm-none-eabi/lib/thumb/v7e-m/fpv4-sp/hard\libc_nano.a(lib_a-exit.o)
 .debug_frame   0x0000119c       0x2c c:/program files (x86)/gnu tools arm embedded/7 2018-q2-update/bin/../lib/gcc/arm-none-eabi/7.3.1/../../../../arm-none-eabi/lib/thumb/v7e-m/fpv4-sp/hard\libc_nano.a(lib_a-init.o)
 .debug_frame   0x000011c8       0x68 c:/program files (x86)/gnu tools arm embedded/7 2018-q2-update/bin/../lib/gcc/arm-none-eabi/7.3.1/../../../../arm-none-eabi/lib/thumb/v7e-m/fpv4-sp/hard\libc_nano.a(lib_a-locale.o)
 .debug_frame   0x00001230       0x48 c:/program files (x86)/gnu tools arm embedded/7 2018-q2-update/bin/../lib/gcc/arm-none-eabi/7.3.1/../../../../arm-none-eabi/lib/thumb/v7e-m/fpv4-sp/hard\libc_nano.a(lib_a-mbtowc_r.o)
 .debug_frame   0x00001278       0x28 c:/program files (x86)/gnu tools arm embedded/7 2018-q2-update/bin/../lib/gcc/arm-none-eabi/7.3.1/../../../../arm-none-eabi/lib/thumb/v7e-m/fpv4-sp/hard\libc_nano.a(lib_a-memcpy-stub.o)
 .debug_frame   0x000012a0       0x20 c:/program files (x86)/gnu tools arm embedded/7 2018-q2-update/bin/../lib/gcc/arm-none-eabi/7.3.1/../../../../arm-none-eabi/lib/thumb/v7e-m/fpv4-sp/hard\libc_nano.a(lib_a-memset.o)
 .debug_frame   0x000012c0       0x3c c:/program files (x86)/gnu tools arm embedded/7 2018-q2-update/bin/../lib/gcc/arm-none-eabi/7.3.1/../../../../arm-none-eabi/lib/thumb/v7e-m/fpv4-sp/hard\libc_nano.a(lib_a-wctomb_r.o)
 .debug_frame   0x000012fc       0x20 c:/program files (x86)/gnu tools arm embedded/7 2018-q2-update/bin/../lib/gcc/arm-none-eabi/7.3.1/../../../../arm-none-eabi/lib/thumb/v7e-m/fpv4-sp/hard\libnosys.a(_exit.o)
